Archive member included to satisfy reference by file (symbol)

/home/david/lab/toolchain/gcc-arm-none-eabi-10.3-2021.10/bin/../lib/gcc/arm-none-eabi/10.3.1/thumb/v6-m/nofp/libgcc.a(_dvmd_tls.o)
                              CMakeFiles/pratica04.dir/home/david/Documentos/RTOS/pico/pico-sdk/src/rp2_common/pico_divider/divider_hardware.S.o (__aeabi_idiv0)
/home/david/lab/toolchain/gcc-arm-none-eabi-10.3-2021.10/bin/../lib/gcc/arm-none-eabi/10.3.1/../../../../arm-none-eabi/lib/thumb/v6-m/nofp/libg.a(lib_a-calloc.o)
                              CMakeFiles/pratica04.dir/home/david/Documentos/RTOS/pico/pico-sdk/src/rp2_common/pico_malloc/malloc.c.o (calloc)
/home/david/lab/toolchain/gcc-arm-none-eabi-10.3-2021.10/bin/../lib/gcc/arm-none-eabi/10.3.1/../../../../arm-none-eabi/lib/thumb/v6-m/nofp/libg.a(lib_a-callocr.o)
                              /home/david/lab/toolchain/gcc-arm-none-eabi-10.3-2021.10/bin/../lib/gcc/arm-none-eabi/10.3.1/../../../../arm-none-eabi/lib/thumb/v6-m/nofp/libg.a(lib_a-calloc.o) (_calloc_r)
/home/david/lab/toolchain/gcc-arm-none-eabi-10.3-2021.10/bin/../lib/gcc/arm-none-eabi/10.3.1/../../../../arm-none-eabi/lib/thumb/v6-m/nofp/libg.a(lib_a-errno.o)
                              /home/david/lab/toolchain/gcc-arm-none-eabi-10.3-2021.10/bin/../lib/gcc/arm-none-eabi/10.3.1/../../../../arm-none-eabi/lib/thumb/v6-m/nofp/libg.a(lib_a-callocr.o) (__errno)
/home/david/lab/toolchain/gcc-arm-none-eabi-10.3-2021.10/bin/../lib/gcc/arm-none-eabi/10.3.1/../../../../arm-none-eabi/lib/thumb/v6-m/nofp/libg.a(lib_a-impure.o)
                              /home/david/lab/toolchain/gcc-arm-none-eabi-10.3-2021.10/bin/../lib/gcc/arm-none-eabi/10.3.1/../../../../arm-none-eabi/lib/thumb/v6-m/nofp/libg.a(lib_a-calloc.o) (_impure_ptr)
/home/david/lab/toolchain/gcc-arm-none-eabi-10.3-2021.10/bin/../lib/gcc/arm-none-eabi/10.3.1/../../../../arm-none-eabi/lib/thumb/v6-m/nofp/libg.a(lib_a-init.o)
                              /home/david/lab/toolchain/gcc-arm-none-eabi-10.3-2021.10/bin/../lib/gcc/arm-none-eabi/10.3.1/../../../../arm-none-eabi/lib/thumb/v6-m/nofp/crt0.o (__libc_init_array)
/home/david/lab/toolchain/gcc-arm-none-eabi-10.3-2021.10/bin/../lib/gcc/arm-none-eabi/10.3.1/../../../../arm-none-eabi/lib/thumb/v6-m/nofp/libg.a(lib_a-lcltime_r.o)
                              CMakeFiles/pratica04.dir/home/david/Documentos/RTOS/pico/pico-sdk/src/common/pico_util/datetime.c.o (localtime_r)
/home/david/lab/toolchain/gcc-arm-none-eabi-10.3-2021.10/bin/../lib/gcc/arm-none-eabi/10.3.1/../../../../arm-none-eabi/lib/thumb/v6-m/nofp/libg.a(lib_a-malloc.o)
                              CMakeFiles/pratica04.dir/home/david/Documentos/RTOS/pico/pico-sdk/src/rp2_common/pico_malloc/malloc.c.o (malloc)
/home/david/lab/toolchain/gcc-arm-none-eabi-10.3-2021.10/bin/../lib/gcc/arm-none-eabi/10.3.1/../../../../arm-none-eabi/lib/thumb/v6-m/nofp/libg.a(lib_a-mallocr.o)
                              /home/david/lab/toolchain/gcc-arm-none-eabi-10.3-2021.10/bin/../lib/gcc/arm-none-eabi/10.3.1/../../../../arm-none-eabi/lib/thumb/v6-m/nofp/libg.a(lib_a-callocr.o) (_malloc_r)
/home/david/lab/toolchain/gcc-arm-none-eabi-10.3-2021.10/bin/../lib/gcc/arm-none-eabi/10.3.1/../../../../arm-none-eabi/lib/thumb/v6-m/nofp/libg.a(lib_a-memcmp.o)
                              CMakeFiles/pratica04.dir/home/david/Documentos/RTOS/pico/pico-sdk/src/rp2_common/pico_atomic/atomic.c.o (memcmp)
/home/david/lab/toolchain/gcc-arm-none-eabi-10.3-2021.10/bin/../lib/gcc/arm-none-eabi/10.3.1/../../../../arm-none-eabi/lib/thumb/v6-m/nofp/libg.a(lib_a-memmove.o)
                              CMakeFiles/pratica04.dir/home/david/Documentos/RTOS/pico/pico-sdk/lib/cyw43-driver/src/cyw43_ll.c.o (memmove)
/home/david/lab/toolchain/gcc-arm-none-eabi-10.3-2021.10/bin/../lib/gcc/arm-none-eabi/10.3.1/../../../../arm-none-eabi/lib/thumb/v6-m/nofp/libg.a(lib_a-mktime.o)
                              CMakeFiles/pratica04.dir/home/david/Documentos/RTOS/pico/pico-sdk/src/common/pico_util/datetime.c.o (mktime)
/home/david/lab/toolchain/gcc-arm-none-eabi-10.3-2021.10/bin/../lib/gcc/arm-none-eabi/10.3.1/../../../../arm-none-eabi/lib/thumb/v6-m/nofp/libg.a(lib_a-mlock.o)
                              /home/david/lab/toolchain/gcc-arm-none-eabi-10.3-2021.10/bin/../lib/gcc/arm-none-eabi/10.3.1/../../../../arm-none-eabi/lib/thumb/v6-m/nofp/libg.a(lib_a-mallocr.o) (__malloc_lock)
/home/david/lab/toolchain/gcc-arm-none-eabi-10.3-2021.10/bin/../lib/gcc/arm-none-eabi/10.3.1/../../../../arm-none-eabi/lib/thumb/v6-m/nofp/libg.a(lib_a-month_lengths.o)
                              /home/david/lab/toolchain/gcc-arm-none-eabi-10.3-2021.10/bin/../lib/gcc/arm-none-eabi/10.3.1/../../../../arm-none-eabi/lib/thumb/v6-m/nofp/libg.a(lib_a-lcltime_r.o) (__month_lengths)
/home/david/lab/toolchain/gcc-arm-none-eabi-10.3-2021.10/bin/../lib/gcc/arm-none-eabi/10.3.1/../../../../arm-none-eabi/lib/thumb/v6-m/nofp/libg.a(lib_a-realloc.o)
[...]
Memory Configuration

Name             Origin             Length             Attributes
FLASH            0x0000000010000000 0x0000000000200000 xr
RAM              0x0000000020000000 0x0000000000040000 xrw
SCRATCH_X        0x0000000020040000 0x0000000000001000 xrw
SCRATCH_Y        0x0000000020041000 0x0000000000001000 xrw
*default*        0x0000000000000000 0xffffffffffffffff

Linker script and memory map

LOAD /home/david/lab/toolchain/gcc-arm-none-eabi-10.3-2021.10/bin/../lib/gcc/arm-none-eabi/10.3.1/thumb/v6-m/nofp/crti.o
LOAD /home/david/lab/toolchain/gcc-arm-none-eabi-10.3-2021.10/bin/../lib/gcc/arm-none-eabi/10.3.1/thumb/v6-m/nofp/crtbegin.o
LOAD /home/david/lab/toolchain/gcc-arm-none-eabi-10.3-2021.10/bin/../lib/gcc/arm-none-eabi/10.3.1/../../../../arm-none-eabi/lib/thumb/v6-m/nofp/crt0.o

.flash_begin    0x0000000010000000        0x0
                0x0000000010000000                __flash_binary_start = .

.boot2          0x0000000010000000      0x100
                0x0000000010000000                __boot2_start__ = .
 *(.boot2)
 .boot2         0x0000000010000000      0x100 pico-sdk/src/rp2040/boot_stage2/CMakeFiles/bs2_default_library.dir/bs2_default_padded_checksummed.S.o
                0x0000000010000100                __boot2_end__ = .
                0x0000000000000001                ASSERT (((__boot2_end__ - __boot2_start__) == 0x100), ERROR: Pico second stage bootloader must be 256 bytes in size)

.text           0x0000000010000100     0x8bc8
                0x0000000010000100                __logical_binary_start = .
 *(.vectors)
 .vectors       0x0000000010000100       0xd4 CMakeFiles/pratica04.dir/home/david/Documentos/RTOS/pico/pico-sdk/src/rp2_common/pico_crt0/crt0.S.o
                0x0000000010000100                __vectors
                0x0000000010000100                __VECTOR_TABLE
                0x00000000100001c0                isr_invalid
                0x00000000100001c0                __default_isrs_start
                0x00000000100001c2                isr_nmi
                0x00000000100001c4                isr_hardfault
                0x00000000100001c6                isr_svcall
                0x00000000100001c8                isr_pendsv
                0x00000000100001ca                isr_systick
                0x00000000100001cc                isr_irq30
                0x00000000100001cc                __unhandled_user_irq
                0x00000000100001cc                isr_irq13
                0x00000000100001cc                isr_irq27
                0x00000000100001cc                isr_irq31
                0x00000000100001cc                isr_irq5
                0x00000000100001cc                isr_irq11
                0x00000000100001cc                isr_irq23
                0x00000000100001cc                isr_irq18
                0x00000000100001cc                isr_irq28
                0x00000000100001cc                isr_irq19
                0x00000000100001cc                isr_irq0
                0x00000000100001cc                isr_irq6
                0x00000000100001cc                isr_irq22
                0x00000000100001cc                isr_irq17
                0x00000000100001cc                isr_irq14
                0x00000000100001cc                isr_irq2
                0x00000000100001cc                isr_irq10
                0x00000000100001cc                isr_irq8
                0x00000000100001cc                isr_irq24
                0x00000000100001cc                isr_irq1
                0x00000000100001cc                isr_irq7
                0x00000000100001cc                isr_irq21
                0x00000000100001cc                isr_irq20
                0x00000000100001cc                isr_irq15
                0x00000000100001cc                isr_irq25
                0x00000000100001cc                isr_irq4
                0x00000000100001cc                isr_irq16
                0x00000000100001cc                isr_irq29
                0x00000000100001cc                isr_irq26
                0x00000000100001cc                __default_isrs_end
                0x00000000100001cc                isr_irq3
                0x00000000100001cc                isr_irq12
                0x00000000100001cc                isr_irq9
                0x00000000100001d2                unhandled_user_irq_num_in_r0
 *(.binary_info_header)
 .binary_info_header
                0x00000000100001d4       0x14 CMakeFiles/pratica04.dir/home/david/Documentos/RTOS/pico/pico-sdk/src/rp2_common/pico_crt0/crt0.S.o
                0x00000000100001e8                __binary_info_header_end = .
 *(.embedded_block)
                0x00000000100001e8                __embedded_block_end = .
 *(.reset)
 .reset         0x00000000100001e8       0x9c CMakeFiles/pratica04.dir/home/david/Documentos/RTOS/pico/pico-sdk/src/rp2_common/pico_crt0/crt0.S.o
                0x00000000100001e8                _entry_point
 *(.init)
 .init          0x0000000010000284        0x4 /home/david/lab/toolchain/gcc-arm-none-eabi-10.3-2021.10/bin/../lib/gcc/arm-none-eabi/10.3.1/thumb/v6-m/nofp/crti.o
                0x0000000010000284                _init
 *(EXCLUDE_FILE(*libm.a: *libc.a:*lib_a-mem*.o *libgcc.a:) .text*)
 .text          0x0000000010000288       0x48 /home/david/lab/toolchain/gcc-arm-none-eabi-10.3-2021.10/bin/../lib/gcc/arm-none-eabi/10.3.1/thumb/v6-m/nofp/crtbegin.o
 .text.taskBotao
                0x00000000100002d0       0x3c CMakeFiles/pratica04.dir/src/main.c.o
                0x00000000100002d0                taskBotao
 .text.taskLed  0x000000001000030c       0x5c CMakeFiles/pratica04.dir/src/main.c.o
                0x000000001000030c                taskLed
 .text.gpio_callback
                0x0000000010000368       0x38 CMakeFiles/pratica04.dir/src/main.c.o
                0x0000000010000368                gpio_callback
 .text.setup_gpio
                0x00000000100003a0       0x3c CMakeFiles/pratica04.dir/src/main.c.o
                0x00000000100003a0                setup_gpio
 .text.startup.main
                0x00000000100003dc       0x70 CMakeFiles/pratica04.dir/src/main.c.o
                0x00000000100003dc                main
 .text.rp2040_chip_version
                0x000000001000044c        0xc CMakeFiles/pratica04.dir/home/david/Documentos/RTOS/pico/pico-sdk/src/rp2040/pico_platform/platform.c.o
                0x000000001000044c                rp2040_chip_version
 .text.panic    0x0000000010000458       0x30 CMakeFiles/pratica04.dir/home/david/Documentos/RTOS/pico/pico-sdk/src/rp2_common/pico_platform_panic/panic.c.o
                0x0000000010000458                panic
 .text.panic_unsupported
                0x0000000010000488        0xc CMakeFiles/pratica04.dir/home/david/Documentos/RTOS/pico/pico-sdk/src/rp2_common/pico_platform_panic/panic.c.o
                0x0000000010000488                panic_unsupported
 .text.hw_claim_or_assert
                0x0000000010000494       0x44 CMakeFiles/pratica04.dir/home/david/Documentos/RTOS/pico/pico-sdk/src/common/hardware_claim/claim.c.o
                0x0000000010000494                hw_claim_or_assert
 .text.hw_claim_unused_from_range
                0x00000000100004d8       0x9c CMakeFiles/pratica04.dir/home/david/Documentos/RTOS/pico/pico-sdk/src/common/hardware_claim/claim.c.o
                0x00000000100004d8                hw_claim_unused_from_range
 .text.next_striped_spin_lock_num
                0x0000000010000574       0x18 CMakeFiles/pratica04.dir/home/david/Documentos/RTOS/pico/pico-sdk/src/rp2_common/hardware_sync/sync.c.o
                0x0000000010000574                next_striped_spin_lock_num
 .text.spin_lock_claim_unused
                0x000000001000058c       0x20 CMakeFiles/pratica04.dir/home/david/Documentos/RTOS/pico/pico-sdk/src/rp2_common/hardware_sync/sync.c.o
                0x000000001000058c                spin_lock_claim_unused
 .text.spin_locks_reset
                0x00000000100005ac       0x1c CMakeFiles/pratica04.dir/home/david/Documentos/RTOS/pico/pico-sdk/src/rp2_common/hardware_sync_spin_lock/sync_spin_lock.c.o
                0x00000000100005ac                spin_locks_reset
 .text.gpio_default_irq_handler
                0x00000000100005c8      0x270 CMakeFiles/pratica04.dir/home/david/Documentos/RTOS/pico/pico-sdk/src/rp2_common/hardware_gpio/gpio.c.o
 .text.gpio_set_pulls
                0x0000000010000838       0x34 CMakeFiles/pratica04.dir/home/david/Documentos/RTOS/pico/pico-sdk/src/rp2_common/hardware_gpio/gpio.c.o
                0x0000000010000838                gpio_set_pulls
 .text.gpio_set_irq_enabled_with_callback
                0x000000001000086c       0xd0 CMakeFiles/pratica04.dir/home/david/Documentos/RTOS/pico/pico-sdk/src/rp2_common/hardware_gpio/gpio.c.o
                0x000000001000086c                gpio_set_irq_enabled_with_callback
 .text.gpio_init
                0x000000001000093c       0x40 CMakeFiles/pratica04.dir/home/david/Documentos/RTOS/pico/pico-sdk/src/rp2_common/hardware_gpio/gpio.c.o
                0x000000001000093c                gpio_init
 .text.runtime_init_per_core_irq_priorities
                0x000000001000097c       0x24 CMakeFiles/pratica04.dir/home/david/Documentos/RTOS/pico/pico-sdk/src/rp2_common/hardware_irq/irq.c.o
                0x000000001000097c                runtime_init_per_core_irq_priorities
 .text.irq_set_enabled
                0x00000000100009a0       0x24 CMakeFiles/pratica04.dir/home/david/Documentos/RTOS/pico/pico-sdk/src/rp2_common/hardware_irq/irq.c.o
                0x00000000100009a0                irq_set_enabled
 .text.irq_is_enabled
                0x00000000100009c4       0x18 CMakeFiles/pratica04.dir/home/david/Documentos/RTOS/pico/pico-sdk/src/rp2_common/hardware_irq/irq.c.o
                0x00000000100009c4                irq_is_enabled
 .text.irq_set_pending
                0x00000000100009dc       0x10 CMakeFiles/pratica04.dir/home/david/Documentos/RTOS/pico/pico-sdk/src/rp2_common/hardware_irq/irq.c.o
                0x00000000100009dc                irq_set_pending
 .text.irq_has_shared_handler
                0x00000000100009ec       0x24 CMakeFiles/pratica04.dir/home/david/Documentos/RTOS/pico/pico-sdk/src/rp2_common/hardware_irq/irq.c.o
                0x00000000100009ec                irq_has_shared_handler
 .text.irq_set_exclusive_handler
                0x0000000010000a10       0x54 CMakeFiles/pratica04.dir/home/david/Documentos/RTOS/pico/pico-sdk/src/rp2_common/hardware_irq/irq.c.o
                0x0000000010000a10                irq_set_exclusive_handler
 .text.irq_add_shared_handler
                0x0000000010000a64      0x1e8 CMakeFiles/pratica04.dir/home/david/Documentos/RTOS/pico/pico-sdk/src/rp2_common/hardware_irq/irq.c.o
                0x0000000010000a64                irq_add_shared_handler
 .text.irq_remove_handler
                0x0000000010000c4c      0x1c4 CMakeFiles/pratica04.dir/home/david/Documentos/RTOS/pico/pico-sdk/src/rp2_common/hardware_irq/irq.c.o
                0x0000000010000c4c                irq_remove_handler
 .text.irq_set_priority
                0x0000000010000e10       0x28 CMakeFiles/pratica04.dir/home/david/Documentos/RTOS/pico/pico-sdk/src/rp2_common/hardware_irq/irq.c.o
                0x0000000010000e10                irq_set_priority
 .text.irq_add_tail_to_free_list
                0x0000000010000e38       0xb4 CMakeFiles/pratica04.dir/home/david/Documentos/RTOS/pico/pico-sdk/src/rp2_common/hardware_irq/irq.c.o
                0x0000000010000e38                irq_add_tail_to_free_list
 .text.user_irq_claim_unused
                0x0000000010000eec       0x28 CMakeFiles/pratica04.dir/home/david/Documentos/RTOS/pico/pico-sdk/src/rp2_common/hardware_irq/irq.c.o
                0x0000000010000eec                user_irq_claim_unused
 .text.lock_init
                0x0000000010000f14       0x10 CMakeFiles/pratica04.dir/home/david/Documentos/RTOS/pico/pico-sdk/src/common/pico_sync/lock_core.c.o
                0x0000000010000f14                lock_init
 .text.runtime_init_mutex
                0x0000000010000f24       0x68 CMakeFiles/pratica04.dir/home/david/Documentos/RTOS/pico/pico-sdk/src/common/pico_sync/mutex.c.o
                0x0000000010000f24                runtime_init_mutex
 .text.mutex_init
                0x0000000010000f8c       0x1c CMakeFiles/pratica04.dir/home/david/Documentos/RTOS/pico/pico-sdk/src/common/pico_sync/mutex.c.o
                0x0000000010000f8c                mutex_init
 .text.critical_section_init
                0x0000000010000fa8       0x20 CMakeFiles/pratica04.dir/home/david/Documentos/RTOS/pico/pico-sdk/src/common/pico_sync/critical_section.c.o
                0x0000000010000fa8                critical_section_init
 .text.critical_section_init_with_lock_num
                0x0000000010000fc8       0x14 CMakeFiles/pratica04.dir/home/david/Documentos/RTOS/pico/pico-sdk/src/common/pico_sync/critical_section.c.o
                0x0000000010000fc8                critical_section_init_with_lock_num
 .text.alarm_pool_irq_handler
                0x0000000010000fdc      0x308 CMakeFiles/pratica04.dir/home/david/Documentos/RTOS/pico/pico-sdk/src/common/pico_time/time.c.o
 .text.sleep_until_callback
                0x00000000100012e4       0x24 CMakeFiles/pratica04.dir/home/david/Documentos/RTOS/pico/pico-sdk/src/common/pico_time/time.c.o
 .text.runtime_init_default_alarm_pool
                0x0000000010001308       0xdc CMakeFiles/pratica04.dir/home/david/Documentos/RTOS/pico/pico-sdk/src/common/pico_time/time.c.o
                0x0000000010001308                runtime_init_default_alarm_pool
 .text.alarm_pool_get_default
                0x00000000100013e4        0x8 CMakeFiles/pratica04.dir/home/david/Documentos/RTOS/pico/pico-sdk/src/common/pico_time/time.c.o
                0x00000000100013e4                alarm_pool_get_default
 .text.alarm_pool_add_alarm_at
                0x00000000100013ec       0xc8 CMakeFiles/pratica04.dir/home/david/Documentos/RTOS/pico/pico-sdk/src/common/pico_time/time.c.o
                0x00000000100013ec                alarm_pool_add_alarm_at
 .text.alarm_pool_add_alarm_at_force_in_context
                0x00000000100014b4       0xb0 CMakeFiles/pratica04.dir/home/david/Documentos/RTOS/pico/pico-sdk/src/common/pico_time/time.c.o
                0x00000000100014b4                alarm_pool_add_alarm_at_force_in_context
 .text.alarm_pool_cancel_alarm
                0x0000000010001564       0x7c CMakeFiles/pratica04.dir/home/david/Documentos/RTOS/pico/pico-sdk/src/common/pico_time/time.c.o
                0x0000000010001564                alarm_pool_cancel_alarm
 .text.alarm_pool_core_num
                0x00000000100015e0        0x4 CMakeFiles/pratica04.dir/home/david/Documentos/RTOS/pico/pico-sdk/src/common/pico_time/time.c.o
                0x00000000100015e0                alarm_pool_core_num
 .text.best_effort_wfe_or_timeout
                0x00000000100015e4       0xfc CMakeFiles/pratica04.dir/home/david/Documentos/RTOS/pico/pico-sdk/src/common/pico_time/time.c.o
                0x00000000100015e4                best_effort_wfe_or_timeout
 .text.timer_hardware_alarm_claim
                0x00000000100016e0       0x14 CMakeFiles/pratica04.dir/home/david/Documentos/RTOS/pico/pico-sdk/src/rp2_common/hardware_timer/timer.c.o
                0x00000000100016e0                timer_hardware_alarm_claim
 .text.timer_time_us_64
                0x00000000100016f4       0x10 CMakeFiles/pratica04.dir/home/david/Documentos/RTOS/pico/pico-sdk/src/rp2_common/hardware_timer/timer.c.o
                0x00000000100016f4                timer_time_us_64
 .text.time_us_64
                0x0000000010001704       0x14 CMakeFiles/pratica04.dir/home/david/Documentos/RTOS/pico/pico-sdk/src/rp2_common/hardware_timer/timer.c.o
                0x0000000010001704                time_us_64
 .text.clock_configure_int_divider
                0x0000000010001718       0xf4 CMakeFiles/pratica04.dir/home/david/Documentos/RTOS/pico/pico-sdk/src/rp2_common/hardware_clocks/clocks.c.o
                0x0000000010001718                clock_configure_int_divider
 .text.clock_configure_undivided
                0x000000001000180c       0xe8 CMakeFiles/pratica04.dir/home/david/Documentos/RTOS/pico/pico-sdk/src/rp2_common/hardware_clocks/clocks.c.o
                0x000000001000180c                clock_configure_undivided
 .text.clock_get_hz
                0x00000000100018f4        0xc CMakeFiles/pratica04.dir/home/david/Documentos/RTOS/pico/pico-sdk/src/rp2_common/hardware_clocks/clocks.c.o
                0x00000000100018f4                clock_get_hz
 .text.pll_init
                0x0000000010001900       0xa0 CMakeFiles/pratica04.dir/home/david/Documentos/RTOS/pico/pico-sdk/src/rp2_common/hardware_pll/pll.c.o
                0x0000000010001900                pll_init
 .text.watchdog_reboot
                0x00000000100019a0       0x98 CMakeFiles/pratica04.dir/home/david/Documentos/RTOS/pico/pico-sdk/src/rp2_common/hardware_watchdog/watchdog.c.o
                0x00000000100019a0                watchdog_reboot
 .text.tick_start
                0x0000000010001a38       0x10 CMakeFiles/pratica04.dir/home/david/Documentos/RTOS/pico/pico-sdk/src/rp2_common/hardware_ticks/ticks.c.o
                0x0000000010001a38                tick_start
 .text.rom_func_lookup
                0x0000000010001a48       0x10 CMakeFiles/pratica04.dir/home/david/Documentos/RTOS/pico/pico-sdk/src/rp2_common/pico_bootrom/bootrom.c.o
                0x0000000010001a48                rom_func_lookup
 .text.rom_data_lookup
                0x0000000010001a58       0x10 CMakeFiles/pratica04.dir/home/david/Documentos/RTOS/pico/pico-sdk/src/rp2_common/pico_bootrom/bootrom.c.o
                0x0000000010001a58                rom_data_lookup
 .text.rom_funcs_lookup
                0x0000000010001a68       0x44 CMakeFiles/pratica04.dir/home/david/Documentos/RTOS/pico/pico-sdk/src/rp2_common/pico_bootrom/bootrom.c.o
                0x0000000010001a68                rom_funcs_lookup
 .text.rom_reset_usb_boot_extra
                0x0000000010001aac       0x28 CMakeFiles/pratica04.dir/home/david/Documentos/RTOS/pico/pico-sdk/src/rp2_common/pico_bootrom/bootrom.c.o
                0x0000000010001aac                rom_reset_usb_boot_extra
 .text.xosc_init
                0x0000000010001ad4       0x28 CMakeFiles/pratica04.dir/home/david/Documentos/RTOS/pico/pico-sdk/src/rp2_common/hardware_xosc/xosc.c.o
                0x0000000010001ad4                xosc_init
 .text.first_per_core_initializer
                0x0000000010001afc        0x4 CMakeFiles/pratica04.dir/home/david/Documentos/RTOS/pico/pico-sdk/src/rp2_common/pico_runtime/runtime.c.o
 .text.hard_assertion_failure
                0x0000000010001b00        0xc CMakeFiles/pratica04.dir/home/david/Documentos/RTOS/pico/pico-sdk/src/rp2_common/pico_runtime/runtime.c.o
                0x0000000010001b00                hard_assertion_failure
 .text.runtime_run_initializers
                0x0000000010001b0c       0x28 CMakeFiles/pratica04.dir/home/david/Documentos/RTOS/pico/pico-sdk/src/rp2_common/pico_runtime/runtime.c.o
                0x0000000010001b0c                runtime_run_initializers
 .text.runtime_init_early_resets
                0x0000000010001b34       0x2c CMakeFiles/pratica04.dir/home/david/Documentos/RTOS/pico/pico-sdk/src/rp2_common/pico_runtime_init/runtime_init.c.o
                0x0000000010001b34                runtime_init_early_resets
 .text.runtime_init_usb_power_down
                0x0000000010001b60       0x1c CMakeFiles/pratica04.dir/home/david/Documentos/RTOS/pico/pico-sdk/src/rp2_common/pico_runtime_init/runtime_init.c.o
                0x0000000010001b60                runtime_init_usb_power_down
 .text.runtime_init_post_clock_resets
                0x0000000010001b7c       0x20 CMakeFiles/pratica04.dir/home/david/Documentos/RTOS/pico/pico-sdk/src/rp2_common/pico_runtime_init/runtime_init.c.o
                0x0000000010001b7c                runtime_init_post_clock_resets
 .text.runtime_init_rp2040_gpio_ie_disable
                0x0000000010001b9c       0x14 CMakeFiles/pratica04.dir/home/david/Documentos/RTOS/pico/pico-sdk/src/rp2_common/pico_runtime_init/runtime_init.c.o
                0x0000000010001b9c                runtime_init_rp2040_gpio_ie_disable
 .text.runtime_init_spin_locks_reset
                0x0000000010001bb0        0x8 CMakeFiles/pratica04.dir/home/david/Documentos/RTOS/pico/pico-sdk/src/rp2_common/pico_runtime_init/runtime_init.c.o
                0x0000000010001bb0                runtime_init_spin_locks_reset
 .text.runtime_init_install_ram_vector_table
                0x0000000010001bb8       0x1c CMakeFiles/pratica04.dir/home/david/Documentos/RTOS/pico/pico-sdk/src/rp2_common/pico_runtime_init/runtime_init.c.o
                0x0000000010001bb8                runtime_init_install_ram_vector_table
 .text.runtime_init_clocks
                0x0000000010001bd4       0xd8 CMakeFiles/pratica04.dir/home/david/Documentos/RTOS/pico/pico-sdk/src/rp2_common/pico_runtime_init/runtime_init_clocks.c.o
                0x0000000010001bd4                runtime_init_clocks
 .text          0x0000000010001cac       0x10 CMakeFiles/pratica04.dir/home/david/Documentos/RTOS/pico/pico-sdk/src/rp2_common/pico_bit_ops/bit_ops_aeabi.S.o
 .text.__wrap___aeabi_idiv
                0x0000000010001cbc       0x50 CMakeFiles/pratica04.dir/home/david/Documentos/RTOS/pico/pico-sdk/src/rp2_common/pico_divider/divider_hardware.S.o
                0x0000000010001cbc                __wrap___aeabi_idivmod
                0x0000000010001cbc                divmod_s32s32
                0x0000000010001cbc                div_s32s32
                0x0000000010001cbc                __wrap___aeabi_idiv
                0x0000000010001cc4                divmod_s32s32_unsafe
                0x0000000010001cf0                divmod_s32s32_savestate
 .text.__wrap___aeabi_uidiv
                0x0000000010001d0c       0x4c CMakeFiles/pratica04.dir/home/david/Documentos/RTOS/pico/pico-sdk/src/rp2_common/pico_divider/divider_hardware.S.o
                0x0000000010001d0c                __wrap___aeabi_uidiv
                0x0000000010001d0c                __wrap___aeabi_uidivmod
                0x0000000010001d0c                div_u32u32
                0x0000000010001d0c                divmod_u32u32
                0x0000000010001d14                divmod_u32u32_unsafe
                0x0000000010001d3c                divmod_u32u32_savestate
 .text.__wrap___aeabi_ldiv
                0x0000000010001d58      0x424 CMakeFiles/pratica04.dir/home/david/Documentos/RTOS/pico/pico-sdk/src/rp2_common/pico_divider/divider_hardware.S.o
                0x0000000010001d58                div_s64s64
                0x0000000010001d58                divmod_s64s64
                0x0000000010001d58                __wrap___aeabi_ldivmod
                0x0000000010001d88                div_u64u64
                0x0000000010001d88                divmod_u64u64
                0x0000000010001d88                __wrap___aeabi_uldivmod
                0x0000000010001d98                divmod_u64u64_savestate
                0x0000000010001db8                divmod_s64s64_unsafe
                0x0000000010001e40                divmod_u64u64_unsafe
 .text.__wrap___aeabi_darithmetic
                0x000000001000217c       0x60 CMakeFiles/pratica04.dir/home/david/Documentos/RTOS/pico/pico-sdk/src/rp2_common/pico_double/double_aeabi_rp2040.S.o
                0x000000001000217c                __wrap___aeabi_drsub
                0x0000000010002182                __wrap___aeabi_dsub
                0x000000001000218c                __wrap___aeabi_dadd
                0x0000000010002196                __wrap___aeabi_ddiv
                0x00000000100021ca                __wrap___aeabi_dmul
 .text.__wrap___aeabi_cdcmple
                0x00000000100021dc       0x6c CMakeFiles/pratica04.dir/home/david/Documentos/RTOS/pico/pico-sdk/src/rp2_common/pico_double/double_aeabi_rp2040.S.o
                0x00000000100021dc                __wrap___aeabi_cdrcmple
                0x00000000100021ec                __wrap___aeabi_cdcmple
                0x00000000100021ec                __wrap___aeabi_cdcmpeq
 .text.__wrap___aeabi_dcmplt
                0x0000000010002248        0xc CMakeFiles/pratica04.dir/home/david/Documentos/RTOS/pico/pico-sdk/src/rp2_common/pico_double/double_aeabi_rp2040.S.o
                0x0000000010002248                __wrap___aeabi_dcmplt
 .text.__wrap___aeabi_dcmple
                0x0000000010002254       0x10 CMakeFiles/pratica04.dir/home/david/Documentos/RTOS/pico/pico-sdk/src/rp2_common/pico_double/double_aeabi_rp2040.S.o
                0x0000000010002254                __wrap___aeabi_dcmple
 .text.__wrap___aeabi_dcmpge
                0x0000000010002264       0x10 CMakeFiles/pratica04.dir/home/david/Documentos/RTOS/pico/pico-sdk/src/rp2_common/pico_double/double_aeabi_rp2040.S.o
                0x0000000010002264                __wrap___aeabi_dcmpge
 .text.__wrap___aeabi_dcmpgt
                0x0000000010002274        0xa CMakeFiles/pratica04.dir/home/david/Documentos/RTOS/pico/pico-sdk/src/rp2_common/pico_double/double_aeabi_rp2040.S.o
                0x0000000010002274                __wrap___aeabi_dcmpgt
 .text.__wrap___aeabi_dcmpun
                0x000000001000227e       0x18 CMakeFiles/pratica04.dir/home/david/Documentos/RTOS/pico/pico-sdk/src/rp2_common/pico_double/double_aeabi_rp2040.S.o
                0x000000001000227e                __wrap___aeabi_dcmpun
 *fill*         0x0000000010002296        0x2 
 .text.__wrap___aeabi_i2d
                0x0000000010002298       0x38 CMakeFiles/pratica04.dir/home/david/Documentos/RTOS/pico/pico-sdk/src/rp2_common/pico_double/double_aeabi_rp2040.S.o
                0x0000000010002298                __wrap___aeabi_ui2d
                0x0000000010002298                uint2double
                0x00000000100022a0                __wrap___aeabi_i2d
                0x00000000100022a0                int2double
 .text.__wrap___aeabi_d2iz
                0x00000000100022d0       0x48 CMakeFiles/pratica04.dir/home/david/Documentos/RTOS/pico/pico-sdk/src/rp2_common/pico_double/double_aeabi_rp2040.S.o
                0x00000000100022d0                __wrap___aeabi_d2iz
                0x00000000100022d0                double2int_z
 .text.__wrap___aeabi_d2uiz
                0x0000000010002318       0x10 CMakeFiles/pratica04.dir/home/david/Documentos/RTOS/pico/pico-sdk/src/rp2_common/pico_double/double_aeabi_rp2040.S.o
                0x0000000010002318                double2uint_z
                0x0000000010002318                double2uint
                0x0000000010002318                __wrap___aeabi_d2uiz
 .text.missing_double_func_shim
                0x0000000010002328        0xc CMakeFiles/pratica04.dir/home/david/Documentos/RTOS/pico/pico-sdk/src/rp2_common/pico_double/double_init_rom_rp2040.c.o
 .text.__aeabi_double_init
                0x0000000010002334       0xa4 CMakeFiles/pratica04.dir/home/david/Documentos/RTOS/pico/pico-sdk/src/rp2_common/pico_double/double_init_rom_rp2040.c.o
                0x0000000010002334                __aeabi_double_init
 .text.double_table_shim_on_use_helper
                0x00000000100023d8       0x2c CMakeFiles/pratica04.dir/home/david/Documentos/RTOS/pico/pico-sdk/src/rp2_common/pico_double/double_v1_rom_shim_rp2040.S.o
                0x00000000100023d8                double_table_shim_on_use_helper
 .text.__aeabi_lmul
                0x0000000010002404       0x32 CMakeFiles/pratica04.dir/home/david/Documentos/RTOS/pico/pico-sdk/src/rp2_common/pico_int64_ops/pico_int64_ops_aeabi.S.o
                0x0000000010002404                __wrap___aeabi_lmul
 *fill*         0x0000000010002436        0x2 
 .text.missing_float_func_shim
                0x0000000010002438        0xc CMakeFiles/pratica04.dir/home/david/Documentos/RTOS/pico/pico-sdk/src/rp2_common/pico_float/float_init_rom_rp2040.c.o
 .text.__aeabi_float_init
                0x0000000010002444       0x5c CMakeFiles/pratica04.dir/home/david/Documentos/RTOS/pico/pico-sdk/src/rp2_common/pico_float/float_init_rom_rp2040.c.o
                0x0000000010002444                __aeabi_float_init
 .text          0x00000000100024a0       0x10 CMakeFiles/pratica04.dir/home/david/Documentos/RTOS/pico/pico-sdk/src/rp2_common/pico_mem_ops/mem_ops_aeabi.S.o
                0x00000000100024a0                __aeabi_mem_init
 .text.memset   0x00000000100024b0        0xc CMakeFiles/pratica04.dir/home/david/Documentos/RTOS/pico/pico-sdk/src/rp2_common/pico_mem_ops/mem_ops_aeabi.S.o
                0x00000000100024b0                __wrap_memset
 .text.memcpy   0x00000000100024bc        0xc CMakeFiles/pratica04.dir/home/david/Documentos/RTOS/pico/pico-sdk/src/rp2_common/pico_mem_ops/mem_ops_aeabi.S.o
                0x00000000100024bc                __wrap___aeabi_memcpy
                0x00000000100024bc                __wrap_memcpy
 .text._out_null
                0x00000000100024c8        0x4 CMakeFiles/pratica04.dir/home/david/Documentos/RTOS/pico/pico-sdk/src/rp2_common/pico_printf/printf.c.o
 .text._out_rev
                0x00000000100024cc       0x9c CMakeFiles/pratica04.dir/home/david/Documentos/RTOS/pico/pico-sdk/src/rp2_common/pico_printf/printf.c.o
 .text._ntoa_format
                0x0000000010002568      0x1cc CMakeFiles/pratica04.dir/home/david/Documentos/RTOS/pico/pico-sdk/src/rp2_common/pico_printf/printf.c.o
 .text._out_char
                0x0000000010002734       0x10 CMakeFiles/pratica04.dir/home/david/Documentos/RTOS/pico/pico-sdk/src/rp2_common/pico_printf/printf.c.o
 .text._out_fct
                0x0000000010002744       0x10 CMakeFiles/pratica04.dir/home/david/Documentos/RTOS/pico/pico-sdk/src/rp2_common/pico_printf/printf.c.o
 .text._etoa    0x0000000010002754      0x44c CMakeFiles/pratica04.dir/home/david/Documentos/RTOS/pico/pico-sdk/src/rp2_common/pico_printf/printf.c.o
 .text._ftoa    0x0000000010002ba0      0x398 CMakeFiles/pratica04.dir/home/david/Documentos/RTOS/pico/pico-sdk/src/rp2_common/pico_printf/printf.c.o
 .text._vsnprintf
                0x0000000010002f38      0xb04 CMakeFiles/pratica04.dir/home/david/Documentos/RTOS/pico/pico-sdk/src/rp2_common/pico_printf/printf.c.o
 .text.vfctprintf
                0x0000000010003a3c       0x20 CMakeFiles/pratica04.dir/home/david/Documentos/RTOS/pico/pico-sdk/src/rp2_common/pico_printf/printf.c.o
                0x0000000010003a3c                vfctprintf
 .text.weak_raw_vprintf
                0x0000000010003a5c       0x30 CMakeFiles/pratica04.dir/home/david/Documentos/RTOS/pico/pico-sdk/src/rp2_common/pico_printf/printf.c.o
                0x0000000010003a5c                weak_raw_vprintf
 .text._exit    0x0000000010003a8c        0x4 CMakeFiles/pratica04.dir/home/david/Documentos/RTOS/pico/pico-sdk/src/rp2_common/pico_clib_interface/newlib_interface.c.o
                0x0000000010003a8c                _exit
 .text.exit     0x0000000010003a90        0x8 CMakeFiles/pratica04.dir/home/david/Documentos/RTOS/pico/pico-sdk/src/rp2_common/pico_clib_interface/newlib_interface.c.o
                0x0000000010003a90                exit
 .text.runtime_init
                0x0000000010003a98       0x2c CMakeFiles/pratica04.dir/home/david/Documentos/RTOS/pico/pico-sdk/src/rp2_common/pico_clib_interface/newlib_interface.c.o
                0x0000000010003a98                runtime_init
 .text.stdio_out_chars_no_crlf
                0x0000000010003ac4       0x10 CMakeFiles/pratica04.dir/home/david/Documentos/RTOS/pico/pico-sdk/src/rp2_common/pico_stdio/stdio.c.o
 .text.stdio_out_chars_crlf
                0x0000000010003ad4       0xb4 CMakeFiles/pratica04.dir/home/david/Documentos/RTOS/pico/pico-sdk/src/rp2_common/pico_stdio/stdio.c.o
 .text.stdio_buffered_printer
                0x0000000010003b88       0x64 CMakeFiles/pratica04.dir/home/david/Documentos/RTOS/pico/pico-sdk/src/rp2_common/pico_stdio/stdio.c.o
 .text.stdio_put_string
                0x0000000010003bec      0x100 CMakeFiles/pratica04.dir/home/david/Documentos/RTOS/pico/pico-sdk/src/rp2_common/pico_stdio/stdio.c.o
                0x0000000010003bec                stdio_put_string
 .text.stdio_set_driver_enabled
                0x0000000010003cec       0x30 CMakeFiles/pratica04.dir/home/david/Documentos/RTOS/pico/pico-sdk/src/rp2_common/pico_stdio/stdio.c.o
                0x0000000010003cec                stdio_set_driver_enabled
 .text.stdio_init_all
                0x0000000010003d1c        0x8 CMakeFiles/pratica04.dir/home/david/Documentos/RTOS/pico/pico-sdk/src/rp2_common/pico_stdio/stdio.c.o
                0x0000000010003d1c                stdio_init_all
 .text.__wrap_putchar
                0x0000000010003d24       0x98 CMakeFiles/pratica04.dir/home/david/Documentos/RTOS/pico/pico-sdk/src/rp2_common/pico_stdio/stdio.c.o
                0x0000000010003d24                stdio_putchar
                0x0000000010003d24                __wrap_putchar
 .text.__wrap_puts
                0x0000000010003dbc       0x3c CMakeFiles/pratica04.dir/home/david/Documentos/RTOS/pico/pico-sdk/src/rp2_common/pico_stdio/stdio.c.o
                0x0000000010003dbc                __wrap_puts
                0x0000000010003dbc                stdio_puts
 .text.__wrap_vprintf
                0x0000000010003df8       0xd8 CMakeFiles/pratica04.dir/home/david/Documentos/RTOS/pico/pico-sdk/src/rp2_common/pico_stdio/stdio.c.o
                0x0000000010003df8                __wrap_vprintf
                0x0000000010003df8                stdio_vprintf
 .text.__wrap_printf
                0x0000000010003ed0       0x18 CMakeFiles/pratica04.dir/home/david/Documentos/RTOS/pico/pico-sdk/src/rp2_common/pico_stdio/stdio.c.o
                0x0000000010003ed0                stdio_printf
                0x0000000010003ed0                __wrap_printf
 .text.resetd_init
                0x0000000010003ee8        0x4 CMakeFiles/pratica04.dir/home/david/Documentos/RTOS/pico/pico-sdk/src/rp2_common/pico_stdio_usb/reset_interface.c.o
 .text.resetd_reset
                0x0000000010003eec        0xc CMakeFiles/pratica04.dir/home/david/Documentos/RTOS/pico/pico-sdk/src/rp2_common/pico_stdio_usb/reset_interface.c.o
 .text.resetd_open
                0x0000000010003ef8       0x28 CMakeFiles/pratica04.dir/home/david/Documentos/RTOS/pico/pico-sdk/src/rp2_common/pico_stdio_usb/reset_interface.c.o
 .text.resetd_xfer_cb
                0x0000000010003f20        0x4 CMakeFiles/pratica04.dir/home/david/Documentos/RTOS/pico/pico-sdk/src/rp2_common/pico_stdio_usb/reset_interface.c.o
 .text.resetd_control_xfer_cb
                0x0000000010003f24       0x60 CMakeFiles/pratica04.dir/home/david/Documentos/RTOS/pico/pico-sdk/src/rp2_common/pico_stdio_usb/reset_interface.c.o
 .text.tud_descriptor_bos_cb
                0x0000000010003f84        0x8 CMakeFiles/pratica04.dir/home/david/Documentos/RTOS/pico/pico-sdk/src/rp2_common/pico_stdio_usb/reset_interface.c.o
                0x0000000010003f84                tud_descriptor_bos_cb
 .text.tud_vendor_control_xfer_cb
                0x0000000010003f8c       0x34 CMakeFiles/pratica04.dir/home/david/Documentos/RTOS/pico/pico-sdk/src/rp2_common/pico_stdio_usb/reset_interface.c.o
                0x0000000010003f8c                tud_vendor_control_xfer_cb
 .text.usbd_app_driver_get_cb
                0x0000000010003fc0        0xc CMakeFiles/pratica04.dir/home/david/Documentos/RTOS/pico/pico-sdk/src/rp2_common/pico_stdio_usb/reset_interface.c.o
                0x0000000010003fc0                usbd_app_driver_get_cb
 .text.tud_cdc_line_coding_cb
                0x0000000010003fcc       0x2c CMakeFiles/pratica04.dir/home/david/Documentos/RTOS/pico/pico-sdk/src/rp2_common/pico_stdio_usb/reset_interface.c.o
                0x0000000010003fcc                tud_cdc_line_coding_cb
 .text.stdio_usb_set_chars_available_callback
                0x0000000010003ff8       0x14 CMakeFiles/pratica04.dir/home/david/Documentos/RTOS/pico/pico-sdk/src/rp2_common/pico_stdio_usb/stdio_usb.c.o
                0x0000000010003ff8                stdio_usb_set_chars_available_callback
 .text.usb_irq  0x000000001000400c       0x10 CMakeFiles/pratica04.dir/home/david/Documentos/RTOS/pico/pico-sdk/src/rp2_common/pico_stdio_usb/stdio_usb.c.o
 .text.timer_task
                0x000000001000401c       0x64 CMakeFiles/pratica04.dir/home/david/Documentos/RTOS/pico/pico-sdk/src/rp2_common/pico_stdio_usb/stdio_usb.c.o
 .text.stdio_usb_in_chars
                0x0000000010004080       0x90 CMakeFiles/pratica04.dir/home/david/Documentos/RTOS/pico/pico-sdk/src/rp2_common/pico_stdio_usb/stdio_usb.c.o
                0x0000000010004080                stdio_usb_in_chars
 .text.stdio_usb_out_flush
                0x0000000010004110       0x50 CMakeFiles/pratica04.dir/home/david/Documentos/RTOS/pico/pico-sdk/src/rp2_common/pico_stdio_usb/stdio_usb.c.o
 .text.stdio_usb_out_chars
                0x0000000010004160      0x100 CMakeFiles/pratica04.dir/home/david/Documentos/RTOS/pico/pico-sdk/src/rp2_common/pico_stdio_usb/stdio_usb.c.o
 .text.low_priority_worker_irq
                0x0000000010004260       0xc8 CMakeFiles/pratica04.dir/home/david/Documentos/RTOS/pico/pico-sdk/src/rp2_common/pico_stdio_usb/stdio_usb.c.o
 .text.stdio_usb_init
                0x0000000010004328       0xe8 CMakeFiles/pratica04.dir/home/david/Documentos/RTOS/pico/pico-sdk/src/rp2_common/pico_stdio_usb/stdio_usb.c.o
                0x0000000010004328                stdio_usb_init
 .text.tud_descriptor_device_cb
                0x0000000010004410        0x8 CMakeFiles/pratica04.dir/home/david/Documentos/RTOS/pico/pico-sdk/src/rp2_common/pico_stdio_usb/stdio_usb_descriptors.c.o
                0x0000000010004410                tud_descriptor_device_cb
 .text.tud_descriptor_configuration_cb
                0x0000000010004418        0x8 CMakeFiles/pratica04.dir/home/david/Documentos/RTOS/pico/pico-sdk/src/rp2_common/pico_stdio_usb/stdio_usb_descriptors.c.o
                0x0000000010004418                tud_descriptor_configuration_cb
 .text.tud_descriptor_string_cb
                0x0000000010004420       0x74 CMakeFiles/pratica04.dir/home/david/Documentos/RTOS/pico/pico-sdk/src/rp2_common/pico_stdio_usb/stdio_usb_descriptors.c.o
                0x0000000010004420                tud_descriptor_string_cb
 .text.startup._retrieve_unique_id_on_boot
                0x0000000010004494       0x10 CMakeFiles/pratica04.dir/home/david/Documentos/RTOS/pico/pico-sdk/src/rp2_common/pico_unique_id/unique_id.c.o
 .text.pico_get_unique_board_id_string
                0x00000000100044a4      0x1a8 CMakeFiles/pratica04.dir/home/david/Documentos/RTOS/pico/pico-sdk/src/rp2_common/pico_unique_id/unique_id.c.o
                0x00000000100044a4                pico_get_unique_board_id_string
 .text.flash_get_unique_id
                0x000000001000464c       0x40 CMakeFiles/pratica04.dir/home/david/Documentos/RTOS/pico/pico-sdk/src/rp2_common/hardware_flash/flash.c.o
                0x000000001000464c                flash_get_unique_id
 .text.dcd_init
                0x000000001000468c       0x90 CMakeFiles/pratica04.dir/home/david/Documentos/RTOS/pico/pico-sdk/lib/tinyusb/src/portable/raspberrypi/rp2040/dcd_rp2040.c.o
                0x000000001000468c                dcd_init
 .text.dcd_int_enable
                0x000000001000471c        0xc CMakeFiles/pratica04.dir/home/david/Documentos/RTOS/pico/pico-sdk/lib/tinyusb/src/portable/raspberrypi/rp2040/dcd_rp2040.c.o
                0x000000001000471c                dcd_int_enable
 .text.dcd_set_address
                0x0000000010004728       0x14 CMakeFiles/pratica04.dir/home/david/Documentos/RTOS/pico/pico-sdk/lib/tinyusb/src/portable/raspberrypi/rp2040/dcd_rp2040.c.o
                0x0000000010004728                dcd_set_address
 .text.dcd_sof_enable
                0x000000001000473c       0x1c CMakeFiles/pratica04.dir/home/david/Documentos/RTOS/pico/pico-sdk/lib/tinyusb/src/portable/raspberrypi/rp2040/dcd_rp2040.c.o
                0x000000001000473c                dcd_sof_enable
 .text.dcd_edpt0_status_complete
                0x0000000010004758       0x1c CMakeFiles/pratica04.dir/home/david/Documentos/RTOS/pico/pico-sdk/lib/tinyusb/src/portable/raspberrypi/rp2040/dcd_rp2040.c.o
                0x0000000010004758                dcd_edpt0_status_complete
 .text.dcd_edpt_open
                0x0000000010004774      0x114 CMakeFiles/pratica04.dir/home/david/Documentos/RTOS/pico/pico-sdk/lib/tinyusb/src/portable/raspberrypi/rp2040/dcd_rp2040.c.o
                0x0000000010004774                dcd_edpt_open
 .text.dcd_edpt_close_all
                0x0000000010004888        0x8 CMakeFiles/pratica04.dir/home/david/Documentos/RTOS/pico/pico-sdk/lib/tinyusb/src/portable/raspberrypi/rp2040/dcd_rp2040.c.o
                0x0000000010004888                dcd_edpt_close_all
 .text.dcd_edpt_xfer
                0x0000000010004890       0x24 CMakeFiles/pratica04.dir/home/david/Documentos/RTOS/pico/pico-sdk/lib/tinyusb/src/portable/raspberrypi/rp2040/dcd_rp2040.c.o
                0x0000000010004890                dcd_edpt_xfer
 .text.dcd_edpt_stall
                0x00000000100048b4       0x38 CMakeFiles/pratica04.dir/home/david/Documentos/RTOS/pico/pico-sdk/lib/tinyusb/src/portable/raspberrypi/rp2040/dcd_rp2040.c.o
                0x00000000100048b4                dcd_edpt_stall
 .text.dcd_edpt_clear_stall
                0x00000000100048ec       0x30 CMakeFiles/pratica04.dir/home/david/Documentos/RTOS/pico/pico-sdk/lib/tinyusb/src/portable/raspberrypi/rp2040/dcd_rp2040.c.o
                0x00000000100048ec                dcd_edpt_clear_stall
 .text.rp2040_usb_init
                0x000000001000491c       0x40 CMakeFiles/pratica04.dir/home/david/Documentos/RTOS/pico/pico-sdk/lib/tinyusb/src/portable/raspberrypi/rp2040/rp2040_usb.c.o
                0x000000001000491c                rp2040_usb_init
 .text.hw_endpoint_xfer_start
                0x000000001000495c       0x50 CMakeFiles/pratica04.dir/home/david/Documentos/RTOS/pico/pico-sdk/lib/tinyusb/src/portable/raspberrypi/rp2040/rp2040_usb.c.o
                0x000000001000495c                hw_endpoint_xfer_start
 .text.tud_event_hook_cb
                0x00000000100049ac        0x4 CMakeFiles/pratica04.dir/home/david/Documentos/RTOS/pico/pico-sdk/lib/tinyusb/src/device/usbd.c.o
                0x00000000100049ac                tud_event_hook_cb
 .text.tud_sof_cb
                0x00000000100049b0        0x4 CMakeFiles/pratica04.dir/home/david/Documentos/RTOS/pico/pico-sdk/lib/tinyusb/src/device/usbd.c.o
                0x00000000100049b0                tud_sof_cb
 .text.tud_descriptor_device_qualifier_cb
                0x00000000100049b4        0x4 CMakeFiles/pratica04.dir/home/david/Documentos/RTOS/pico/pico-sdk/lib/tinyusb/src/device/usbd.c.o
                0x00000000100049b4                tud_descriptor_device_qualifier_cb
 .text.tud_descriptor_other_speed_configuration_cb
                0x00000000100049b8        0x4 CMakeFiles/pratica04.dir/home/david/Documentos/RTOS/pico/pico-sdk/lib/tinyusb/src/device/usbd.c.o
                0x00000000100049b8                tud_descriptor_other_speed_configuration_cb
 .text.tud_mount_cb
                0x00000000100049bc        0x4 CMakeFiles/pratica04.dir/home/david/Documentos/RTOS/pico/pico-sdk/lib/tinyusb/src/device/usbd.c.o
                0x00000000100049bc                tud_mount_cb
 .text.tud_umount_cb
                0x00000000100049c0        0x4 CMakeFiles/pratica04.dir/home/david/Documentos/RTOS/pico/pico-sdk/lib/tinyusb/src/device/usbd.c.o
                0x00000000100049c0                tud_umount_cb
 .text.tud_suspend_cb
                0x00000000100049c4        0x4 CMakeFiles/pratica04.dir/home/david/Documentos/RTOS/pico/pico-sdk/lib/tinyusb/src/device/usbd.c.o
                0x00000000100049c4                tud_suspend_cb
 .text.tud_resume_cb
                0x00000000100049c8        0x4 CMakeFiles/pratica04.dir/home/david/Documentos/RTOS/pico/pico-sdk/lib/tinyusb/src/device/usbd.c.o
                0x00000000100049c8                tud_resume_cb
 .text.tud_mounted
                0x00000000100049cc       0x10 CMakeFiles/pratica04.dir/home/david/Documentos/RTOS/pico/pico-sdk/lib/tinyusb/src/device/usbd.c.o
                0x00000000100049cc                tud_mounted
 .text.tud_suspended
                0x00000000100049dc       0x10 CMakeFiles/pratica04.dir/home/david/Documentos/RTOS/pico/pico-sdk/lib/tinyusb/src/device/usbd.c.o
                0x00000000100049dc                tud_suspended
 .text.tud_rhport_init
                0x00000000100049ec       0xf4 CMakeFiles/pratica04.dir/home/david/Documentos/RTOS/pico/pico-sdk/lib/tinyusb/src/device/usbd.c.o
                0x00000000100049ec                tud_rhport_init
 .text.tud_task_ext
                0x0000000010004ae0      0x800 CMakeFiles/pratica04.dir/home/david/Documentos/RTOS/pico/pico-sdk/lib/tinyusb/src/device/usbd.c.o
                0x0000000010004ae0                tud_task_ext
 .text.usbd_open_edpt_pair
                0x00000000100052e0       0x9c CMakeFiles/pratica04.dir/home/david/Documentos/RTOS/pico/pico-sdk/lib/tinyusb/src/device/usbd.c.o
                0x00000000100052e0                usbd_open_edpt_pair
 .text.usbd_edpt_open
                0x000000001000537c       0x34 CMakeFiles/pratica04.dir/home/david/Documentos/RTOS/pico/pico-sdk/lib/tinyusb/src/device/usbd.c.o
                0x000000001000537c                usbd_edpt_open
 .text.usbd_edpt_claim
                0x00000000100053b0       0x28 CMakeFiles/pratica04.dir/home/david/Documentos/RTOS/pico/pico-sdk/lib/tinyusb/src/device/usbd.c.o
                0x00000000100053b0                usbd_edpt_claim
 .text.usbd_edpt_release
                0x00000000100053d8       0x28 CMakeFiles/pratica04.dir/home/david/Documentos/RTOS/pico/pico-sdk/lib/tinyusb/src/device/usbd.c.o
                0x00000000100053d8                usbd_edpt_release
 .text.usbd_edpt_xfer
                0x0000000010005400       0x4c CMakeFiles/pratica04.dir/home/david/Documentos/RTOS/pico/pico-sdk/lib/tinyusb/src/device/usbd.c.o
                0x0000000010005400                usbd_edpt_xfer
 .text.tud_control_status
                0x000000001000544c       0x30 CMakeFiles/pratica04.dir/home/david/Documentos/RTOS/pico/pico-sdk/lib/tinyusb/src/device/usbd_control.c.o
                0x000000001000544c                tud_control_status
 .text.tud_control_xfer
                0x000000001000547c       0xbc CMakeFiles/pratica04.dir/home/david/Documentos/RTOS/pico/pico-sdk/lib/tinyusb/src/device/usbd_control.c.o
                0x000000001000547c                tud_control_xfer
 .text.usbd_control_reset
                0x0000000010005538       0x14 CMakeFiles/pratica04.dir/home/david/Documentos/RTOS/pico/pico-sdk/lib/tinyusb/src/device/usbd_control.c.o
                0x0000000010005538                usbd_control_reset
 .text.usbd_control_set_complete_callback
                0x000000001000554c        0xc CMakeFiles/pratica04.dir/home/david/Documentos/RTOS/pico/pico-sdk/lib/tinyusb/src/device/usbd_control.c.o
                0x000000001000554c                usbd_control_set_complete_callback
 .text.usbd_control_set_request
                0x0000000010005558       0x1c CMakeFiles/pratica04.dir/home/david/Documentos/RTOS/pico/pico-sdk/lib/tinyusb/src/device/usbd_control.c.o
                0x0000000010005558                usbd_control_set_request
 .text.usbd_control_xfer_cb
                0x0000000010005574       0xf0 CMakeFiles/pratica04.dir/home/david/Documentos/RTOS/pico/pico-sdk/lib/tinyusb/src/device/usbd_control.c.o
                0x0000000010005574                usbd_control_xfer_cb
 .text._prep_out_transaction.isra.0
                0x0000000010005664       0x6c CMakeFiles/pratica04.dir/home/david/Documentos/RTOS/pico/pico-sdk/lib/tinyusb/src/class/cdc/cdc_device.c.o
 .text.tud_cdc_n_connected
                0x00000000100056d0       0x2c CMakeFiles/pratica04.dir/home/david/Documentos/RTOS/pico/pico-sdk/lib/tinyusb/src/class/cdc/cdc_device.c.o
                0x00000000100056d0                tud_cdc_n_connected
 .text.tud_cdc_n_available
                0x00000000100056fc       0x18 CMakeFiles/pratica04.dir/home/david/Documentos/RTOS/pico/pico-sdk/lib/tinyusb/src/class/cdc/cdc_device.c.o
                0x00000000100056fc                tud_cdc_n_available
 .text.tud_cdc_n_read
                0x0000000010005714       0x94 CMakeFiles/pratica04.dir/home/david/Documentos/RTOS/pico/pico-sdk/lib/tinyusb/src/class/cdc/cdc_device.c.o
                0x0000000010005714                tud_cdc_n_read
 .text.tud_cdc_n_write_flush
                0x00000000100057a8       0x78 CMakeFiles/pratica04.dir/home/david/Documentos/RTOS/pico/pico-sdk/lib/tinyusb/src/class/cdc/cdc_device.c.o
                0x00000000100057a8                tud_cdc_n_write_flush
 .text.tud_cdc_n_write
                0x0000000010005820       0x44 CMakeFiles/pratica04.dir/home/david/Documentos/RTOS/pico/pico-sdk/lib/tinyusb/src/class/cdc/cdc_device.c.o
                0x0000000010005820                tud_cdc_n_write
 .text.tud_cdc_n_write_available
                0x0000000010005864       0x18 CMakeFiles/pratica04.dir/home/david/Documentos/RTOS/pico/pico-sdk/lib/tinyusb/src/class/cdc/cdc_device.c.o
                0x0000000010005864                tud_cdc_n_write_available
 .text.cdcd_init
                0x000000001000587c       0x70 CMakeFiles/pratica04.dir/home/david/Documentos/RTOS/pico/pico-sdk/lib/tinyusb/src/class/cdc/cdc_device.c.o
                0x000000001000587c                cdcd_init
 .text.cdcd_deinit
                0x00000000100058ec       0x24 CMakeFiles/pratica04.dir/home/david/Documentos/RTOS/pico/pico-sdk/lib/tinyusb/src/class/cdc/cdc_device.c.o
                0x00000000100058ec                cdcd_deinit
 .text.cdcd_reset
                0x0000000010005910       0x4c CMakeFiles/pratica04.dir/home/david/Documentos/RTOS/pico/pico-sdk/lib/tinyusb/src/class/cdc/cdc_device.c.o
                0x0000000010005910                cdcd_reset
 .text.cdcd_open
                0x000000001000595c       0xa8 CMakeFiles/pratica04.dir/home/david/Documentos/RTOS/pico/pico-sdk/lib/tinyusb/src/class/cdc/cdc_device.c.o
                0x000000001000595c                cdcd_open
 .text.cdcd_control_xfer_cb
                0x0000000010005a04       0xe8 CMakeFiles/pratica04.dir/home/david/Documentos/RTOS/pico/pico-sdk/lib/tinyusb/src/class/cdc/cdc_device.c.o
                0x0000000010005a04                cdcd_control_xfer_cb
 .text.cdcd_xfer_cb
                0x0000000010005aec       0xfc CMakeFiles/pratica04.dir/home/david/Documentos/RTOS/pico/pico-sdk/lib/tinyusb/src/class/cdc/cdc_device.c.o
                0x0000000010005aec                cdcd_xfer_cb
 .text.vendord_init
                0x0000000010005be8       0x5c CMakeFiles/pratica04.dir/home/david/Documentos/RTOS/pico/pico-sdk/lib/tinyusb/src/class/vendor/vendor_device.c.o
                0x0000000010005be8                vendord_init
 .text.vendord_deinit
                0x0000000010005c44       0x1c CMakeFiles/pratica04.dir/home/david/Documentos/RTOS/pico/pico-sdk/lib/tinyusb/src/class/vendor/vendor_device.c.o
                0x0000000010005c44                vendord_deinit
 .text.vendord_reset
                0x0000000010005c60       0x28 CMakeFiles/pratica04.dir/home/david/Documentos/RTOS/pico/pico-sdk/lib/tinyusb/src/class/vendor/vendor_device.c.o
                0x0000000010005c60                vendord_reset
 .text.vendord_open
                0x0000000010005c88      0x128 CMakeFiles/pratica04.dir/home/david/Documentos/RTOS/pico/pico-sdk/lib/tinyusb/src/class/vendor/vendor_device.c.o
                0x0000000010005c88                vendord_open
 .text.vendord_xfer_cb
                0x0000000010005db0       0x9c CMakeFiles/pratica04.dir/home/david/Documentos/RTOS/pico/pico-sdk/lib/tinyusb/src/class/vendor/vendor_device.c.o
                0x0000000010005db0                vendord_xfer_cb
 .text.tusb_rhport_init
                0x0000000010005e4c       0x48 CMakeFiles/pratica04.dir/home/david/Documentos/RTOS/pico/pico-sdk/lib/tinyusb/src/tusb.c.o
                0x0000000010005e4c                tusb_rhport_init
 .text.tu_edpt_claim
                0x0000000010005e94       0x50 CMakeFiles/pratica04.dir/home/david/Documentos/RTOS/pico/pico-sdk/lib/tinyusb/src/tusb.c.o
                0x0000000010005e94                tu_edpt_claim
 .text.tu_edpt_release
                0x0000000010005ee4       0x38 CMakeFiles/pratica04.dir/home/david/Documentos/RTOS/pico/pico-sdk/lib/tinyusb/src/tusb.c.o
                0x0000000010005ee4                tu_edpt_release
 .text.tu_edpt_validate
                0x0000000010005f1c       0x78 CMakeFiles/pratica04.dir/home/david/Documentos/RTOS/pico/pico-sdk/lib/tinyusb/src/tusb.c.o
                0x0000000010005f1c                tu_edpt_validate
 .text.tu_edpt_bind_driver
                0x0000000010005f94       0x34 CMakeFiles/pratica04.dir/home/david/Documentos/RTOS/pico/pico-sdk/lib/tinyusb/src/tusb.c.o
                0x0000000010005f94                tu_edpt_bind_driver
 .text.tu_edpt_stream_init
                0x0000000010005fc8       0x6c CMakeFiles/pratica04.dir/home/david/Documentos/RTOS/pico/pico-sdk/lib/tinyusb/src/tusb.c.o
                0x0000000010005fc8                tu_edpt_stream_init
 .text.tu_edpt_stream_deinit
                0x0000000010006034        0x4 CMakeFiles/pratica04.dir/home/david/Documentos/RTOS/pico/pico-sdk/lib/tinyusb/src/tusb.c.o
                0x0000000010006034                tu_edpt_stream_deinit
 .text.tu_edpt_stream_write_zlp_if_needed
                0x0000000010006038       0x58 CMakeFiles/pratica04.dir/home/david/Documentos/RTOS/pico/pico-sdk/lib/tinyusb/src/tusb.c.o
                0x0000000010006038                tu_edpt_stream_write_zlp_if_needed
 .text.tu_edpt_stream_write_xfer
                0x0000000010006090       0x64 CMakeFiles/pratica04.dir/home/david/Documentos/RTOS/pico/pico-sdk/lib/tinyusb/src/tusb.c.o
                0x0000000010006090                tu_edpt_stream_write_xfer
 .text.tu_edpt_stream_read_xfer
                0x00000000100060f4       0xdc CMakeFiles/pratica04.dir/home/david/Documentos/RTOS/pico/pico-sdk/lib/tinyusb/src/tusb.c.o
                0x00000000100060f4                tu_edpt_stream_read_xfer
 .text.tu_fifo_config
                0x00000000100061d0       0x70 CMakeFiles/pratica04.dir/home/david/Documentos/RTOS/pico/pico-sdk/lib/tinyusb/src/common/tusb_fifo.c.o
                0x00000000100061d0                tu_fifo_config
 .text.tu_fifo_count
                0x0000000010006240       0x2c CMakeFiles/pratica04.dir/home/david/Documentos/RTOS/pico/pico-sdk/lib/tinyusb/src/common/tusb_fifo.c.o
                0x0000000010006240                tu_fifo_count
 .text.tu_fifo_empty
                0x000000001000626c       0x10 CMakeFiles/pratica04.dir/home/david/Documentos/RTOS/pico/pico-sdk/lib/tinyusb/src/common/tusb_fifo.c.o
                0x000000001000626c                tu_fifo_empty
 .text.tu_fifo_remaining
                0x000000001000627c       0x2c CMakeFiles/pratica04.dir/home/david/Documentos/RTOS/pico/pico-sdk/lib/tinyusb/src/common/tusb_fifo.c.o
                0x000000001000627c                tu_fifo_remaining
 .text.tu_fifo_read
                0x00000000100062a8       0xa0 CMakeFiles/pratica04.dir/home/david/Documentos/RTOS/pico/pico-sdk/lib/tinyusb/src/common/tusb_fifo.c.o
                0x00000000100062a8                tu_fifo_read
 .text.tu_fifo_read_n
                0x0000000010006348       0xec CMakeFiles/pratica04.dir/home/david/Documentos/RTOS/pico/pico-sdk/lib/tinyusb/src/common/tusb_fifo.c.o
                0x0000000010006348                tu_fifo_read_n
 .text.tu_fifo_write
                0x0000000010006434       0x88 CMakeFiles/pratica04.dir/home/david/Documentos/RTOS/pico/pico-sdk/lib/tinyusb/src/common/tusb_fifo.c.o
                0x0000000010006434                tu_fifo_write
 .text.tu_fifo_write_n
                0x00000000100064bc      0x168 CMakeFiles/pratica04.dir/home/david/Documentos/RTOS/pico/pico-sdk/lib/tinyusb/src/common/tusb_fifo.c.o
                0x00000000100064bc                tu_fifo_write_n
 .text.tu_fifo_clear
                0x0000000010006624       0x40 CMakeFiles/pratica04.dir/home/david/Documentos/RTOS/pico/pico-sdk/lib/tinyusb/src/common/tusb_fifo.c.o
                0x0000000010006624                tu_fifo_clear
 .text.tu_fifo_set_overwritable
                0x0000000010006664       0x48 CMakeFiles/pratica04.dir/home/david/Documentos/RTOS/pico/pico-sdk/lib/tinyusb/src/common/tusb_fifo.c.o
                0x0000000010006664                tu_fifo_set_overwritable
 .text.exception_set_exclusive_handler
                0x00000000100066ac       0x48 CMakeFiles/pratica04.dir/home/david/Documentos/RTOS/pico/pico-sdk/src/rp2_common/hardware_exception/exception.c.o
                0x00000000100066ac                exception_set_exclusive_handler
 *fill*         0x00000000100066f4        0xc 
 .text.vPortStartFirstTask
                0x0000000010006700       0x34 CMakeFiles/pratica04.dir/home/david/Documentos/RTOS/pico/FreeRTOS-Kernel/portable/ThirdParty/GCC/RP2040/port.c.o
 *fill*         0x0000000010006734        0xc 
 .text.xPortPendSVHandler
                0x0000000010006740       0x64 CMakeFiles/pratica04.dir/home/david/Documentos/RTOS/pico/FreeRTOS-Kernel/portable/ThirdParty/GCC/RP2040/port.c.o
                0x0000000010006740                xPortPendSVHandler
 .text.prvTaskExitError
                0x00000000100067a4        0x8 CMakeFiles/pratica04.dir/home/david/Documentos/RTOS/pico/FreeRTOS-Kernel/portable/ThirdParty/GCC/RP2040/port.c.o
 .text.prvFIFOInterruptHandler
                0x00000000100067ac       0x78 CMakeFiles/pratica04.dir/home/david/Documentos/RTOS/pico/FreeRTOS-Kernel/portable/ThirdParty/GCC/RP2040/port.c.o
 .text.vPortSVCHandler
                0x0000000010006824        0x4 CMakeFiles/pratica04.dir/home/david/Documentos/RTOS/pico/FreeRTOS-Kernel/portable/ThirdParty/GCC/RP2040/port.c.o
                0x0000000010006824                vPortSVCHandler
 .text.pxPortInitialiseStack
                0x0000000010006828       0x20 CMakeFiles/pratica04.dir/home/david/Documentos/RTOS/pico/FreeRTOS-Kernel/portable/ThirdParty/GCC/RP2040/port.c.o
                0x0000000010006828                pxPortInitialiseStack
 .text.vPortYield
                0x0000000010006848       0x18 CMakeFiles/pratica04.dir/home/david/Documentos/RTOS/pico/FreeRTOS-Kernel/portable/ThirdParty/GCC/RP2040/port.c.o
                0x0000000010006848                vPortYield
 .text.vPortEnterCritical
                0x0000000010006860       0x18 CMakeFiles/pratica04.dir/home/david/Documentos/RTOS/pico/FreeRTOS-Kernel/portable/ThirdParty/GCC/RP2040/port.c.o
                0x0000000010006860                vPortEnterCritical
 .text.vPortExitCritical
                0x0000000010006878       0x14 CMakeFiles/pratica04.dir/home/david/Documentos/RTOS/pico/FreeRTOS-Kernel/portable/ThirdParty/GCC/RP2040/port.c.o
                0x0000000010006878                vPortExitCritical
 .text.ulSetInterruptMaskFromISR
                0x000000001000688c        0x8 CMakeFiles/pratica04.dir/home/david/Documentos/RTOS/pico/FreeRTOS-Kernel/portable/ThirdParty/GCC/RP2040/port.c.o
                0x000000001000688c                ulSetInterruptMaskFromISR
 .text.vClearInterruptMaskFromISR
                0x0000000010006894        0x8 CMakeFiles/pratica04.dir/home/david/Documentos/RTOS/pico/FreeRTOS-Kernel/portable/ThirdParty/GCC/RP2040/port.c.o
                0x0000000010006894                vClearInterruptMaskFromISR
 .text.xPortSysTickHandler
                0x000000001000689c       0x24 CMakeFiles/pratica04.dir/home/david/Documentos/RTOS/pico/FreeRTOS-Kernel/portable/ThirdParty/GCC/RP2040/port.c.o
                0x000000001000689c                xPortSysTickHandler
 .text.vPortSetupTimerInterrupt
                0x00000000100068c0       0x34 CMakeFiles/pratica04.dir/home/david/Documentos/RTOS/pico/FreeRTOS-Kernel/portable/ThirdParty/GCC/RP2040/port.c.o
                0x00000000100068c0                vPortSetupTimerInterrupt
 .text.xPortStartScheduler
                0x00000000100068f4       0xa0 CMakeFiles/pratica04.dir/home/david/Documentos/RTOS/pico/FreeRTOS-Kernel/portable/ThirdParty/GCC/RP2040/port.c.o
                0x00000000100068f4                xPortStartScheduler
 .text.ulPortLockGetCurrentOwnerId
                0x0000000010006994       0x2c CMakeFiles/pratica04.dir/home/david/Documentos/RTOS/pico/FreeRTOS-Kernel/portable/ThirdParty/GCC/RP2040/port.c.o
                0x0000000010006994                ulPortLockGetCurrentOwnerId
 .text.vPortLockInternalSpinUnlockWithNotify
                0x00000000100069c0       0xcc CMakeFiles/pratica04.dir/home/david/Documentos/RTOS/pico/FreeRTOS-Kernel/portable/ThirdParty/GCC/RP2040/port.c.o
                0x00000000100069c0                vPortLockInternalSpinUnlockWithNotify
 .text.xPortLockInternalSpinUnlockWithBestEffortWaitOrTimeout
                0x0000000010006a8c       0xfc CMakeFiles/pratica04.dir/home/david/Documentos/RTOS/pico/FreeRTOS-Kernel/portable/ThirdParty/GCC/RP2040/port.c.o
                0x0000000010006a8c                xPortLockInternalSpinUnlockWithBestEffortWaitOrTimeout
 .text.startup.prvRuntimeInitializer
                0x0000000010006b88       0x28 CMakeFiles/pratica04.dir/home/david/Documentos/RTOS/pico/FreeRTOS-Kernel/portable/ThirdParty/GCC/RP2040/port.c.o
 .text.vEventGroupSetBitsCallback
                0x0000000010006bb0       0x8c CMakeFiles/pratica04.dir/home/david/Documentos/RTOS/pico/FreeRTOS-Kernel/event_groups.c.o
                0x0000000010006bb0                vEventGroupSetBitsCallback
 .text.xEventGroupCreate
                0x0000000010006c3c       0x18 CMakeFiles/pratica04.dir/home/david/Documentos/RTOS/pico/FreeRTOS-Kernel/event_groups.c.o
                0x0000000010006c3c                xEventGroupCreate
 .text.xEventGroupWaitBits
                0x0000000010006c54       0xb8 CMakeFiles/pratica04.dir/home/david/Documentos/RTOS/pico/FreeRTOS-Kernel/event_groups.c.o
                0x0000000010006c54                xEventGroupWaitBits
 .text.xEventGroupSetBits
                0x0000000010006d0c       0x90 CMakeFiles/pratica04.dir/home/david/Documentos/RTOS/pico/FreeRTOS-Kernel/event_groups.c.o
                0x0000000010006d0c                xEventGroupSetBits
 .text.xEventGroupSetBitsFromISR
                0x0000000010006d9c       0x14 CMakeFiles/pratica04.dir/home/david/Documentos/RTOS/pico/FreeRTOS-Kernel/event_groups.c.o
                0x0000000010006d9c                xEventGroupSetBitsFromISR
 .text.vListInitialise
                0x0000000010006db0       0x18 CMakeFiles/pratica04.dir/home/david/Documentos/RTOS/pico/FreeRTOS-Kernel/list.c.o
                0x0000000010006db0                vListInitialise
 .text.vListInitialiseItem
                0x0000000010006dc8        0x8 CMakeFiles/pratica04.dir/home/david/Documentos/RTOS/pico/FreeRTOS-Kernel/list.c.o
                0x0000000010006dc8                vListInitialiseItem
 .text.vListInsert
                0x0000000010006dd0       0x30 CMakeFiles/pratica04.dir/home/david/Documentos/RTOS/pico/FreeRTOS-Kernel/list.c.o
                0x0000000010006dd0                vListInsert
 .text.uxListRemove
                0x0000000010006e00       0x20 CMakeFiles/pratica04.dir/home/david/Documentos/RTOS/pico/FreeRTOS-Kernel/list.c.o
                0x0000000010006e00                uxListRemove
 .text.prvUnlockQueue
                0x0000000010006e20      0x148 CMakeFiles/pratica04.dir/home/david/Documentos/RTOS/pico/FreeRTOS-Kernel/queue.c.o
 .text.prvNotifyQueueSetContainer
                0x0000000010006f68       0x9c CMakeFiles/pratica04.dir/home/david/Documentos/RTOS/pico/FreeRTOS-Kernel/queue.c.o
 .text.xQueueGenericCreate
                0x0000000010007004       0xa0 CMakeFiles/pratica04.dir/home/david/Documentos/RTOS/pico/FreeRTOS-Kernel/queue.c.o
                0x0000000010007004                xQueueGenericCreate
 .text.xQueueGenericSend
                0x00000000100070a4      0x1cc CMakeFiles/pratica04.dir/home/david/Documentos/RTOS/pico/FreeRTOS-Kernel/queue.c.o
                0x00000000100070a4                xQueueGenericSend
 .text.xQueueGenericSendFromISR
                0x0000000010007270      0x138 CMakeFiles/pratica04.dir/home/david/Documentos/RTOS/pico/FreeRTOS-Kernel/queue.c.o
                0x0000000010007270                xQueueGenericSendFromISR
 .text.xQueueGiveFromISR
                0x00000000100073a8       0x7c CMakeFiles/pratica04.dir/home/david/Documentos/RTOS/pico/FreeRTOS-Kernel/queue.c.o
                0x00000000100073a8                xQueueGiveFromISR
 .text.xQueueReceive
                0x0000000010007424      0x11c CMakeFiles/pratica04.dir/home/david/Documentos/RTOS/pico/FreeRTOS-Kernel/queue.c.o
                0x0000000010007424                xQueueReceive
 .text.xQueueSemaphoreTake
                0x0000000010007540      0x150 CMakeFiles/pratica04.dir/home/david/Documentos/RTOS/pico/FreeRTOS-Kernel/queue.c.o
                0x0000000010007540                xQueueSemaphoreTake
 .text.vQueueAddToRegistry
                0x0000000010007690       0xec CMakeFiles/pratica04.dir/home/david/Documentos/RTOS/pico/FreeRTOS-Kernel/queue.c.o
                0x0000000010007690                vQueueAddToRegistry
 .text.vQueueWaitForMessageRestricted
                0x000000001000777c       0x48 CMakeFiles/pratica04.dir/home/david/Documentos/RTOS/pico/FreeRTOS-Kernel/queue.c.o
                0x000000001000777c                vQueueWaitForMessageRestricted
 .text.prvAddNewTaskToReadyList
                0x00000000100077c4      0x12c CMakeFiles/pratica04.dir/home/david/Documentos/RTOS/pico/FreeRTOS-Kernel/tasks.c.o
 .text.prvIdleTask
                0x00000000100078f0       0x60 CMakeFiles/pratica04.dir/home/david/Documentos/RTOS/pico/FreeRTOS-Kernel/tasks.c.o
 .text.xTaskIncrementTick.part.0
                0x0000000010007950      0x1a0 CMakeFiles/pratica04.dir/home/david/Documentos/RTOS/pico/FreeRTOS-Kernel/tasks.c.o
 .text.xTaskCreate
                0x0000000010007af0      0x168 CMakeFiles/pratica04.dir/home/david/Documentos/RTOS/pico/FreeRTOS-Kernel/tasks.c.o
                0x0000000010007af0                xTaskCreate
 .text.vTaskStartScheduler
                0x0000000010007c58       0xc4 CMakeFiles/pratica04.dir/home/david/Documentos/RTOS/pico/FreeRTOS-Kernel/tasks.c.o
                0x0000000010007c58                vTaskStartScheduler
 .text.vTaskSuspendAll
                0x0000000010007d1c       0x10 CMakeFiles/pratica04.dir/home/david/Documentos/RTOS/pico/FreeRTOS-Kernel/tasks.c.o
                0x0000000010007d1c                vTaskSuspendAll
 .text.xTaskResumeAll
                0x0000000010007d2c      0x194 CMakeFiles/pratica04.dir/home/david/Documentos/RTOS/pico/FreeRTOS-Kernel/tasks.c.o
                0x0000000010007d2c                xTaskResumeAll
 .text.xTaskGetTickCount
                0x0000000010007ec0        0xc CMakeFiles/pratica04.dir/home/david/Documentos/RTOS/pico/FreeRTOS-Kernel/tasks.c.o
                0x0000000010007ec0                xTaskGetTickCount
 .text.uxTaskGetNumberOfTasks
                0x0000000010007ecc        0xc CMakeFiles/pratica04.dir/home/david/Documentos/RTOS/pico/FreeRTOS-Kernel/tasks.c.o
                0x0000000010007ecc                uxTaskGetNumberOfTasks
 .text.xTaskIncrementTick
                0x0000000010007ed8       0x24 CMakeFiles/pratica04.dir/home/david/Documentos/RTOS/pico/FreeRTOS-Kernel/tasks.c.o
                0x0000000010007ed8                xTaskIncrementTick
 .text.vTaskSwitchContext
                0x0000000010007efc       0x7c CMakeFiles/pratica04.dir/home/david/Documentos/RTOS/pico/FreeRTOS-Kernel/tasks.c.o
                0x0000000010007efc                vTaskSwitchContext
 .text.vTaskPlaceOnEventList
                0x0000000010007f78       0xa0 CMakeFiles/pratica04.dir/home/david/Documentos/RTOS/pico/FreeRTOS-Kernel/tasks.c.o
                0x0000000010007f78                vTaskPlaceOnEventList
 .text.vTaskPlaceOnUnorderedEventList
                0x0000000010008018       0xc8 CMakeFiles/pratica04.dir/home/david/Documentos/RTOS/pico/FreeRTOS-Kernel/tasks.c.o
                0x0000000010008018                vTaskPlaceOnUnorderedEventList
 .text.vTaskPlaceOnEventListRestricted
                0x00000000100080e0       0xdc CMakeFiles/pratica04.dir/home/david/Documentos/RTOS/pico/FreeRTOS-Kernel/tasks.c.o
                0x00000000100080e0                vTaskPlaceOnEventListRestricted
 .text.xTaskRemoveFromEventList
                0x00000000100081bc       0xd8 CMakeFiles/pratica04.dir/home/david/Documentos/RTOS/pico/FreeRTOS-Kernel/tasks.c.o
                0x00000000100081bc                xTaskRemoveFromEventList
 .text.vTaskRemoveFromUnorderedEventList
                0x0000000010008294       0x98 CMakeFiles/pratica04.dir/home/david/Documentos/RTOS/pico/FreeRTOS-Kernel/tasks.c.o
                0x0000000010008294                vTaskRemoveFromUnorderedEventList
 .text.vTaskInternalSetTimeOutState
                0x000000001000832c       0x18 CMakeFiles/pratica04.dir/home/david/Documentos/RTOS/pico/FreeRTOS-Kernel/tasks.c.o
                0x000000001000832c                vTaskInternalSetTimeOutState
 .text.xTaskCheckForTimeOut
                0x0000000010008344       0x74 CMakeFiles/pratica04.dir/home/david/Documentos/RTOS/pico/FreeRTOS-Kernel/tasks.c.o
                0x0000000010008344                xTaskCheckForTimeOut
 .text.vTaskMissedYield
                0x00000000100083b8        0xc CMakeFiles/pratica04.dir/home/david/Documentos/RTOS/pico/FreeRTOS-Kernel/tasks.c.o
                0x00000000100083b8                vTaskMissedYield
 .text.xTaskGetCurrentTaskHandle
                0x00000000100083c4        0xc CMakeFiles/pratica04.dir/home/david/Documentos/RTOS/pico/FreeRTOS-Kernel/tasks.c.o
                0x00000000100083c4                xTaskGetCurrentTaskHandle
 .text.xTaskPriorityInherit
                0x00000000100083d0       0x94 CMakeFiles/pratica04.dir/home/david/Documentos/RTOS/pico/FreeRTOS-Kernel/tasks.c.o
                0x00000000100083d0                xTaskPriorityInherit
 .text.xTaskPriorityDisinherit
                0x0000000010008464       0x64 CMakeFiles/pratica04.dir/home/david/Documentos/RTOS/pico/FreeRTOS-Kernel/tasks.c.o
                0x0000000010008464                xTaskPriorityDisinherit
 .text.vTaskPriorityDisinheritAfterTimeout
                0x00000000100084c8       0x80 CMakeFiles/pratica04.dir/home/david/Documentos/RTOS/pico/FreeRTOS-Kernel/tasks.c.o
                0x00000000100084c8                vTaskPriorityDisinheritAfterTimeout
 .text.uxTaskResetEventItemValue
                0x0000000010008548       0x18 CMakeFiles/pratica04.dir/home/david/Documentos/RTOS/pico/FreeRTOS-Kernel/tasks.c.o
                0x0000000010008548                uxTaskResetEventItemValue
 .text.pvTaskIncrementMutexHeldCount
                0x0000000010008560       0x14 CMakeFiles/pratica04.dir/home/david/Documentos/RTOS/pico/FreeRTOS-Kernel/tasks.c.o
                0x0000000010008560                pvTaskIncrementMutexHeldCount
 .text.prvTimerTask
                0x0000000010008574      0x388 CMakeFiles/pratica04.dir/home/david/Documentos/RTOS/pico/FreeRTOS-Kernel/timers.c.o
 .text.xTimerCreateTimerTask
                0x00000000100088fc       0x8c CMakeFiles/pratica04.dir/home/david/Documentos/RTOS/pico/FreeRTOS-Kernel/timers.c.o
                0x00000000100088fc                xTimerCreateTimerTask
 .text.xTimerPendFunctionCallFromISR
                0x0000000010008988       0x28 CMakeFiles/pratica04.dir/home/david/Documentos/RTOS/pico/FreeRTOS-Kernel/timers.c.o
                0x0000000010008988                xTimerPendFunctionCallFromISR
 .text.pvPortMalloc
                0x00000000100089b0      0x114 CMakeFiles/pratica04.dir/home/david/Documentos/RTOS/pico/FreeRTOS-Kernel/portable/MemMang/heap_4.c.o
                0x00000000100089b0                pvPortMalloc
 .text.vPortFree
                0x0000000010008ac4       0x8c CMakeFiles/pratica04.dir/home/david/Documentos/RTOS/pico/FreeRTOS-Kernel/portable/MemMang/heap_4.c.o
                0x0000000010008ac4                vPortFree
 .text.strlen   0x0000000010008b50       0x5c /home/david/lab/toolchain/gcc-arm-none-eabi-10.3-2021.10/bin/../lib/gcc/arm-none-eabi/10.3.1/../../../../arm-none-eabi/lib/thumb/v6-m/nofp/libg.a(lib_a-strlen-stub.o)
                0x0000000010008b50                strlen
 *(.fini)
 .fini          0x0000000010008bac        0x4 /home/david/lab/toolchain/gcc-arm-none-eabi-10.3-2021.10/bin/../lib/gcc/arm-none-eabi/10.3.1/thumb/v6-m/nofp/crti.o
                0x0000000010008bac                _fini
 .fini.__stub   0x0000000010008bb0       0xd0 linker stubs
 *crtbegin.o(.ctors)
 *crtbegin?.o(.ctors)
 *(EXCLUDE_FILE(*crtend.o *crtend?.o) .ctors)
 *(SORT_BY_NAME(.ctors.*))
 *(.ctors)
 *crtbegin.o(.dtors)
 *crtbegin?.o(.dtors)
 *(EXCLUDE_FILE(*crtend.o *crtend?.o) .dtors)
 *(SORT_BY_NAME(.dtors.*))
 *(.dtors)
                0x0000000010008c80                . = ALIGN (0x4)
                0x0000000010008c80                PROVIDE (__preinit_array_start = .)
 *(SORT_BY_NAME(.preinit_array.*))
 .preinit_array.00100
                0x0000000010008c80        0x4 CMakeFiles/pratica04.dir/home/david/Documentos/RTOS/pico/pico-sdk/src/rp2_common/pico_runtime_init/runtime_init.c.o
                0x0000000010008c80                __pre_init_runtime_init_early_resets
 .preinit_array.00101
                0x0000000010008c84        0x4 CMakeFiles/pratica04.dir/home/david/Documentos/RTOS/pico/pico-sdk/src/rp2_common/pico_runtime_init/runtime_init.c.o
                0x0000000010008c84                __pre_init_runtime_init_usb_power_down
 .preinit_array.00275
                0x0000000010008c88        0x4 CMakeFiles/pratica04.dir/home/david/Documentos/RTOS/pico/pico-sdk/src/rp2_common/pico_bit_ops/bit_ops_aeabi.S.o
 .preinit_array.00300
                0x0000000010008c8c        0x4 CMakeFiles/pratica04.dir/home/david/Documentos/RTOS/pico/pico-sdk/src/rp2_common/pico_mem_ops/mem_ops_aeabi.S.o
 .preinit_array.00350
                0x0000000010008c90        0x4 CMakeFiles/pratica04.dir/home/david/Documentos/RTOS/pico/pico-sdk/src/rp2_common/pico_double/double_aeabi_rp2040.S.o
 .preinit_array.00350
                0x0000000010008c94        0x4 CMakeFiles/pratica04.dir/home/david/Documentos/RTOS/pico/pico-sdk/src/rp2_common/pico_float/float_aeabi_rp2040.S.o
 .preinit_array.00500
                0x0000000010008c98        0x4 CMakeFiles/pratica04.dir/home/david/Documentos/RTOS/pico/pico-sdk/src/rp2_common/pico_runtime_init/runtime_init.c.o
                0x0000000010008c98                __pre_init_runtime_init_clocks
 .preinit_array.00600
                0x0000000010008c9c        0x4 CMakeFiles/pratica04.dir/home/david/Documentos/RTOS/pico/pico-sdk/src/rp2_common/pico_runtime_init/runtime_init.c.o
                0x0000000010008c9c                __pre_init_runtime_init_post_clock_resets
 .preinit_array.00700
                0x0000000010008ca0        0x4 CMakeFiles/pratica04.dir/home/david/Documentos/RTOS/pico/pico-sdk/src/rp2_common/pico_runtime_init/runtime_init.c.o
                0x0000000010008ca0                __pre_init_runtime_init_rp2040_gpio_ie_disable
 .preinit_array.01000
                0x0000000010008ca4        0x4 CMakeFiles/pratica04.dir/home/david/Documentos/RTOS/pico/pico-sdk/src/rp2_common/pico_runtime_init/runtime_init.c.o
                0x0000000010008ca4                __pre_init_runtime_init_spin_locks_reset
 .preinit_array.01100
                0x0000000010008ca8        0x4 CMakeFiles/pratica04.dir/home/david/Documentos/RTOS/pico/pico-sdk/src/common/pico_sync/mutex.c.o
                0x0000000010008ca8                __pre_init_runtime_init_mutex
 .preinit_array.10080
                0x0000000010008cac        0x4 CMakeFiles/pratica04.dir/home/david/Documentos/RTOS/pico/pico-sdk/src/rp2_common/pico_runtime_init/runtime_init.c.o
                0x0000000010008cac                __pre_init_runtime_init_install_ram_vector_table
 .preinit_array.11000
                0x0000000010008cb0        0x4 CMakeFiles/pratica04.dir/home/david/Documentos/RTOS/pico/pico-sdk/src/common/pico_time/time.c.o
                0x0000000010008cb0                __pre_init_runtime_init_default_alarm_pool
 .preinit_array.YYYYY
                0x0000000010008cb4        0x4 CMakeFiles/pratica04.dir/home/david/Documentos/RTOS/pico/pico-sdk/src/rp2_common/pico_runtime/runtime.c.o
                0x0000000010008cb4                __pre_init_first_per_core_initializer
 .preinit_array.ZZZZZ.01200
                0x0000000010008cb8        0x4 CMakeFiles/pratica04.dir/home/david/Documentos/RTOS/pico/pico-sdk/src/rp2_common/hardware_irq/irq.c.o
                0x0000000010008cb8                __pre_init_runtime_init_per_core_irq_priorities
 *(.preinit_array)
                0x0000000010008cbc                PROVIDE (__preinit_array_end = .)
                0x0000000010008cbc                . = ALIGN (0x4)
                0x0000000010008cbc                PROVIDE (__init_array_start = .)
 *(SORT_BY_NAME(.init_array.*))
 *(.init_array)
 .init_array    0x0000000010008cbc        0x4 /home/david/lab/toolchain/gcc-arm-none-eabi-10.3-2021.10/bin/../lib/gcc/arm-none-eabi/10.3.1/thumb/v6-m/nofp/crtbegin.o
 .init_array    0x0000000010008cc0        0x4 CMakeFiles/pratica04.dir/home/david/Documentos/RTOS/pico/pico-sdk/src/rp2_common/pico_unique_id/unique_id.c.o
 .init_array    0x0000000010008cc4        0x4 CMakeFiles/pratica04.dir/home/david/Documentos/RTOS/pico/FreeRTOS-Kernel/portable/ThirdParty/GCC/RP2040/port.c.o
                0x0000000010008cc8                PROVIDE (__init_array_end = .)
                0x0000000010008cc8                . = ALIGN (0x4)
                [!provide]                        PROVIDE (__fini_array_start = .)
 *(SORT_BY_NAME(.fini_array.*))
 *(.fini_array)
                [!provide]                        PROVIDE (__fini_array_end = .)
 *(.eh_frame*)
 .eh_frame      0x0000000010008cc8        0x0 /home/david/lab/toolchain/gcc-arm-none-eabi-10.3-2021.10/bin/../lib/gcc/arm-none-eabi/10.3.1/thumb/v6-m/nofp/crtbegin.o
                0x0000000010008cc8                . = ALIGN (0x4)

.glue_7         0x0000000010008cc8        0x0
 .glue_7        0x0000000010008cc8        0x0 linker stubs

.glue_7t        0x0000000010008cc8        0x0
 .glue_7t       0x0000000010008cc8        0x0 linker stubs

.vfp11_veneer   0x0000000010008cc8        0x0
 .vfp11_veneer  0x0000000010008cc8        0x0 linker stubs

.v4_bx          0x0000000010008cc8        0x0
 .v4_bx         0x0000000010008cc8        0x0 linker stubs

.iplt           0x0000000010008cc8        0x0
 .iplt          0x0000000010008cc8        0x0 /home/david/lab/toolchain/gcc-arm-none-eabi-10.3-2021.10/bin/../lib/gcc/arm-none-eabi/10.3.1/thumb/v6-m/nofp/crtbegin.o

.rodata         0x0000000010008cc8      0x6f0
 *(EXCLUDE_FILE(*libm.a: *libc.a:*lib_a-mem*.o *libgcc.a:) .rodata*)
 .rodata.taskLed.str1.4
                0x0000000010008cc8       0x1d CMakeFiles/pratica04.dir/src/main.c.o
 *fill*         0x0000000010008ce5        0x3 
 .rodata.main.str1.4
                0x0000000010008ce8       0x14 CMakeFiles/pratica04.dir/src/main.c.o
 .rodata.panic.str1.4
                0x0000000010008cfc       0x12 CMakeFiles/pratica04.dir/home/david/Documentos/RTOS/pico/pico-sdk/src/rp2_common/pico_platform_panic/panic.c.o
 *fill*         0x0000000010008d0e        0x2 
 .rodata.panic_unsupported.str1.4
                0x0000000010008d10        0xe CMakeFiles/pratica04.dir/home/david/Documentos/RTOS/pico/pico-sdk/src/rp2_common/pico_platform_panic/panic.c.o
 *fill*         0x0000000010008d1e        0x2 
 .rodata.spin_lock_claim_unused.str1.4
                0x0000000010008d20       0x1b CMakeFiles/pratica04.dir/home/david/Documentos/RTOS/pico/pico-sdk/src/rp2_common/hardware_sync/sync.c.o
 *fill*         0x0000000010008d3b        0x1 
 .rodata.user_irq_claim_unused.str1.4
                0x0000000010008d3c       0x1b CMakeFiles/pratica04.dir/home/david/Documentos/RTOS/pico/pico-sdk/src/rp2_common/hardware_irq/irq.c.o
 *fill*         0x0000000010008d57        0x1 
 .rodata.timer_hardware_alarm_claim.str1.4
                0x0000000010008d58       0x22 CMakeFiles/pratica04.dir/home/david/Documentos/RTOS/pico/pico-sdk/src/rp2_common/hardware_timer/timer.c.o
 *fill*         0x0000000010008d7a        0x2 
 .rodata.hard_assertion_failure.str1.4
                0x0000000010008d7c        0xc CMakeFiles/pratica04.dir/home/david/Documentos/RTOS/pico/pico-sdk/src/rp2_common/pico_runtime/runtime.c.o
 .rodata.missing_double_func_shim.str1.4
                0x0000000010008d88       0x18 CMakeFiles/pratica04.dir/home/david/Documentos/RTOS/pico/pico-sdk/src/rp2_common/pico_double/double_init_rom_rp2040.c.o
 .rodata.missing_float_func_shim.str1.4
                0x0000000010008da0       0x18 CMakeFiles/pratica04.dir/home/david/Documentos/RTOS/pico/pico-sdk/src/rp2_common/pico_float/float_init_rom_rp2040.c.o
                                          0x1 (size before relaxing)
 .rodata.str1.4
                0x0000000010008da0       0x40 CMakeFiles/pratica04.dir/home/david/Documentos/RTOS/pico/pico-sdk/src/rp2_common/pico_standard_binary_info/standard_binary_info.c.o
 .rodata.__bi_26
                0x0000000010008de0        0xc CMakeFiles/pratica04.dir/home/david/Documentos/RTOS/pico/pico-sdk/src/rp2_common/pico_standard_binary_info/standard_binary_info.c.o
 .rodata.__bi_34
                0x0000000010008dec        0xc CMakeFiles/pratica04.dir/home/david/Documentos/RTOS/pico/pico-sdk/src/rp2_common/pico_standard_binary_info/standard_binary_info.c.o
 .rodata.__bi_42
                0x0000000010008df8        0xc CMakeFiles/pratica04.dir/home/david/Documentos/RTOS/pico/pico-sdk/src/rp2_common/pico_standard_binary_info/standard_binary_info.c.o
 .rodata.__bi_48
                0x0000000010008e04        0xc CMakeFiles/pratica04.dir/home/david/Documentos/RTOS/pico/pico-sdk/src/rp2_common/pico_standard_binary_info/standard_binary_info.c.o
 .rodata.__bi_54
                0x0000000010008e10        0xc CMakeFiles/pratica04.dir/home/david/Documentos/RTOS/pico/pico-sdk/src/rp2_common/pico_standard_binary_info/standard_binary_info.c.o
 .rodata.__bi_78
                0x0000000010008e1c        0xc CMakeFiles/pratica04.dir/home/david/Documentos/RTOS/pico/pico-sdk/src/rp2_common/pico_standard_binary_info/standard_binary_info.c.o
 .rodata.__bi_84
                0x0000000010008e28        0xc CMakeFiles/pratica04.dir/home/david/Documentos/RTOS/pico/pico-sdk/src/rp2_common/pico_standard_binary_info/standard_binary_info.c.o
 .rodata._ftoa.str1.4
                0x0000000010008e34       0x15 CMakeFiles/pratica04.dir/home/david/Documentos/RTOS/pico/pico-sdk/src/rp2_common/pico_printf/printf.c.o
 *fill*         0x0000000010008e49        0x3 
 .rodata._vsnprintf
                0x0000000010008e4c      0x1e0 CMakeFiles/pratica04.dir/home/david/Documentos/RTOS/pico/pico-sdk/src/rp2_common/pico_printf/printf.c.o
 *fill*         0x000000001000902c        0x4 
 .rodata.pow10.0
                0x0000000010009030       0x50 CMakeFiles/pratica04.dir/home/david/Documentos/RTOS/pico/pico-sdk/src/rp2_common/pico_printf/printf.c.o
 .rodata.crlf_str.0
                0x0000000010009080        0x2 CMakeFiles/pratica04.dir/home/david/Documentos/RTOS/pico/pico-sdk/src/rp2_common/pico_stdio/stdio.c.o
 *fill*         0x0000000010009082        0x2 
 .rodata._resetd_driver
                0x0000000010009084       0x20 CMakeFiles/pratica04.dir/home/david/Documentos/RTOS/pico/pico-sdk/src/rp2_common/pico_stdio_usb/reset_interface.c.o
 .rodata.desc_bos
                0x00000000100090a4       0x21 CMakeFiles/pratica04.dir/home/david/Documentos/RTOS/pico/pico-sdk/src/rp2_common/pico_stdio_usb/reset_interface.c.o
                0x00000000100090a4                desc_bos
 *fill*         0x00000000100090c5        0x3 
 .rodata.desc_ms_os_20
                0x00000000100090c8       0xa6 CMakeFiles/pratica04.dir/home/david/Documentos/RTOS/pico/pico-sdk/src/rp2_common/pico_stdio_usb/reset_interface.c.o
 *fill*         0x000000001000916e        0x2 
 .rodata.str1.4
                0x0000000010009170       0x13 CMakeFiles/pratica04.dir/home/david/Documentos/RTOS/pico/pico-sdk/src/rp2_common/pico_stdio_usb/stdio_usb.c.o
 *fill*         0x0000000010009183        0x1 
 .rodata.__bi_197.0
                0x0000000010009184        0xc CMakeFiles/pratica04.dir/home/david/Documentos/RTOS/pico/pico-sdk/src/rp2_common/pico_stdio_usb/stdio_usb.c.o
 .rodata.str1.4
                0x0000000010009190       0x2a CMakeFiles/pratica04.dir/home/david/Documentos/RTOS/pico/pico-sdk/src/rp2_common/pico_stdio_usb/stdio_usb_descriptors.c.o
 *fill*         0x00000000100091ba        0x2 
 .rodata.usbd_desc_cfg
                0x00000000100091bc       0x54 CMakeFiles/pratica04.dir/home/david/Documentos/RTOS/pico/pico-sdk/src/rp2_common/pico_stdio_usb/stdio_usb_descriptors.c.o
 .rodata.usbd_desc_device
                0x0000000010009210       0x12 CMakeFiles/pratica04.dir/home/david/Documentos/RTOS/pico/pico-sdk/src/rp2_common/pico_stdio_usb/stdio_usb_descriptors.c.o
 *fill*         0x0000000010009222        0x2 
 .rodata.usbd_desc_str
                0x0000000010009224       0x18 CMakeFiles/pratica04.dir/home/david/Documentos/RTOS/pico/pico-sdk/src/rp2_common/pico_stdio_usb/stdio_usb_descriptors.c.o
 .rodata.str1.4
                0x000000001000923c       0x14 CMakeFiles/pratica04.dir/home/david/Documentos/RTOS/pico/pico-sdk/lib/tinyusb/src/portable/raspberrypi/rp2040/dcd_rp2040.c.o
 .rodata.str1.4
                0x0000000010009250       0x48 CMakeFiles/pratica04.dir/home/david/Documentos/RTOS/pico/pico-sdk/lib/tinyusb/src/portable/raspberrypi/rp2040/rp2040_usb.c.o
 .rodata.tud_task_ext
                0x0000000010009298       0x8c CMakeFiles/pratica04.dir/home/david/Documentos/RTOS/pico/pico-sdk/lib/tinyusb/src/device/usbd.c.o
 .rodata        0x0000000010009324       0x1c CMakeFiles/pratica04.dir/home/david/Documentos/RTOS/pico/pico-sdk/lib/tinyusb/src/device/usbd.c.o
 .rodata._usbd_driver
                0x0000000010009340       0x40 CMakeFiles/pratica04.dir/home/david/Documentos/RTOS/pico/pico-sdk/lib/tinyusb/src/device/usbd.c.o
 .rodata.prvTimerTask
                0x0000000010009380       0x28 CMakeFiles/pratica04.dir/home/david/Documentos/RTOS/pico/FreeRTOS-Kernel/timers.c.o
 .rodata.xTimerCreateTimerTask.str1.4
                0x00000000100093a8       0x10 CMakeFiles/pratica04.dir/home/david/Documentos/RTOS/pico/FreeRTOS-Kernel/timers.c.o
                0x00000000100093b8                . = ALIGN (0x4)
 *(SORT_BY_ALIGNMENT(SORT_BY_NAME(.flashdata*)))
                0x00000000100093b8                . = ALIGN (0x4)

.ARM.extab
 *(.ARM.extab* .gnu.linkonce.armextab.*)
                0x00000000100093b8                __exidx_start = .

.ARM.exidx
 *(.ARM.exidx* .gnu.linkonce.armexidx.*)
                0x00000000100093b8                __exidx_end = .
                0x00000000100093b8                . = ALIGN (0x4)
                0x00000000100093b8                __binary_info_start = .

.binary_info    0x00000000100093b8       0x20
 *(.binary_info.keep.*)
 .binary_info.keep.__bi_ptr26
                0x00000000100093b8        0x4 CMakeFiles/pratica04.dir/home/david/Documentos/RTOS/pico/pico-sdk/src/rp2_common/pico_standard_binary_info/standard_binary_info.c.o
 .binary_info.keep.__bi_ptr34
                0x00000000100093bc        0x4 CMakeFiles/pratica04.dir/home/david/Documentos/RTOS/pico/pico-sdk/src/rp2_common/pico_standard_binary_info/standard_binary_info.c.o
 .binary_info.keep.__bi_ptr42
                0x00000000100093c0        0x4 CMakeFiles/pratica04.dir/home/david/Documentos/RTOS/pico/pico-sdk/src/rp2_common/pico_standard_binary_info/standard_binary_info.c.o
 .binary_info.keep.__bi_ptr48
                0x00000000100093c4        0x4 CMakeFiles/pratica04.dir/home/david/Documentos/RTOS/pico/pico-sdk/src/rp2_common/pico_standard_binary_info/standard_binary_info.c.o
 .binary_info.keep.__bi_ptr54
                0x00000000100093c8        0x4 CMakeFiles/pratica04.dir/home/david/Documentos/RTOS/pico/pico-sdk/src/rp2_common/pico_standard_binary_info/standard_binary_info.c.o
 .binary_info.keep.__bi_ptr78
                0x00000000100093cc        0x4 CMakeFiles/pratica04.dir/home/david/Documentos/RTOS/pico/pico-sdk/src/rp2_common/pico_standard_binary_info/standard_binary_info.c.o
 .binary_info.keep.__bi_ptr84
                0x00000000100093d0        0x4 CMakeFiles/pratica04.dir/home/david/Documentos/RTOS/pico/pico-sdk/src/rp2_common/pico_standard_binary_info/standard_binary_info.c.o
 *(.binary_info.*)
 .binary_info.__bi_ptr197
                0x00000000100093d4        0x4 CMakeFiles/pratica04.dir/home/david/Documentos/RTOS/pico/pico-sdk/src/rp2_common/pico_stdio_usb/stdio_usb.c.o
                0x00000000100093d8                __binary_info_end = .

.rel.dyn        0x00000000100093d8        0x0
 .rel.iplt      0x00000000100093d8        0x0 /home/david/lab/toolchain/gcc-arm-none-eabi-10.3-2021.10/bin/../lib/gcc/arm-none-eabi/10.3.1/thumb/v6-m/nofp/crtbegin.o
                0x00000000100093d8                . = ALIGN (0x4)

.ram_vector_table
                0x0000000020000000       0xc0
 *(.ram_vector_table)
 .ram_vector_table
                0x0000000020000000       0xc0 CMakeFiles/pratica04.dir/home/david/Documentos/RTOS/pico/pico-sdk/src/rp2_common/pico_runtime_init/runtime_init.c.o
                0x0000000020000000                ram_vector_table

.uninitialized_data
                0x00000000200000c0        0x0
                0x00000000200000c0                . = ALIGN (0x4)
 *(.uninitialized_data*)

.data           0x00000000200000c0      0xfdc load address 0x00000000100093d8
                0x00000000200000c0                __data_start__ = .
 *(vtable)
 *(.time_critical*)
 .time_critical.mutex_try_enter
                0x00000000200000c0       0x44 CMakeFiles/pratica04.dir/home/david/Documentos/RTOS/pico/pico-sdk/src/common/pico_sync/mutex.c.o
                0x00000000200000c0                mutex_try_enter
 .time_critical.mutex_try_enter_block_until
                0x0000000020000104       0x9c CMakeFiles/pratica04.dir/home/david/Documentos/RTOS/pico/pico-sdk/src/common/pico_sync/mutex.c.o
                0x0000000020000104                mutex_try_enter_block_until
 .time_critical.mutex_enter_timeout_ms
                0x00000000200001a0       0x78 CMakeFiles/pratica04.dir/home/david/Documentos/RTOS/pico/pico-sdk/src/common/pico_sync/mutex.c.o
                0x00000000200001a0                mutex_enter_timeout_ms
 .time_critical.mutex_exit
                0x0000000020000218       0x20 CMakeFiles/pratica04.dir/home/david/Documentos/RTOS/pico/pico-sdk/src/common/pico_sync/mutex.c.o
                0x0000000020000218                mutex_exit
 .time_critical.flash_init_boot2_copyout
                0x0000000020000238       0x30 CMakeFiles/pratica04.dir/home/david/Documentos/RTOS/pico/pico-sdk/src/rp2_common/hardware_flash/flash.c.o
 .time_critical.flash_enable_xip_via_boot2
                0x0000000020000268       0x10 CMakeFiles/pratica04.dir/home/david/Documentos/RTOS/pico/pico-sdk/src/rp2_common/hardware_flash/flash.c.o
 .time_critical.flash_cs_force
                0x0000000020000278       0x38 CMakeFiles/pratica04.dir/home/david/Documentos/RTOS/pico/pico-sdk/src/rp2_common/hardware_flash/flash.c.o
 .time_critical.flash_do_cmd
                0x00000000200002b0       0xc4 CMakeFiles/pratica04.dir/home/david/Documentos/RTOS/pico/pico-sdk/src/rp2_common/hardware_flash/flash.c.o
                0x00000000200002b0                flash_do_cmd
 .time_critical.reset_non_control_endpoints
                0x0000000020000374       0xbc CMakeFiles/pratica04.dir/home/david/Documentos/RTOS/pico/pico-sdk/lib/tinyusb/src/portable/raspberrypi/rp2040/dcd_rp2040.c.o
 .time_critical.hw_handle_buff_status
                0x0000000020000430       0x98 CMakeFiles/pratica04.dir/home/david/Documentos/RTOS/pico/pico-sdk/lib/tinyusb/src/portable/raspberrypi/rp2040/dcd_rp2040.c.o
 .time_critical.dcd_rp2040_irq
                0x00000000200004c8      0x530 CMakeFiles/pratica04.dir/home/david/Documentos/RTOS/pico/pico-sdk/lib/tinyusb/src/portable/raspberrypi/rp2040/dcd_rp2040.c.o
 .time_critical.prepare_ep_buffer
                0x00000000200009f8       0xf4 CMakeFiles/pratica04.dir/home/david/Documentos/RTOS/pico/pico-sdk/lib/tinyusb/src/portable/raspberrypi/rp2040/rp2040_usb.c.o
 .time_critical.sync_ep_buffer
                0x0000000020000aec       0xb4 CMakeFiles/pratica04.dir/home/david/Documentos/RTOS/pico/pico-sdk/lib/tinyusb/src/portable/raspberrypi/rp2040/rp2040_usb.c.o
 .time_critical._hw_endpoint_xfer_sync
                0x0000000020000ba0       0x28 CMakeFiles/pratica04.dir/home/david/Documentos/RTOS/pico/pico-sdk/lib/tinyusb/src/portable/raspberrypi/rp2040/rp2040_usb.c.o
 .time_critical.e15_is_bulkin_ep
                0x0000000020000bc8       0x28 CMakeFiles/pratica04.dir/home/david/Documentos/RTOS/pico/pico-sdk/lib/tinyusb/src/portable/raspberrypi/rp2040/rp2040_usb.c.o
 .time_critical.e15_is_critical_frame_period
                0x0000000020000bf0       0x34 CMakeFiles/pratica04.dir/home/david/Documentos/RTOS/pico/pico-sdk/lib/tinyusb/src/portable/raspberrypi/rp2040/rp2040_usb.c.o
 .time_critical.hw_endpoint_reset_transfer
                0x0000000020000c24        0xc CMakeFiles/pratica04.dir/home/david/Documentos/RTOS/pico/pico-sdk/lib/tinyusb/src/portable/raspberrypi/rp2040/rp2040_usb.c.o
                0x0000000020000c24                hw_endpoint_reset_transfer
 .time_critical._hw_endpoint_buffer_control_update32
                0x0000000020000c30       0x50 CMakeFiles/pratica04.dir/home/david/Documentos/RTOS/pico/pico-sdk/lib/tinyusb/src/portable/raspberrypi/rp2040/rp2040_usb.c.o
                0x0000000020000c30                _hw_endpoint_buffer_control_update32
 .time_critical.hw_endpoint_start_next_buffer
                0x0000000020000c80       0x6c CMakeFiles/pratica04.dir/home/david/Documentos/RTOS/pico/pico-sdk/lib/tinyusb/src/portable/raspberrypi/rp2040/rp2040_usb.c.o
                0x0000000020000c80                hw_endpoint_start_next_buffer
 .time_critical.hw_endpoint_xfer_continue