Archive member included to satisfy reference by file (symbol)

/home/david/lab/toolchain/gcc-arm-none-eabi-10.3-2021.10/bin/../lib/gcc/arm-none-eabi/10.3.1/thumb/v6-m/nofp/libgcc.a(_dvmd_tls.o)
                              CMakeFiles/pratica04.dir/home/david/Documentos/RTOS/pico/pico-sdk/src/rp2_common/pico_divider/divider_hardware.S.o (__aeabi_idiv0)
/home/david/lab/toolchain/gcc-arm-none-eabi-10.3-2021.10/bin/../lib/gcc/arm-none-eabi/10.3.1/../../../../arm-none-eabi/lib/thumb/v6-m/nofp/libg.a(lib_a-calloc.o)
                              CMakeFiles/pratica04.dir/home/david/Documentos/RTOS/pico/pico-sdk/src/rp2_common/pico_malloc/malloc.c.o (calloc)
/home/david/lab/toolchain/gcc-arm-none-eabi-10.3-2021.10/bin/../lib/gcc/arm-none-eabi/10.3.1/../../../../arm-none-eabi/lib/thumb/v6-m/nofp/libg.a(lib_a-callocr.o)
                              /home/david/lab/toolchain/gcc-arm-none-eabi-10.3-2021.10/bin/../lib/gcc/arm-none-eabi/10.3.1/../../../../arm-none-eabi/lib/thumb/v6-m/nofp/libg.a(lib_a-calloc.o) (_calloc_r)
/home/david/lab/toolchain/gcc-arm-none-eabi-10.3-2021.10/bin/../lib/gcc/arm-none-eabi/10.3.1/../../../../arm-none-eabi/lib/thumb/v6-m/nofp/libg.a(lib_a-errno.o)
                              /home/david/lab/toolchain/gcc-arm-none-eabi-10.3-2021.10/bin/../lib/gcc/arm-none-eabi/10.3.1/../../../../arm-none-eabi/lib/thumb/v6-m/nofp/libg.a(lib_a-callocr.o) (__errno)
/home/david/lab/toolchain/gcc-arm-none-eabi-10.3-2021.10/bin/../lib/gcc/arm-none-eabi/10.3.1/../../../../arm-none-eabi/lib/thumb/v6-m/nofp/libg.a(lib_a-impure.o)
                              /home/david/lab/toolchain/gcc-arm-none-eabi-10.3-2021.10/bin/../lib/gcc/arm-none-eabi/10.3.1/../../../../arm-none-eabi/lib/thumb/v6-m/nofp/libg.a(lib_a-calloc.o) (_impure_ptr)
/home/david/lab/toolchain/gcc-arm-none-eabi-10.3-2021.10/bin/../lib/gcc/arm-none-eabi/10.3.1/../../../../arm-none-eabi/lib/thumb/v6-m/nofp/libg.a(lib_a-init.o)
                              /home/david/lab/toolchain/gcc-arm-none-eabi-10.3-2021.10/bin/../lib/gcc/arm-none-eabi/10.3.1/../../../../arm-none-eabi/lib/thumb/v6-m/nofp/crt0.o (__libc_init_array)
/home/david/lab/toolchain/gcc-arm-none-eabi-10.3-2021.10/bin/../lib/gcc/arm-none-eabi/10.3.1/../../../../arm-none-eabi/lib/thumb/v6-m/nofp/libg.a(lib_a-lcltime_r.o)
                              CMakeFiles/pratica04.dir/home/david/Documentos/RTOS/pico/pico-sdk/src/common/pico_util/datetime.c.o (localtime_r)
/home/david/lab/toolchain/gcc-arm-none-eabi-10.3-2021.10/bin/../lib/gcc/arm-none-eabi/10.3.1/../../../../arm-none-eabi/lib/thumb/v6-m/nofp/libg.a(lib_a-malloc.o)
                              CMakeFiles/pratica04.dir/home/david/Documentos/RTOS/pico/pico-sdk/src/rp2_common/pico_malloc/malloc.c.o (malloc)
/home/david/lab/toolchain/gcc-arm-none-eabi-10.3-2021.10/bin/../lib/gcc/arm-none-eabi/10.3.1/../../../../arm-none-eabi/lib/thumb/v6-m/nofp/libg.a(lib_a-mallocr.o)
                              /home/david/lab/toolchain/gcc-arm-none-eabi-10.3-2021.10/bin/../lib/gcc/arm-none-eabi/10.3.1/../../../../arm-none-eabi/lib/thumb/v6-m/nofp/libg.a(lib_a-callocr.o) (_malloc_r)
/home/david/lab/toolchain/gcc-arm-none-eabi-10.3-2021.10/bin/../lib/gcc/arm-none-eabi/10.3.1/../../../../arm-none-eabi/lib/thumb/v6-m/nofp/libg.a(lib_a-memcmp.o)
                              CMakeFiles/pratica04.dir/home/david/Documentos/RTOS/pico/pico-sdk/src/rp2_common/pico_atomic/atomic.c.o (memcmp)
/home/david/lab/toolchain/gcc-arm-none-eabi-10.3-2021.10/bin/../lib/gcc/arm-none-eabi/10.3.1/../../../../arm-none-eabi/lib/thumb/v6-m/nofp/libg.a(lib_a-memmove.o)
                              CMakeFiles/pratica04.dir/home/david/Documentos/RTOS/pico/pico-sdk/lib/cyw43-driver/src/cyw43_ll.c.o (memmove)
/home/david/lab/toolchain/gcc-arm-none-eabi-10.3-2021.10/bin/../lib/gcc/arm-none-eabi/10.3.1/../../../../arm-none-eabi/lib/thumb/v6-m/nofp/libg.a(lib_a-mktime.o)
                              CMakeFiles/pratica04.dir/home/david/Documentos/RTOS/pico/pico-sdk/src/common/pico_util/datetime.c.o (mktime)
/home/david/lab/toolchain/gcc-arm-none-eabi-10.3-2021.10/bin/../lib/gcc/arm-none-eabi/10.3.1/../../../../arm-none-eabi/lib/thumb/v6-m/nofp/libg.a(lib_a-mlock.o)
                              /home/david/lab/toolchain/gcc-arm-none-eabi-10.3-2021.10/bin/../lib/gcc/arm-none-eabi/10.3.1/../../../../arm-none-eabi/lib/thumb/v6-m/nofp/libg.a(lib_a-mallocr.o) (__malloc_lock)
/home/david/lab/toolchain/gcc-arm-none-eabi-10.3-2021.10/bin/../lib/gcc/arm-none-eabi/10.3.1/../../../../arm-none-eabi/lib/thumb/v6-m/nofp/libg.a(lib_a-month_lengths.o)
                              /home/david/lab/toolchain/gcc-arm-none-eabi-10.3-2021.10/bin/../lib/gcc/arm-none-eabi/10.3.1/../../../../arm-none-eabi/lib/thumb/v6-m/nofp/libg.a(lib_a-lcltime_r.o) (__month_lengths)
/home/david/lab/toolchain/gcc-arm-none-eabi-10.3-2021.10/bin/../lib/gcc/arm-none-eabi/10.3.1/../../../../arm-none-eabi/lib/thumb/v6-m/nofp/libg.a(lib_a-realloc.o)
[...]
Memory Configuration

Name             Origin             Length             Attributes
FLASH            0x0000000010000000 0x0000000000200000 xr
RAM              0x0000000020000000 0x0000000000040000 xrw
SCRATCH_X        0x0000000020040000 0x0000000000001000 xrw
SCRATCH_Y        0x0000000020041000 0x0000000000001000 xrw
*default*        0x0000000000000000 0xffffffffffffffff

Linker script and memory map

LOAD /home/david/lab/toolchain/gcc-arm-none-eabi-10.3-2021.10/bin/../lib/gcc/arm-none-eabi/10.3.1/thumb/v6-m/nofp/crti.o
LOAD /home/david/lab/toolchain/gcc-arm-none-eabi-10.3-2021.10/bin/../lib/gcc/arm-none-eabi/10.3.1/thumb/v6-m/nofp/crtbegin.o
LOAD /home/david/lab/toolchain/gcc-arm-none-eabi-10.3-2021.10/bin/../lib/gcc/arm-none-eabi/10.3.1/../../../../arm-none-eabi/lib/thumb/v6-m/nofp/crt0.o

.flash_begin    0x0000000010000000        0x0
                0x0000000010000000                __flash_binary_start = .

.boot2          0x0000000010000000      0x100
                0x0000000010000000                __boot2_start__ = .
 *(.boot2)
 .boot2         0x0000000010000000      0x100 pico-sdk/src/rp2040/boot_stage2/CMakeFiles/bs2_default_library.dir/bs2_default_padded_checksummed.S.o
                0x0000000010000100                __boot2_end__ = .
                0x0000000000000001                ASSERT (((__boot2_end__ - __boot2_start__) == 0x100), ERROR: Pico second stage bootloader must be 256 bytes in size)

.text           0x0000000010000100     0x8e78
                0x0000000010000100                __logical_binary_start = .
 *(.vectors)
 .vectors       0x0000000010000100       0xd4 CMakeFiles/pratica04.dir/home/david/Documentos/RTOS/pico/pico-sdk/src/rp2_common/pico_crt0/crt0.S.o
                0x0000000010000100                __vectors
                0x0000000010000100                __VECTOR_TABLE
                0x00000000100001c0                isr_invalid
                0x00000000100001c0                __default_isrs_start
                0x00000000100001c2                isr_nmi
                0x00000000100001c4                isr_hardfault
                0x00000000100001c6                isr_svcall
                0x00000000100001c8                isr_pendsv
                0x00000000100001ca                isr_systick
                0x00000000100001cc                isr_irq30
                0x00000000100001cc                __unhandled_user_irq
                0x00000000100001cc                isr_irq13
                0x00000000100001cc                isr_irq27
                0x00000000100001cc                isr_irq31
                0x00000000100001cc                isr_irq5
                0x00000000100001cc                isr_irq11
                0x00000000100001cc                isr_irq23
                0x00000000100001cc                isr_irq18
                0x00000000100001cc                isr_irq28
                0x00000000100001cc                isr_irq19
                0x00000000100001cc                isr_irq0
                0x00000000100001cc                isr_irq6
                0x00000000100001cc                isr_irq22
                0x00000000100001cc                isr_irq17
                0x00000000100001cc                isr_irq14
                0x00000000100001cc                isr_irq2
                0x00000000100001cc                isr_irq10
                0x00000000100001cc                isr_irq8
                0x00000000100001cc                isr_irq24
                0x00000000100001cc                isr_irq1
                0x00000000100001cc                isr_irq7
                0x00000000100001cc                isr_irq21
                0x00000000100001cc                isr_irq20
                0x00000000100001cc                isr_irq15
                0x00000000100001cc                isr_irq25
                0x00000000100001cc                isr_irq4
                0x00000000100001cc                isr_irq16
                0x00000000100001cc                isr_irq29
                0x00000000100001cc                isr_irq26
                0x00000000100001cc                __default_isrs_end
                0x00000000100001cc                isr_irq3
                0x00000000100001cc                isr_irq12
                0x00000000100001cc                isr_irq9
                0x00000000100001d2                unhandled_user_irq_num_in_r0
 *(.binary_info_header)
 .binary_info_header
                0x00000000100001d4       0x14 CMakeFiles/pratica04.dir/home/david/Documentos/RTOS/pico/pico-sdk/src/rp2_common/pico_crt0/crt0.S.o
                0x00000000100001e8                __binary_info_header_end = .
 *(.embedded_block)
                0x00000000100001e8                __embedded_block_end = .
 *(.reset)
 .reset         0x00000000100001e8       0x9c CMakeFiles/pratica04.dir/home/david/Documentos/RTOS/pico/pico-sdk/src/rp2_common/pico_crt0/crt0.S.o
                0x00000000100001e8                _entry_point
 *(.init)
 .init          0x0000000010000284        0x4 /home/david/lab/toolchain/gcc-arm-none-eabi-10.3-2021.10/bin/../lib/gcc/arm-none-eabi/10.3.1/thumb/v6-m/nofp/crti.o
                0x0000000010000284                _init
 *(EXCLUDE_FILE(*libm.a: *libc.a:*lib_a-mem*.o *libgcc.a:) .text*)
 .text          0x0000000010000288       0x48 /home/david/lab/toolchain/gcc-arm-none-eabi-10.3-2021.10/bin/../lib/gcc/arm-none-eabi/10.3.1/thumb/v6-m/nofp/crtbegin.o
 .text.taskLedVermelho
                0x00000000100002d0       0x40 CMakeFiles/pratica04.dir/src/main.c.o
                0x00000000100002d0                taskLedVermelho
 .text.taskLedVerde
                0x0000000010000310       0x40 CMakeFiles/pratica04.dir/src/main.c.o
                0x0000000010000310                taskLedVerde
 .text.taskLedAzul
                0x0000000010000350       0x40 CMakeFiles/pratica04.dir/src/main.c.o
                0x0000000010000350                taskLedAzul
 .text.taskLedExtra
                0x0000000010000390       0x78 CMakeFiles/pratica04.dir/src/main.c.o
                0x0000000010000390                taskLedExtra
 .text.taskADC  0x0000000010000408       0xcc CMakeFiles/pratica04.dir/src/main.c.o
                0x0000000010000408                taskADC
 .text.taskBotao
                0x00000000100004d4       0x5c CMakeFiles/pratica04.dir/src/main.c.o
                0x00000000100004d4                taskBotao
 .text.gpio_callback
                0x0000000010000530       0x3c CMakeFiles/pratica04.dir/src/main.c.o
                0x0000000010000530                gpio_callback
 .text.init_gpio
                0x000000001000056c       0x84 CMakeFiles/pratica04.dir/src/main.c.o
                0x000000001000056c                init_gpio
 .text.setup_button_interrupt
                0x00000000100005f0       0x30 CMakeFiles/pratica04.dir/src/main.c.o
                0x00000000100005f0                setup_button_interrupt
 .text.startup.main
                0x0000000010000620       0xd4 CMakeFiles/pratica04.dir/src/main.c.o
                0x0000000010000620                main
 .text.adc_init
                0x00000000100006f4       0x38 CMakeFiles/pratica04.dir/home/david/Documentos/RTOS/pico/pico-sdk/src/rp2_common/hardware_adc/adc.c.o
                0x00000000100006f4                adc_init
 .text.rp2040_chip_version
                0x000000001000072c        0xc CMakeFiles/pratica04.dir/home/david/Documentos/RTOS/pico/pico-sdk/src/rp2040/pico_platform/platform.c.o
                0x000000001000072c                rp2040_chip_version
 .text.panic    0x0000000010000738       0x30 CMakeFiles/pratica04.dir/home/david/Documentos/RTOS/pico/pico-sdk/src/rp2_common/pico_platform_panic/panic.c.o
                0x0000000010000738                panic
 .text.panic_unsupported
                0x0000000010000768        0xc CMakeFiles/pratica04.dir/home/david/Documentos/RTOS/pico/pico-sdk/src/rp2_common/pico_platform_panic/panic.c.o
                0x0000000010000768                panic_unsupported
 .text.hw_claim_or_assert
                0x0000000010000774       0x44 CMakeFiles/pratica04.dir/home/david/Documentos/RTOS/pico/pico-sdk/src/common/hardware_claim/claim.c.o
                0x0000000010000774                hw_claim_or_assert
 .text.hw_claim_unused_from_range
                0x00000000100007b8       0x9c CMakeFiles/pratica04.dir/home/david/Documentos/RTOS/pico/pico-sdk/src/common/hardware_claim/claim.c.o
                0x00000000100007b8                hw_claim_unused_from_range
 .text.next_striped_spin_lock_num
                0x0000000010000854       0x18 CMakeFiles/pratica04.dir/home/david/Documentos/RTOS/pico/pico-sdk/src/rp2_common/hardware_sync/sync.c.o
                0x0000000010000854                next_striped_spin_lock_num
 .text.spin_lock_claim_unused
                0x000000001000086c       0x20 CMakeFiles/pratica04.dir/home/david/Documentos/RTOS/pico/pico-sdk/src/rp2_common/hardware_sync/sync.c.o
                0x000000001000086c                spin_lock_claim_unused
 .text.spin_locks_reset
                0x000000001000088c       0x1c CMakeFiles/pratica04.dir/home/david/Documentos/RTOS/pico/pico-sdk/src/rp2_common/hardware_sync_spin_lock/sync_spin_lock.c.o
                0x000000001000088c                spin_locks_reset
 .text.gpio_default_irq_handler
                0x00000000100008a8      0x270 CMakeFiles/pratica04.dir/home/david/Documentos/RTOS/pico/pico-sdk/src/rp2_common/hardware_gpio/gpio.c.o
 .text.gpio_set_function
                0x0000000010000b18       0x34 CMakeFiles/pratica04.dir/home/david/Documentos/RTOS/pico/pico-sdk/src/rp2_common/hardware_gpio/gpio.c.o
                0x0000000010000b18                gpio_set_function
 .text.gpio_set_pulls
                0x0000000010000b4c       0x34 CMakeFiles/pratica04.dir/home/david/Documentos/RTOS/pico/pico-sdk/src/rp2_common/hardware_gpio/gpio.c.o
                0x0000000010000b4c                gpio_set_pulls
 .text.gpio_set_irq_enabled_with_callback
                0x0000000010000b80       0xd0 CMakeFiles/pratica04.dir/home/david/Documentos/RTOS/pico/pico-sdk/src/rp2_common/hardware_gpio/gpio.c.o
                0x0000000010000b80                gpio_set_irq_enabled_with_callback
 .text.gpio_set_input_enabled
                0x0000000010000c50       0x28 CMakeFiles/pratica04.dir/home/david/Documentos/RTOS/pico/pico-sdk/src/rp2_common/hardware_gpio/gpio.c.o
                0x0000000010000c50                gpio_set_input_enabled
 .text.gpio_init
                0x0000000010000c78       0x40 CMakeFiles/pratica04.dir/home/david/Documentos/RTOS/pico/pico-sdk/src/rp2_common/hardware_gpio/gpio.c.o
                0x0000000010000c78                gpio_init
 .text.runtime_init_per_core_irq_priorities
                0x0000000010000cb8       0x24 CMakeFiles/pratica04.dir/home/david/Documentos/RTOS/pico/pico-sdk/src/rp2_common/hardware_irq/irq.c.o
                0x0000000010000cb8                runtime_init_per_core_irq_priorities
 .text.irq_set_enabled
                0x0000000010000cdc       0x24 CMakeFiles/pratica04.dir/home/david/Documentos/RTOS/pico/pico-sdk/src/rp2_common/hardware_irq/irq.c.o
                0x0000000010000cdc                irq_set_enabled
 .text.irq_is_enabled
                0x0000000010000d00       0x18 CMakeFiles/pratica04.dir/home/david/Documentos/RTOS/pico/pico-sdk/src/rp2_common/hardware_irq/irq.c.o
                0x0000000010000d00                irq_is_enabled
 .text.irq_set_pending
                0x0000000010000d18       0x10 CMakeFiles/pratica04.dir/home/david/Documentos/RTOS/pico/pico-sdk/src/rp2_common/hardware_irq/irq.c.o
                0x0000000010000d18                irq_set_pending
 .text.irq_has_shared_handler
                0x0000000010000d28       0x24 CMakeFiles/pratica04.dir/home/david/Documentos/RTOS/pico/pico-sdk/src/rp2_common/hardware_irq/irq.c.o
                0x0000000010000d28                irq_has_shared_handler
 .text.irq_set_exclusive_handler
                0x0000000010000d4c       0x54 CMakeFiles/pratica04.dir/home/david/Documentos/RTOS/pico/pico-sdk/src/rp2_common/hardware_irq/irq.c.o
                0x0000000010000d4c                irq_set_exclusive_handler
 .text.irq_add_shared_handler
                0x0000000010000da0      0x1e8 CMakeFiles/pratica04.dir/home/david/Documentos/RTOS/pico/pico-sdk/src/rp2_common/hardware_irq/irq.c.o
                0x0000000010000da0                irq_add_shared_handler
 .text.irq_remove_handler
                0x0000000010000f88      0x1c4 CMakeFiles/pratica04.dir/home/david/Documentos/RTOS/pico/pico-sdk/src/rp2_common/hardware_irq/irq.c.o
                0x0000000010000f88                irq_remove_handler
 .text.irq_set_priority
                0x000000001000114c       0x28 CMakeFiles/pratica04.dir/home/david/Documentos/RTOS/pico/pico-sdk/src/rp2_common/hardware_irq/irq.c.o
                0x000000001000114c                irq_set_priority
 .text.irq_add_tail_to_free_list
                0x0000000010001174       0xb4 CMakeFiles/pratica04.dir/home/david/Documentos/RTOS/pico/pico-sdk/src/rp2_common/hardware_irq/irq.c.o
                0x0000000010001174                irq_add_tail_to_free_list
 .text.user_irq_claim_unused
                0x0000000010001228       0x28 CMakeFiles/pratica04.dir/home/david/Documentos/RTOS/pico/pico-sdk/src/rp2_common/hardware_irq/irq.c.o
                0x0000000010001228                user_irq_claim_unused
 .text.lock_init
                0x0000000010001250       0x10 CMakeFiles/pratica04.dir/home/david/Documentos/RTOS/pico/pico-sdk/src/common/pico_sync/lock_core.c.o
                0x0000000010001250                lock_init
 .text.runtime_init_mutex
                0x0000000010001260       0x68 CMakeFiles/pratica04.dir/home/david/Documentos/RTOS/pico/pico-sdk/src/common/pico_sync/mutex.c.o
                0x0000000010001260                runtime_init_mutex
 .text.mutex_init
                0x00000000100012c8       0x1c CMakeFiles/pratica04.dir/home/david/Documentos/RTOS/pico/pico-sdk/src/common/pico_sync/mutex.c.o
                0x00000000100012c8                mutex_init
 .text.critical_section_init
                0x00000000100012e4       0x20 CMakeFiles/pratica04.dir/home/david/Documentos/RTOS/pico/pico-sdk/src/common/pico_sync/critical_section.c.o
                0x00000000100012e4                critical_section_init
 .text.critical_section_init_with_lock_num
                0x0000000010001304       0x14 CMakeFiles/pratica04.dir/home/david/Documentos/RTOS/pico/pico-sdk/src/common/pico_sync/critical_section.c.o
                0x0000000010001304                critical_section_init_with_lock_num
 .text.alarm_pool_irq_handler
                0x0000000010001318      0x308 CMakeFiles/pratica04.dir/home/david/Documentos/RTOS/pico/pico-sdk/src/common/pico_time/time.c.o
 .text.sleep_until_callback
                0x0000000010001620       0x24 CMakeFiles/pratica04.dir/home/david/Documentos/RTOS/pico/pico-sdk/src/common/pico_time/time.c.o
 .text.runtime_init_default_alarm_pool
                0x0000000010001644       0xdc CMakeFiles/pratica04.dir/home/david/Documentos/RTOS/pico/pico-sdk/src/common/pico_time/time.c.o
                0x0000000010001644                runtime_init_default_alarm_pool
 .text.alarm_pool_get_default
                0x0000000010001720        0x8 CMakeFiles/pratica04.dir/home/david/Documentos/RTOS/pico/pico-sdk/src/common/pico_time/time.c.o
                0x0000000010001720                alarm_pool_get_default
 .text.alarm_pool_add_alarm_at
                0x0000000010001728       0xc8 CMakeFiles/pratica04.dir/home/david/Documentos/RTOS/pico/pico-sdk/src/common/pico_time/time.c.o
                0x0000000010001728                alarm_pool_add_alarm_at
 .text.alarm_pool_add_alarm_at_force_in_context
                0x00000000100017f0       0xb0 CMakeFiles/pratica04.dir/home/david/Documentos/RTOS/pico/pico-sdk/src/common/pico_time/time.c.o
                0x00000000100017f0                alarm_pool_add_alarm_at_force_in_context
 .text.alarm_pool_cancel_alarm
                0x00000000100018a0       0x7c CMakeFiles/pratica04.dir/home/david/Documentos/RTOS/pico/pico-sdk/src/common/pico_time/time.c.o
                0x00000000100018a0                alarm_pool_cancel_alarm
 .text.alarm_pool_core_num
                0x000000001000191c        0x4 CMakeFiles/pratica04.dir/home/david/Documentos/RTOS/pico/pico-sdk/src/common/pico_time/time.c.o
                0x000000001000191c                alarm_pool_core_num
 .text.best_effort_wfe_or_timeout
                0x0000000010001920       0xfc CMakeFiles/pratica04.dir/home/david/Documentos/RTOS/pico/pico-sdk/src/common/pico_time/time.c.o
                0x0000000010001920                best_effort_wfe_or_timeout
 .text.timer_hardware_alarm_claim
                0x0000000010001a1c       0x14 CMakeFiles/pratica04.dir/home/david/Documentos/RTOS/pico/pico-sdk/src/rp2_common/hardware_timer/timer.c.o
                0x0000000010001a1c                timer_hardware_alarm_claim
 .text.timer_time_us_64
                0x0000000010001a30       0x10 CMakeFiles/pratica04.dir/home/david/Documentos/RTOS/pico/pico-sdk/src/rp2_common/hardware_timer/timer.c.o
                0x0000000010001a30                timer_time_us_64
 .text.time_us_64
                0x0000000010001a40       0x14 CMakeFiles/pratica04.dir/home/david/Documentos/RTOS/pico/pico-sdk/src/rp2_common/hardware_timer/timer.c.o
                0x0000000010001a40                time_us_64
 .text.clock_configure_int_divider
                0x0000000010001a54       0xf4 CMakeFiles/pratica04.dir/home/david/Documentos/RTOS/pico/pico-sdk/src/rp2_common/hardware_clocks/clocks.c.o
                0x0000000010001a54                clock_configure_int_divider
 .text.clock_configure_undivided
                0x0000000010001b48       0xe8 CMakeFiles/pratica04.dir/home/david/Documentos/RTOS/pico/pico-sdk/src/rp2_common/hardware_clocks/clocks.c.o
                0x0000000010001b48                clock_configure_undivided
 .text.clock_get_hz
                0x0000000010001c30        0xc CMakeFiles/pratica04.dir/home/david/Documentos/RTOS/pico/pico-sdk/src/rp2_common/hardware_clocks/clocks.c.o
                0x0000000010001c30                clock_get_hz
 .text.pll_init
                0x0000000010001c3c       0xa0 CMakeFiles/pratica04.dir/home/david/Documentos/RTOS/pico/pico-sdk/src/rp2_common/hardware_pll/pll.c.o
                0x0000000010001c3c                pll_init
 .text.watchdog_reboot
                0x0000000010001cdc       0x98 CMakeFiles/pratica04.dir/home/david/Documentos/RTOS/pico/pico-sdk/src/rp2_common/hardware_watchdog/watchdog.c.o
                0x0000000010001cdc                watchdog_reboot
 .text.tick_start
                0x0000000010001d74       0x10 CMakeFiles/pratica04.dir/home/david/Documentos/RTOS/pico/pico-sdk/src/rp2_common/hardware_ticks/ticks.c.o
                0x0000000010001d74                tick_start
 .text.rom_func_lookup
                0x0000000010001d84       0x10 CMakeFiles/pratica04.dir/home/david/Documentos/RTOS/pico/pico-sdk/src/rp2_common/pico_bootrom/bootrom.c.o
                0x0000000010001d84                rom_func_lookup
 .text.rom_data_lookup
                0x0000000010001d94       0x10 CMakeFiles/pratica04.dir/home/david/Documentos/RTOS/pico/pico-sdk/src/rp2_common/pico_bootrom/bootrom.c.o
                0x0000000010001d94                rom_data_lookup
 .text.rom_funcs_lookup
                0x0000000010001da4       0x44 CMakeFiles/pratica04.dir/home/david/Documentos/RTOS/pico/pico-sdk/src/rp2_common/pico_bootrom/bootrom.c.o
                0x0000000010001da4                rom_funcs_lookup
 .text.rom_reset_usb_boot_extra
                0x0000000010001de8       0x28 CMakeFiles/pratica04.dir/home/david/Documentos/RTOS/pico/pico-sdk/src/rp2_common/pico_bootrom/bootrom.c.o
                0x0000000010001de8                rom_reset_usb_boot_extra
 .text.xosc_init
                0x0000000010001e10       0x28 CMakeFiles/pratica04.dir/home/david/Documentos/RTOS/pico/pico-sdk/src/rp2_common/hardware_xosc/xosc.c.o
                0x0000000010001e10                xosc_init
 .text.first_per_core_initializer
                0x0000000010001e38        0x4 CMakeFiles/pratica04.dir/home/david/Documentos/RTOS/pico/pico-sdk/src/rp2_common/pico_runtime/runtime.c.o
 .text.hard_assertion_failure
                0x0000000010001e3c        0xc CMakeFiles/pratica04.dir/home/david/Documentos/RTOS/pico/pico-sdk/src/rp2_common/pico_runtime/runtime.c.o
                0x0000000010001e3c                hard_assertion_failure
 .text.runtime_run_initializers
                0x0000000010001e48       0x28 CMakeFiles/pratica04.dir/home/david/Documentos/RTOS/pico/pico-sdk/src/rp2_common/pico_runtime/runtime.c.o
                0x0000000010001e48                runtime_run_initializers
 .text.runtime_init_early_resets
                0x0000000010001e70       0x2c CMakeFiles/pratica04.dir/home/david/Documentos/RTOS/pico/pico-sdk/src/rp2_common/pico_runtime_init/runtime_init.c.o
                0x0000000010001e70                runtime_init_early_resets
 .text.runtime_init_usb_power_down
                0x0000000010001e9c       0x1c CMakeFiles/pratica04.dir/home/david/Documentos/RTOS/pico/pico-sdk/src/rp2_common/pico_runtime_init/runtime_init.c.o
                0x0000000010001e9c                runtime_init_usb_power_down
 .text.runtime_init_post_clock_resets
                0x0000000010001eb8       0x20 CMakeFiles/pratica04.dir/home/david/Documentos/RTOS/pico/pico-sdk/src/rp2_common/pico_runtime_init/runtime_init.c.o
                0x0000000010001eb8                runtime_init_post_clock_resets
 .text.runtime_init_rp2040_gpio_ie_disable
                0x0000000010001ed8       0x14 CMakeFiles/pratica04.dir/home/david/Documentos/RTOS/pico/pico-sdk/src/rp2_common/pico_runtime_init/runtime_init.c.o
                0x0000000010001ed8                runtime_init_rp2040_gpio_ie_disable
 .text.runtime_init_spin_locks_reset
                0x0000000010001eec        0x8 CMakeFiles/pratica04.dir/home/david/Documentos/RTOS/pico/pico-sdk/src/rp2_common/pico_runtime_init/runtime_init.c.o
                0x0000000010001eec                runtime_init_spin_locks_reset
 .text.runtime_init_install_ram_vector_table
                0x0000000010001ef4       0x1c CMakeFiles/pratica04.dir/home/david/Documentos/RTOS/pico/pico-sdk/src/rp2_common/pico_runtime_init/runtime_init.c.o
                0x0000000010001ef4                runtime_init_install_ram_vector_table
 .text.runtime_init_clocks
                0x0000000010001f10       0xd8 CMakeFiles/pratica04.dir/home/david/Documentos/RTOS/pico/pico-sdk/src/rp2_common/pico_runtime_init/runtime_init_clocks.c.o
                0x0000000010001f10                runtime_init_clocks
 .text          0x0000000010001fe8       0x10 CMakeFiles/pratica04.dir/home/david/Documentos/RTOS/pico/pico-sdk/src/rp2_common/pico_bit_ops/bit_ops_aeabi.S.o
 .text.__wrap___aeabi_idiv
                0x0000000010001ff8       0x50 CMakeFiles/pratica04.dir/home/david/Documentos/RTOS/pico/pico-sdk/src/rp2_common/pico_divider/divider_hardware.S.o
                0x0000000010001ff8                __wrap___aeabi_idivmod
                0x0000000010001ff8                divmod_s32s32
                0x0000000010001ff8                div_s32s32
                0x0000000010001ff8                __wrap___aeabi_idiv
                0x0000000010002000                divmod_s32s32_unsafe
                0x000000001000202c                divmod_s32s32_savestate
 .text.__wrap___aeabi_uidiv
                0x0000000010002048       0x4c CMakeFiles/pratica04.dir/home/david/Documentos/RTOS/pico/pico-sdk/src/rp2_common/pico_divider/divider_hardware.S.o
                0x0000000010002048                __wrap___aeabi_uidiv
                0x0000000010002048                __wrap___aeabi_uidivmod
                0x0000000010002048                div_u32u32
                0x0000000010002048                divmod_u32u32
                0x0000000010002050                divmod_u32u32_unsafe
                0x0000000010002078                divmod_u32u32_savestate
 .text.__wrap___aeabi_ldiv
                0x0000000010002094      0x424 CMakeFiles/pratica04.dir/home/david/Documentos/RTOS/pico/pico-sdk/src/rp2_common/pico_divider/divider_hardware.S.o
                0x0000000010002094                div_s64s64
                0x0000000010002094                divmod_s64s64
                0x0000000010002094                __wrap___aeabi_ldivmod
                0x00000000100020c4                div_u64u64
                0x00000000100020c4                divmod_u64u64
                0x00000000100020c4                __wrap___aeabi_uldivmod
                0x00000000100020d4                divmod_u64u64_savestate
                0x00000000100020f4                divmod_s64s64_unsafe
                0x000000001000217c                divmod_u64u64_unsafe
 .text.__wrap___aeabi_darithmetic
                0x00000000100024b8       0x60 CMakeFiles/pratica04.dir/home/david/Documentos/RTOS/pico/pico-sdk/src/rp2_common/pico_double/double_aeabi_rp2040.S.o
                0x00000000100024b8                __wrap___aeabi_drsub
                0x00000000100024be                __wrap___aeabi_dsub
                0x00000000100024c8                __wrap___aeabi_dadd
                0x00000000100024d2                __wrap___aeabi_ddiv
                0x0000000010002506                __wrap___aeabi_dmul
 .text.__wrap___aeabi_cdcmple
                0x0000000010002518       0x6c CMakeFiles/pratica04.dir/home/david/Documentos/RTOS/pico/pico-sdk/src/rp2_common/pico_double/double_aeabi_rp2040.S.o
                0x0000000010002518                __wrap___aeabi_cdrcmple
                0x0000000010002528                __wrap___aeabi_cdcmple
                0x0000000010002528                __wrap___aeabi_cdcmpeq
 .text.__wrap___aeabi_dcmplt
                0x0000000010002584        0xc CMakeFiles/pratica04.dir/home/david/Documentos/RTOS/pico/pico-sdk/src/rp2_common/pico_double/double_aeabi_rp2040.S.o
                0x0000000010002584                __wrap___aeabi_dcmplt
 .text.__wrap___aeabi_dcmple
                0x0000000010002590       0x10 CMakeFiles/pratica04.dir/home/david/Documentos/RTOS/pico/pico-sdk/src/rp2_common/pico_double/double_aeabi_rp2040.S.o
                0x0000000010002590                __wrap___aeabi_dcmple
 .text.__wrap___aeabi_dcmpge
                0x00000000100025a0       0x10 CMakeFiles/pratica04.dir/home/david/Documentos/RTOS/pico/pico-sdk/src/rp2_common/pico_double/double_aeabi_rp2040.S.o
                0x00000000100025a0                __wrap___aeabi_dcmpge
 .text.__wrap___aeabi_dcmpgt
                0x00000000100025b0        0xa CMakeFiles/pratica04.dir/home/david/Documentos/RTOS/pico/pico-sdk/src/rp2_common/pico_double/double_aeabi_rp2040.S.o
                0x00000000100025b0                __wrap___aeabi_dcmpgt
 .text.__wrap___aeabi_dcmpun
                0x00000000100025ba       0x18 CMakeFiles/pratica04.dir/home/david/Documentos/RTOS/pico/pico-sdk/src/rp2_common/pico_double/double_aeabi_rp2040.S.o
                0x00000000100025ba                __wrap___aeabi_dcmpun
 *fill*         0x00000000100025d2        0x2 
 .text.__wrap___aeabi_i2d
                0x00000000100025d4       0x38 CMakeFiles/pratica04.dir/home/david/Documentos/RTOS/pico/pico-sdk/src/rp2_common/pico_double/double_aeabi_rp2040.S.o
                0x00000000100025d4                __wrap___aeabi_ui2d
                0x00000000100025d4                uint2double
                0x00000000100025dc                __wrap___aeabi_i2d
                0x00000000100025dc                int2double
 .text.__wrap___aeabi_d2iz
                0x000000001000260c       0x48 CMakeFiles/pratica04.dir/home/david/Documentos/RTOS/pico/pico-sdk/src/rp2_common/pico_double/double_aeabi_rp2040.S.o
                0x000000001000260c                __wrap___aeabi_d2iz
                0x000000001000260c                double2int_z
 .text.__wrap___aeabi_d2uiz
                0x0000000010002654       0x10 CMakeFiles/pratica04.dir/home/david/Documentos/RTOS/pico/pico-sdk/src/rp2_common/pico_double/double_aeabi_rp2040.S.o
                0x0000000010002654                double2uint_z
                0x0000000010002654                double2uint
                0x0000000010002654                __wrap___aeabi_d2uiz
 .text.missing_double_func_shim
                0x0000000010002664        0xc CMakeFiles/pratica04.dir/home/david/Documentos/RTOS/pico/pico-sdk/src/rp2_common/pico_double/double_init_rom_rp2040.c.o
 .text.__aeabi_double_init
                0x0000000010002670       0xa4 CMakeFiles/pratica04.dir/home/david/Documentos/RTOS/pico/pico-sdk/src/rp2_common/pico_double/double_init_rom_rp2040.c.o
                0x0000000010002670                __aeabi_double_init
 .text.double_table_shim_on_use_helper
                0x0000000010002714       0x2c CMakeFiles/pratica04.dir/home/david/Documentos/RTOS/pico/pico-sdk/src/rp2_common/pico_double/double_v1_rom_shim_rp2040.S.o
                0x0000000010002714                double_table_shim_on_use_helper
 .text.__aeabi_lmul
                0x0000000010002740       0x32 CMakeFiles/pratica04.dir/home/david/Documentos/RTOS/pico/pico-sdk/src/rp2_common/pico_int64_ops/pico_int64_ops_aeabi.S.o
                0x0000000010002740                __wrap___aeabi_lmul
 *fill*         0x0000000010002772        0x2 
 .text.__wrap___aeabi_farithmetic
                0x0000000010002774       0x48 CMakeFiles/pratica04.dir/home/david/Documentos/RTOS/pico/pico-sdk/src/rp2_common/pico_float/float_aeabi_rp2040.S.o
                0x0000000010002774                __wrap___aeabi_frsub
                0x000000001000277a                __wrap___aeabi_fsub
                0x0000000010002780                __wrap___aeabi_fadd
                0x0000000010002786                __wrap___aeabi_fdiv
                0x00000000100027ae                __wrap___aeabi_fmul
 .text.__wrap___aeabi_i2f
                0x00000000100027bc       0x44 CMakeFiles/pratica04.dir/home/david/Documentos/RTOS/pico/pico-sdk/src/rp2_common/pico_float/float_aeabi_rp2040.S.o
                0x00000000100027bc                int2float
                0x00000000100027bc                __wrap___aeabi_i2f
 .text.__wrap___aeabi_f2d
                0x0000000010002800        0xc CMakeFiles/pratica04.dir/home/david/Documentos/RTOS/pico/pico-sdk/src/rp2_common/pico_float/float_aeabi_rp2040.S.o
                0x0000000010002800                __wrap___aeabi_f2d
 .text.missing_float_func_shim
                0x000000001000280c        0xc CMakeFiles/pratica04.dir/home/david/Documentos/RTOS/pico/pico-sdk/src/rp2_common/pico_float/float_init_rom_rp2040.c.o
 .text.__aeabi_float_init
                0x0000000010002818       0x5c CMakeFiles/pratica04.dir/home/david/Documentos/RTOS/pico/pico-sdk/src/rp2_common/pico_float/float_init_rom_rp2040.c.o
                0x0000000010002818                __aeabi_float_init
 .text          0x0000000010002874       0x10 CMakeFiles/pratica04.dir/home/david/Documentos/RTOS/pico/pico-sdk/src/rp2_common/pico_mem_ops/mem_ops_aeabi.S.o
                0x0000000010002874                __aeabi_mem_init
 .text.memset   0x0000000010002884        0xc CMakeFiles/pratica04.dir/home/david/Documentos/RTOS/pico/pico-sdk/src/rp2_common/pico_mem_ops/mem_ops_aeabi.S.o
                0x0000000010002884                __wrap_memset
 .text.memcpy   0x0000000010002890        0xc CMakeFiles/pratica04.dir/home/david/Documentos/RTOS/pico/pico-sdk/src/rp2_common/pico_mem_ops/mem_ops_aeabi.S.o
                0x0000000010002890                __wrap___aeabi_memcpy
                0x0000000010002890                __wrap_memcpy
 .text._out_null
                0x000000001000289c        0x4 CMakeFiles/pratica04.dir/home/david/Documentos/RTOS/pico/pico-sdk/src/rp2_common/pico_printf/printf.c.o
 .text._out_rev
                0x00000000100028a0       0x9c CMakeFiles/pratica04.dir/home/david/Documentos/RTOS/pico/pico-sdk/src/rp2_common/pico_printf/printf.c.o
 .text._ntoa_format
                0x000000001000293c      0x1cc CMakeFiles/pratica04.dir/home/david/Documentos/RTOS/pico/pico-sdk/src/rp2_common/pico_printf/printf.c.o
 .text._out_char
                0x0000000010002b08       0x10 CMakeFiles/pratica04.dir/home/david/Documentos/RTOS/pico/pico-sdk/src/rp2_common/pico_printf/printf.c.o
 .text._out_fct
                0x0000000010002b18       0x10 CMakeFiles/pratica04.dir/home/david/Documentos/RTOS/pico/pico-sdk/src/rp2_common/pico_printf/printf.c.o
 .text._etoa    0x0000000010002b28      0x44c CMakeFiles/pratica04.dir/home/david/Documentos/RTOS/pico/pico-sdk/src/rp2_common/pico_printf/printf.c.o
 .text._ftoa    0x0000000010002f74      0x398 CMakeFiles/pratica04.dir/home/david/Documentos/RTOS/pico/pico-sdk/src/rp2_common/pico_printf/printf.c.o
 .text._vsnprintf
                0x000000001000330c      0xb04 CMakeFiles/pratica04.dir/home/david/Documentos/RTOS/pico/pico-sdk/src/rp2_common/pico_printf/printf.c.o
 .text.vfctprintf
                0x0000000010003e10       0x20 CMakeFiles/pratica04.dir/home/david/Documentos/RTOS/pico/pico-sdk/src/rp2_common/pico_printf/printf.c.o
                0x0000000010003e10                vfctprintf
 .text.weak_raw_vprintf
                0x0000000010003e30       0x30 CMakeFiles/pratica04.dir/home/david/Documentos/RTOS/pico/pico-sdk/src/rp2_common/pico_printf/printf.c.o
                0x0000000010003e30                weak_raw_vprintf
 .text._exit    0x0000000010003e60        0x4 CMakeFiles/pratica04.dir/home/david/Documentos/RTOS/pico/pico-sdk/src/rp2_common/pico_clib_interface/newlib_interface.c.o
                0x0000000010003e60                _exit
 .text.exit     0x0000000010003e64        0x8 CMakeFiles/pratica04.dir/home/david/Documentos/RTOS/pico/pico-sdk/src/rp2_common/pico_clib_interface/newlib_interface.c.o
                0x0000000010003e64                exit
 .text.runtime_init
                0x0000000010003e6c       0x2c CMakeFiles/pratica04.dir/home/david/Documentos/RTOS/pico/pico-sdk/src/rp2_common/pico_clib_interface/newlib_interface.c.o
                0x0000000010003e6c                runtime_init
 .text.stdio_out_chars_no_crlf
                0x0000000010003e98       0x10 CMakeFiles/pratica04.dir/home/david/Documentos/RTOS/pico/pico-sdk/src/rp2_common/pico_stdio/stdio.c.o
 .text.stdio_out_chars_crlf
                0x0000000010003ea8       0xb4 CMakeFiles/pratica04.dir/home/david/Documentos/RTOS/pico/pico-sdk/src/rp2_common/pico_stdio/stdio.c.o
 .text.stdio_buffered_printer
                0x0000000010003f5c       0x64 CMakeFiles/pratica04.dir/home/david/Documentos/RTOS/pico/pico-sdk/src/rp2_common/pico_stdio/stdio.c.o
 .text.stdio_put_string
                0x0000000010003fc0      0x100 CMakeFiles/pratica04.dir/home/david/Documentos/RTOS/pico/pico-sdk/src/rp2_common/pico_stdio/stdio.c.o
                0x0000000010003fc0                stdio_put_string
 .text.stdio_set_driver_enabled
                0x00000000100040c0       0x30 CMakeFiles/pratica04.dir/home/david/Documentos/RTOS/pico/pico-sdk/src/rp2_common/pico_stdio/stdio.c.o
                0x00000000100040c0                stdio_set_driver_enabled
 .text.stdio_init_all
                0x00000000100040f0        0x8 CMakeFiles/pratica04.dir/home/david/Documentos/RTOS/pico/pico-sdk/src/rp2_common/pico_stdio/stdio.c.o
                0x00000000100040f0                stdio_init_all
 .text.__wrap_putchar
                0x00000000100040f8       0x98 CMakeFiles/pratica04.dir/home/david/Documentos/RTOS/pico/pico-sdk/src/rp2_common/pico_stdio/stdio.c.o
                0x00000000100040f8                stdio_putchar
                0x00000000100040f8                __wrap_putchar
 .text.__wrap_puts
                0x0000000010004190       0x3c CMakeFiles/pratica04.dir/home/david/Documentos/RTOS/pico/pico-sdk/src/rp2_common/pico_stdio/stdio.c.o
                0x0000000010004190                __wrap_puts
                0x0000000010004190                stdio_puts
 .text.__wrap_vprintf
                0x00000000100041cc       0xd8 CMakeFiles/pratica04.dir/home/david/Documentos/RTOS/pico/pico-sdk/src/rp2_common/pico_stdio/stdio.c.o
                0x00000000100041cc                __wrap_vprintf
                0x00000000100041cc                stdio_vprintf
 .text.__wrap_printf
                0x00000000100042a4       0x18 CMakeFiles/pratica04.dir/home/david/Documentos/RTOS/pico/pico-sdk/src/rp2_common/pico_stdio/stdio.c.o
                0x00000000100042a4                stdio_printf
                0x00000000100042a4                __wrap_printf
 .text.resetd_init
                0x00000000100042bc        0x4 CMakeFiles/pratica04.dir/home/david/Documentos/RTOS/pico/pico-sdk/src/rp2_common/pico_stdio_usb/reset_interface.c.o
 .text.resetd_reset
                0x00000000100042c0        0xc CMakeFiles/pratica04.dir/home/david/Documentos/RTOS/pico/pico-sdk/src/rp2_common/pico_stdio_usb/reset_interface.c.o
 .text.resetd_open
                0x00000000100042cc       0x28 CMakeFiles/pratica04.dir/home/david/Documentos/RTOS/pico/pico-sdk/src/rp2_common/pico_stdio_usb/reset_interface.c.o
 .text.resetd_xfer_cb
                0x00000000100042f4        0x4 CMakeFiles/pratica04.dir/home/david/Documentos/RTOS/pico/pico-sdk/src/rp2_common/pico_stdio_usb/reset_interface.c.o
 .text.resetd_control_xfer_cb
                0x00000000100042f8       0x60 CMakeFiles/pratica04.dir/home/david/Documentos/RTOS/pico/pico-sdk/src/rp2_common/pico_stdio_usb/reset_interface.c.o
 .text.tud_descriptor_bos_cb
                0x0000000010004358        0x8 CMakeFiles/pratica04.dir/home/david/Documentos/RTOS/pico/pico-sdk/src/rp2_common/pico_stdio_usb/reset_interface.c.o
                0x0000000010004358                tud_descriptor_bos_cb
 .text.tud_vendor_control_xfer_cb
                0x0000000010004360       0x34 CMakeFiles/pratica04.dir/home/david/Documentos/RTOS/pico/pico-sdk/src/rp2_common/pico_stdio_usb/reset_interface.c.o
                0x0000000010004360                tud_vendor_control_xfer_cb
 .text.usbd_app_driver_get_cb
                0x0000000010004394        0xc CMakeFiles/pratica04.dir/home/david/Documentos/RTOS/pico/pico-sdk/src/rp2_common/pico_stdio_usb/reset_interface.c.o
                0x0000000010004394                usbd_app_driver_get_cb
 .text.tud_cdc_line_coding_cb
                0x00000000100043a0       0x2c CMakeFiles/pratica04.dir/home/david/Documentos/RTOS/pico/pico-sdk/src/rp2_common/pico_stdio_usb/reset_interface.c.o
                0x00000000100043a0                tud_cdc_line_coding_cb
 .text.stdio_usb_set_chars_available_callback
                0x00000000100043cc       0x14 CMakeFiles/pratica04.dir/home/david/Documentos/RTOS/pico/pico-sdk/src/rp2_common/pico_stdio_usb/stdio_usb.c.o
                0x00000000100043cc                stdio_usb_set_chars_available_callback
 .text.usb_irq  0x00000000100043e0       0x10 CMakeFiles/pratica04.dir/home/david/Documentos/RTOS/pico/pico-sdk/src/rp2_common/pico_stdio_usb/stdio_usb.c.o
 .text.timer_task
                0x00000000100043f0       0x64 CMakeFiles/pratica04.dir/home/david/Documentos/RTOS/pico/pico-sdk/src/rp2_common/pico_stdio_usb/stdio_usb.c.o
 .text.stdio_usb_in_chars
                0x0000000010004454       0x90 CMakeFiles/pratica04.dir/home/david/Documentos/RTOS/pico/pico-sdk/src/rp2_common/pico_stdio_usb/stdio_usb.c.o
                0x0000000010004454                stdio_usb_in_chars
 .text.stdio_usb_out_flush
                0x00000000100044e4       0x50 CMakeFiles/pratica04.dir/home/david/Documentos/RTOS/pico/pico-sdk/src/rp2_common/pico_stdio_usb/stdio_usb.c.o
 .text.stdio_usb_out_chars
                0x0000000010004534      0x100 CMakeFiles/pratica04.dir/home/david/Documentos/RTOS/pico/pico-sdk/src/rp2_common/pico_stdio_usb/stdio_usb.c.o
 .text.low_priority_worker_irq
                0x0000000010004634       0xc8 CMakeFiles/pratica04.dir/home/david/Documentos/RTOS/pico/pico-sdk/src/rp2_common/pico_stdio_usb/stdio_usb.c.o
 .text.stdio_usb_init
                0x00000000100046fc       0xe8 CMakeFiles/pratica04.dir/home/david/Documentos/RTOS/pico/pico-sdk/src/rp2_common/pico_stdio_usb/stdio_usb.c.o
                0x00000000100046fc                stdio_usb_init
 .text.tud_descriptor_device_cb
                0x00000000100047e4        0x8 CMakeFiles/pratica04.dir/home/david/Documentos/RTOS/pico/pico-sdk/src/rp2_common/pico_stdio_usb/stdio_usb_descriptors.c.o
                0x00000000100047e4                tud_descriptor_device_cb
 .text.tud_descriptor_configuration_cb
                0x00000000100047ec        0x8 CMakeFiles/pratica04.dir/home/david/Documentos/RTOS/pico/pico-sdk/src/rp2_common/pico_stdio_usb/stdio_usb_descriptors.c.o
                0x00000000100047ec                tud_descriptor_configuration_cb
 .text.tud_descriptor_string_cb
                0x00000000100047f4       0x74 CMakeFiles/pratica04.dir/home/david/Documentos/RTOS/pico/pico-sdk/src/rp2_common/pico_stdio_usb/stdio_usb_descriptors.c.o
                0x00000000100047f4                tud_descriptor_string_cb
 .text.startup._retrieve_unique_id_on_boot
                0x0000000010004868       0x10 CMakeFiles/pratica04.dir/home/david/Documentos/RTOS/pico/pico-sdk/src/rp2_common/pico_unique_id/unique_id.c.o
 .text.pico_get_unique_board_id_string
                0x0000000010004878      0x1a8 CMakeFiles/pratica04.dir/home/david/Documentos/RTOS/pico/pico-sdk/src/rp2_common/pico_unique_id/unique_id.c.o
                0x0000000010004878                pico_get_unique_board_id_string
 .text.flash_get_unique_id
                0x0000000010004a20       0x40 CMakeFiles/pratica04.dir/home/david/Documentos/RTOS/pico/pico-sdk/src/rp2_common/hardware_flash/flash.c.o
                0x0000000010004a20                flash_get_unique_id
 .text.dcd_init
                0x0000000010004a60       0x90 CMakeFiles/pratica04.dir/home/david/Documentos/RTOS/pico/pico-sdk/lib/tinyusb/src/portable/raspberrypi/rp2040/dcd_rp2040.c.o
                0x0000000010004a60                dcd_init
 .text.dcd_int_enable
                0x0000000010004af0        0xc CMakeFiles/pratica04.dir/home/david/Documentos/RTOS/pico/pico-sdk/lib/tinyusb/src/portable/raspberrypi/rp2040/dcd_rp2040.c.o
                0x0000000010004af0                dcd_int_enable
 .text.dcd_set_address
                0x0000000010004afc       0x14 CMakeFiles/pratica04.dir/home/david/Documentos/RTOS/pico/pico-sdk/lib/tinyusb/src/portable/raspberrypi/rp2040/dcd_rp2040.c.o
                0x0000000010004afc                dcd_set_address
 .text.dcd_sof_enable
                0x0000000010004b10       0x1c CMakeFiles/pratica04.dir/home/david/Documentos/RTOS/pico/pico-sdk/lib/tinyusb/src/portable/raspberrypi/rp2040/dcd_rp2040.c.o
                0x0000000010004b10                dcd_sof_enable
 .text.dcd_edpt0_status_complete
                0x0000000010004b2c       0x1c CMakeFiles/pratica04.dir/home/david/Documentos/RTOS/pico/pico-sdk/lib/tinyusb/src/portable/raspberrypi/rp2040/dcd_rp2040.c.o
                0x0000000010004b2c                dcd_edpt0_status_complete
 .text.dcd_edpt_open
                0x0000000010004b48      0x114 CMakeFiles/pratica04.dir/home/david/Documentos/RTOS/pico/pico-sdk/lib/tinyusb/src/portable/raspberrypi/rp2040/dcd_rp2040.c.o
                0x0000000010004b48                dcd_edpt_open
 .text.dcd_edpt_close_all
                0x0000000010004c5c        0x8 CMakeFiles/pratica04.dir/home/david/Documentos/RTOS/pico/pico-sdk/lib/tinyusb/src/portable/raspberrypi/rp2040/dcd_rp2040.c.o
                0x0000000010004c5c                dcd_edpt_close_all
 .text.dcd_edpt_xfer
                0x0000000010004c64       0x24 CMakeFiles/pratica04.dir/home/david/Documentos/RTOS/pico/pico-sdk/lib/tinyusb/src/portable/raspberrypi/rp2040/dcd_rp2040.c.o
                0x0000000010004c64                dcd_edpt_xfer
 .text.dcd_edpt_stall
                0x0000000010004c88       0x38 CMakeFiles/pratica04.dir/home/david/Documentos/RTOS/pico/pico-sdk/lib/tinyusb/src/portable/raspberrypi/rp2040/dcd_rp2040.c.o
                0x0000000010004c88                dcd_edpt_stall
 .text.dcd_edpt_clear_stall
                0x0000000010004cc0       0x30 CMakeFiles/pratica04.dir/home/david/Documentos/RTOS/pico/pico-sdk/lib/tinyusb/src/portable/raspberrypi/rp2040/dcd_rp2040.c.o
                0x0000000010004cc0                dcd_edpt_clear_stall
 .text.rp2040_usb_init
                0x0000000010004cf0       0x40 CMakeFiles/pratica04.dir/home/david/Documentos/RTOS/pico/pico-sdk/lib/tinyusb/src/portable/raspberrypi/rp2040/rp2040_usb.c.o
                0x0000000010004cf0                rp2040_usb_init
 .text.hw_endpoint_xfer_start
                0x0000000010004d30       0x50 CMakeFiles/pratica04.dir/home/david/Documentos/RTOS/pico/pico-sdk/lib/tinyusb/src/portable/raspberrypi/rp2040/rp2040_usb.c.o
                0x0000000010004d30                hw_endpoint_xfer_start
 .text.tud_event_hook_cb
                0x0000000010004d80        0x4 CMakeFiles/pratica04.dir/home/david/Documentos/RTOS/pico/pico-sdk/lib/tinyusb/src/device/usbd.c.o
                0x0000000010004d80                tud_event_hook_cb
 .text.tud_sof_cb
                0x0000000010004d84        0x4 CMakeFiles/pratica04.dir/home/david/Documentos/RTOS/pico/pico-sdk/lib/tinyusb/src/device/usbd.c.o
                0x0000000010004d84                tud_sof_cb
 .text.tud_descriptor_device_qualifier_cb
                0x0000000010004d88        0x4 CMakeFiles/pratica04.dir/home/david/Documentos/RTOS/pico/pico-sdk/lib/tinyusb/src/device/usbd.c.o
                0x0000000010004d88                tud_descriptor_device_qualifier_cb
 .text.tud_descriptor_other_speed_configuration_cb
                0x0000000010004d8c        0x4 CMakeFiles/pratica04.dir/home/david/Documentos/RTOS/pico/pico-sdk/lib/tinyusb/src/device/usbd.c.o
                0x0000000010004d8c                tud_descriptor_other_speed_configuration_cb
 .text.tud_mount_cb
                0x0000000010004d90        0x4 CMakeFiles/pratica04.dir/home/david/Documentos/RTOS/pico/pico-sdk/lib/tinyusb/src/device/usbd.c.o
                0x0000000010004d90                tud_mount_cb
 .text.tud_umount_cb
                0x0000000010004d94        0x4 CMakeFiles/pratica04.dir/home/david/Documentos/RTOS/pico/pico-sdk/lib/tinyusb/src/device/usbd.c.o
                0x0000000010004d94                tud_umount_cb
 .text.tud_suspend_cb
                0x0000000010004d98        0x4 CMakeFiles/pratica04.dir/home/david/Documentos/RTOS/pico/pico-sdk/lib/tinyusb/src/device/usbd.c.o
                0x0000000010004d98                tud_suspend_cb
 .text.tud_resume_cb
                0x0000000010004d9c        0x4 CMakeFiles/pratica04.dir/home/david/Documentos/RTOS/pico/pico-sdk/lib/tinyusb/src/device/usbd.c.o
                0x0000000010004d9c                tud_resume_cb
 .text.tud_mounted
                0x0000000010004da0       0x10 CMakeFiles/pratica04.dir/home/david/Documentos/RTOS/pico/pico-sdk/lib/tinyusb/src/device/usbd.c.o
                0x0000000010004da0                tud_mounted
 .text.tud_suspended
                0x0000000010004db0       0x10 CMakeFiles/pratica04.dir/home/david/Documentos/RTOS/pico/pico-sdk/lib/tinyusb/src/device/usbd.c.o
                0x0000000010004db0                tud_suspended
 .text.tud_rhport_init
                0x0000000010004dc0       0xf4 CMakeFiles/pratica04.dir/home/david/Documentos/RTOS/pico/pico-sdk/lib/tinyusb/src/device/usbd.c.o
                0x0000000010004dc0                tud_rhport_init
 .text.tud_task_ext
                0x0000000010004eb4      0x800 CMakeFiles/pratica04.dir/home/david/Documentos/RTOS/pico/pico-sdk/lib/tinyusb/src/device/usbd.c.o
                0x0000000010004eb4                tud_task_ext
 .text.usbd_open_edpt_pair
                0x00000000100056b4       0x9c CMakeFiles/pratica04.dir/home/david/Documentos/RTOS/pico/pico-sdk/lib/tinyusb/src/device/usbd.c.o
                0x00000000100056b4                usbd_open_edpt_pair
 .text.usbd_edpt_open
                0x0000000010005750       0x34 CMakeFiles/pratica04.dir/home/david/Documentos/RTOS/pico/pico-sdk/lib/tinyusb/src/device/usbd.c.o
                0x0000000010005750                usbd_edpt_open
 .text.usbd_edpt_claim
                0x0000000010005784       0x28 CMakeFiles/pratica04.dir/home/david/Documentos/RTOS/pico/pico-sdk/lib/tinyusb/src/device/usbd.c.o
                0x0000000010005784                usbd_edpt_claim
 .text.usbd_edpt_release
                0x00000000100057ac       0x28 CMakeFiles/pratica04.dir/home/david/Documentos/RTOS/pico/pico-sdk/lib/tinyusb/src/device/usbd.c.o
                0x00000000100057ac                usbd_edpt_release
 .text.usbd_edpt_xfer
                0x00000000100057d4       0x4c CMakeFiles/pratica04.dir/home/david/Documentos/RTOS/pico/pico-sdk/lib/tinyusb/src/device/usbd.c.o
                0x00000000100057d4                usbd_edpt_xfer
 .text.tud_control_status
                0x0000000010005820       0x30 CMakeFiles/pratica04.dir/home/david/Documentos/RTOS/pico/pico-sdk/lib/tinyusb/src/device/usbd_control.c.o
                0x0000000010005820                tud_control_status
 .text.tud_control_xfer
                0x0000000010005850       0xbc CMakeFiles/pratica04.dir/home/david/Documentos/RTOS/pico/pico-sdk/lib/tinyusb/src/device/usbd_control.c.o
                0x0000000010005850                tud_control_xfer
 .text.usbd_control_reset
                0x000000001000590c       0x14 CMakeFiles/pratica04.dir/home/david/Documentos/RTOS/pico/pico-sdk/lib/tinyusb/src/device/usbd_control.c.o
                0x000000001000590c                usbd_control_reset
 .text.usbd_control_set_complete_callback
                0x0000000010005920        0xc CMakeFiles/pratica04.dir/home/david/Documentos/RTOS/pico/pico-sdk/lib/tinyusb/src/device/usbd_control.c.o
                0x0000000010005920                usbd_control_set_complete_callback
 .text.usbd_control_set_request
                0x000000001000592c       0x1c CMakeFiles/pratica04.dir/home/david/Documentos/RTOS/pico/pico-sdk/lib/tinyusb/src/device/usbd_control.c.o
                0x000000001000592c                usbd_control_set_request
 .text.usbd_control_xfer_cb
                0x0000000010005948       0xf0 CMakeFiles/pratica04.dir/home/david/Documentos/RTOS/pico/pico-sdk/lib/tinyusb/src/device/usbd_control.c.o
                0x0000000010005948                usbd_control_xfer_cb
 .text._prep_out_transaction.isra.0
                0x0000000010005a38       0x6c CMakeFiles/pratica04.dir/home/david/Documentos/RTOS/pico/pico-sdk/lib/tinyusb/src/class/cdc/cdc_device.c.o
 .text.tud_cdc_n_connected
                0x0000000010005aa4       0x2c CMakeFiles/pratica04.dir/home/david/Documentos/RTOS/pico/pico-sdk/lib/tinyusb/src/class/cdc/cdc_device.c.o
                0x0000000010005aa4                tud_cdc_n_connected
 .text.tud_cdc_n_available
                0x0000000010005ad0       0x18 CMakeFiles/pratica04.dir/home/david/Documentos/RTOS/pico/pico-sdk/lib/tinyusb/src/class/cdc/cdc_device.c.o
                0x0000000010005ad0                tud_cdc_n_available
 .text.tud_cdc_n_read
                0x0000000010005ae8       0x94 CMakeFiles/pratica04.dir/home/david/Documentos/RTOS/pico/pico-sdk/lib/tinyusb/src/class/cdc/cdc_device.c.o
                0x0000000010005ae8                tud_cdc_n_read
 .text.tud_cdc_n_write_flush
                0x0000000010005b7c       0x78 CMakeFiles/pratica04.dir/home/david/Documentos/RTOS/pico/pico-sdk/lib/tinyusb/src/class/cdc/cdc_device.c.o
                0x0000000010005b7c                tud_cdc_n_write_flush
 .text.tud_cdc_n_write
                0x0000000010005bf4       0x44 CMakeFiles/pratica04.dir/home/david/Documentos/RTOS/pico/pico-sdk/lib/tinyusb/src/class/cdc/cdc_device.c.o
                0x0000000010005bf4                tud_cdc_n_write
 .text.tud_cdc_n_write_available
                0x0000000010005c38       0x18 CMakeFiles/pratica04.dir/home/david/Documentos/RTOS/pico/pico-sdk/lib/tinyusb/src/class/cdc/cdc_device.c.o
                0x0000000010005c38                tud_cdc_n_write_available
 .text.cdcd_init
                0x0000000010005c50       0x70 CMakeFiles/pratica04.dir/home/david/Documentos/RTOS/pico/pico-sdk/lib/tinyusb/src/class/cdc/cdc_device.c.o
                0x0000000010005c50                cdcd_init
 .text.cdcd_deinit
                0x0000000010005cc0       0x24 CMakeFiles/pratica04.dir/home/david/Documentos/RTOS/pico/pico-sdk/lib/tinyusb/src/class/cdc/cdc_device.c.o
                0x0000000010005cc0                cdcd_deinit
 .text.cdcd_reset
                0x0000000010005ce4       0x4c CMakeFiles/pratica04.dir/home/david/Documentos/RTOS/pico/pico-sdk/lib/tinyusb/src/class/cdc/cdc_device.c.o
                0x0000000010005ce4                cdcd_reset
 .text.cdcd_open
                0x0000000010005d30       0xa8 CMakeFiles/pratica04.dir/home/david/Documentos/RTOS/pico/pico-sdk/lib/tinyusb/src/class/cdc/cdc_device.c.o
                0x0000000010005d30                cdcd_open
 .text.cdcd_control_xfer_cb
                0x0000000010005dd8       0xe8 CMakeFiles/pratica04.dir/home/david/Documentos/RTOS/pico/pico-sdk/lib/tinyusb/src/class/cdc/cdc_device.c.o
                0x0000000010005dd8                cdcd_control_xfer_cb
 .text.cdcd_xfer_cb
                0x0000000010005ec0       0xfc CMakeFiles/pratica04.dir/home/david/Documentos/RTOS/pico/pico-sdk/lib/tinyusb/src/class/cdc/cdc_device.c.o
                0x0000000010005ec0                cdcd_xfer_cb
 .text.vendord_init
                0x0000000010005fbc       0x5c CMakeFiles/pratica04.dir/home/david/Documentos/RTOS/pico/pico-sdk/lib/tinyusb/src/class/vendor/vendor_device.c.o
                0x0000000010005fbc                vendord_init
 .text.vendord_deinit
                0x0000000010006018       0x1c CMakeFiles/pratica04.dir/home/david/Documentos/RTOS/pico/pico-sdk/lib/tinyusb/src/class/vendor/vendor_device.c.o
                0x0000000010006018                vendord_deinit
 .text.vendord_reset
                0x0000000010006034       0x28 CMakeFiles/pratica04.dir/home/david/Documentos/RTOS/pico/pico-sdk/lib/tinyusb/src/class/vendor/vendor_device.c.o
                0x0000000010006034                vendord_reset
 .text.vendord_open
                0x000000001000605c      0x128 CMakeFiles/pratica04.dir/home/david/Documentos/RTOS/pico/pico-sdk/lib/tinyusb/src/class/vendor/vendor_device.c.o
                0x000000001000605c                vendord_open
 .text.vendord_xfer_cb
                0x0000000010006184       0x9c CMakeFiles/pratica04.dir/home/david/Documentos/RTOS/pico/pico-sdk/lib/tinyusb/src/class/vendor/vendor_device.c.o
                0x0000000010006184                vendord_xfer_cb
 .text.tusb_rhport_init
                0x0000000010006220       0x48 CMakeFiles/pratica04.dir/home/david/Documentos/RTOS/pico/pico-sdk/lib/tinyusb/src/tusb.c.o
                0x0000000010006220                tusb_rhport_init
 .text.tu_edpt_claim
                0x0000000010006268       0x50 CMakeFiles/pratica04.dir/home/david/Documentos/RTOS/pico/pico-sdk/lib/tinyusb/src/tusb.c.o
                0x0000000010006268                tu_edpt_claim
 .text.tu_edpt_release
                0x00000000100062b8       0x38 CMakeFiles/pratica04.dir/home/david/Documentos/RTOS/pico/pico-sdk/lib/tinyusb/src/tusb.c.o
                0x00000000100062b8                tu_edpt_release
 .text.tu_edpt_validate
                0x00000000100062f0       0x78 CMakeFiles/pratica04.dir/home/david/Documentos/RTOS/pico/pico-sdk/lib/tinyusb/src/tusb.c.o
                0x00000000100062f0                tu_edpt_validate
 .text.tu_edpt_bind_driver
                0x0000000010006368       0x34 CMakeFiles/pratica04.dir/home/david/Documentos/RTOS/pico/pico-sdk/lib/tinyusb/src/tusb.c.o
                0x0000000010006368                tu_edpt_bind_driver
 .text.tu_edpt_stream_init
                0x000000001000639c       0x6c CMakeFiles/pratica04.dir/home/david/Documentos/RTOS/pico/pico-sdk/lib/tinyusb/src/tusb.c.o
                0x000000001000639c                tu_edpt_stream_init
 .text.tu_edpt_stream_deinit
                0x0000000010006408        0x4 CMakeFiles/pratica04.dir/home/david/Documentos/RTOS/pico/pico-sdk/lib/tinyusb/src/tusb.c.o
                0x0000000010006408                tu_edpt_stream_deinit
 .text.tu_edpt_stream_write_zlp_if_needed
                0x000000001000640c       0x58 CMakeFiles/pratica04.dir/home/david/Documentos/RTOS/pico/pico-sdk/lib/tinyusb/src/tusb.c.o
                0x000000001000640c                tu_edpt_stream_write_zlp_if_needed
 .text.tu_edpt_stream_write_xfer
                0x0000000010006464       0x64 CMakeFiles/pratica04.dir/home/david/Documentos/RTOS/pico/pico-sdk/lib/tinyusb/src/tusb.c.o
                0x0000000010006464                tu_edpt_stream_write_xfer
 .text.tu_edpt_stream_read_xfer
                0x00000000100064c8       0xdc CMakeFiles/pratica04.dir/home/david/Documentos/RTOS/pico/pico-sdk/lib/tinyusb/src/tusb.c.o
                0x00000000100064c8                tu_edpt_stream_read_xfer
 .text.tu_fifo_config
                0x00000000100065a4       0x70 CMakeFiles/pratica04.dir/home/david/Documentos/RTOS/pico/pico-sdk/lib/tinyusb/src/common/tusb_fifo.c.o
                0x00000000100065a4                tu_fifo_config
 .text.tu_fifo_count
                0x0000000010006614       0x2c CMakeFiles/pratica04.dir/home/david/Documentos/RTOS/pico/pico-sdk/lib/tinyusb/src/common/tusb_fifo.c.o
                0x0000000010006614                tu_fifo_count
 .text.tu_fifo_empty
                0x0000000010006640       0x10 CMakeFiles/pratica04.dir/home/david/Documentos/RTOS/pico/pico-sdk/lib/tinyusb/src/common/tusb_fifo.c.o
                0x0000000010006640                tu_fifo_empty
 .text.tu_fifo_remaining
                0x0000000010006650       0x2c CMakeFiles/pratica04.dir/home/david/Documentos/RTOS/pico/pico-sdk/lib/tinyusb/src/common/tusb_fifo.c.o
                0x0000000010006650                tu_fifo_remaining
 .text.tu_fifo_read
                0x000000001000667c       0xa0 CMakeFiles/pratica04.dir/home/david/Documentos/RTOS/pico/pico-sdk/lib/tinyusb/src/common/tusb_fifo.c.o
                0x000000001000667c                tu_fifo_read
 .text.tu_fifo_read_n
                0x000000001000671c       0xec CMakeFiles/pratica04.dir/home/david/Documentos/RTOS/pico/pico-sdk/lib/tinyusb/src/common/tusb_fifo.c.o
                0x000000001000671c                tu_fifo_read_n
 .text.tu_fifo_write
                0x0000000010006808       0x88 CMakeFiles/pratica04.dir/home/david/Documentos/RTOS/pico/pico-sdk/lib/tinyusb/src/common/tusb_fifo.c.o
                0x0000000010006808                tu_fifo_write
 .text.tu_fifo_write_n
                0x0000000010006890      0x168 CMakeFiles/pratica04.dir/home/david/Documentos/RTOS/pico/pico-sdk/lib/tinyusb/src/common/tusb_fifo.c.o
                0x0000000010006890                tu_fifo_write_n
 .text.tu_fifo_clear
                0x00000000100069f8       0x40 CMakeFiles/pratica04.dir/home/david/Documentos/RTOS/pico/pico-sdk/lib/tinyusb/src/common/tusb_fifo.c.o
                0x00000000100069f8                tu_fifo_clear
 .text.tu_fifo_set_overwritable
                0x0000000010006a38       0x48 CMakeFiles/pratica04.dir/home/david/Documentos/RTOS/pico/pico-sdk/lib/tinyusb/src/common/tusb_fifo.c.o
                0x0000000010006a38                tu_fifo_set_overwritable
 .text.exception_set_exclusive_handler
                0x0000000010006a80       0x48 CMakeFiles/pratica04.dir/home/david/Documentos/RTOS/pico/pico-sdk/src/rp2_common/hardware_exception/exception.c.o
                0x0000000010006a80                exception_set_exclusive_handler
 *fill*         0x0000000010006ac8        0x8 
 .text.vPortStartFirstTask
                0x0000000010006ad0       0x34 CMakeFiles/pratica04.dir/home/david/Documentos/RTOS/pico/FreeRTOS-Kernel/portable/ThirdParty/GCC/RP2040/port.c.o
 *fill*         0x0000000010006b04        0xc 
 .text.xPortPendSVHandler
                0x0000000010006b10       0x64 CMakeFiles/pratica04.dir/home/david/Documentos/RTOS/pico/FreeRTOS-Kernel/portable/ThirdParty/GCC/RP2040/port.c.o
                0x0000000010006b10                xPortPendSVHandler
 .text.prvTaskExitError
                0x0000000010006b74        0x8 CMakeFiles/pratica04.dir/home/david/Documentos/RTOS/pico/FreeRTOS-Kernel/portable/ThirdParty/GCC/RP2040/port.c.o
 .text.prvFIFOInterruptHandler
                0x0000000010006b7c       0x78 CMakeFiles/pratica04.dir/home/david/Documentos/RTOS/pico/FreeRTOS-Kernel/portable/ThirdParty/GCC/RP2040/port.c.o
 .text.vPortSVCHandler
                0x0000000010006bf4        0x4 CMakeFiles/pratica04.dir/home/david/Documentos/RTOS/pico/FreeRTOS-Kernel/portable/ThirdParty/GCC/RP2040/port.c.o
                0x0000000010006bf4                vPortSVCHandler
 .text.pxPortInitialiseStack
                0x0000000010006bf8       0x20 CMakeFiles/pratica04.dir/home/david/Documentos/RTOS/pico/FreeRTOS-Kernel/portable/ThirdParty/GCC/RP2040/port.c.o
                0x0000000010006bf8                pxPortInitialiseStack
 .text.vPortYield
                0x0000000010006c18       0x18 CMakeFiles/pratica04.dir/home/david/Documentos/RTOS/pico/FreeRTOS-Kernel/portable/ThirdParty/GCC/RP2040/port.c.o
                0x0000000010006c18                vPortYield
 .text.vPortEnterCritical
                0x0000000010006c30       0x18 CMakeFiles/pratica04.dir/home/david/Documentos/RTOS/pico/FreeRTOS-Kernel/portable/ThirdParty/GCC/RP2040/port.c.o
                0x0000000010006c30                vPortEnterCritical
 .text.vPortExitCritical
                0x0000000010006c48       0x14 CMakeFiles/pratica04.dir/home/david/Documentos/RTOS/pico/FreeRTOS-Kernel/portable/ThirdParty/GCC/RP2040/port.c.o
                0x0000000010006c48                vPortExitCritical
 .text.ulSetInterruptMaskFromISR
                0x0000000010006c5c        0x8 CMakeFiles/pratica04.dir/home/david/Documentos/RTOS/pico/FreeRTOS-Kernel/portable/ThirdParty/GCC/RP2040/port.c.o
                0x0000000010006c5c                ulSetInterruptMaskFromISR
 .text.vClearInterruptMaskFromISR
                0x0000000010006c64        0x8 CMakeFiles/pratica04.dir/home/david/Documentos/RTOS/pico/FreeRTOS-Kernel/portable/ThirdParty/GCC/RP2040/port.c.o
                0x0000000010006c64                vClearInterruptMaskFromISR
 .text.xPortSysTickHandler
                0x0000000010006c6c       0x24 CMakeFiles/pratica04.dir/home/david/Documentos/RTOS/pico/FreeRTOS-Kernel/portable/ThirdParty/GCC/RP2040/port.c.o
                0x0000000010006c6c                xPortSysTickHandler
 .text.vPortSetupTimerInterrupt
                0x0000000010006c90       0x34 CMakeFiles/pratica04.dir/home/david/Documentos/RTOS/pico/FreeRTOS-Kernel/portable/ThirdParty/GCC/RP2040/port.c.o
                0x0000000010006c90                vPortSetupTimerInterrupt
 .text.xPortStartScheduler
                0x0000000010006cc4       0xa0 CMakeFiles/pratica04.dir/home/david/Documentos/RTOS/pico/FreeRTOS-Kernel/portable/ThirdParty/GCC/RP2040/port.c.o
                0x0000000010006cc4                xPortStartScheduler
 .text.ulPortLockGetCurrentOwnerId
                0x0000000010006d64       0x2c CMakeFiles/pratica04.dir/home/david/Documentos/RTOS/pico/FreeRTOS-Kernel/portable/ThirdParty/GCC/RP2040/port.c.o
                0x0000000010006d64                ulPortLockGetCurrentOwnerId
 .text.vPortLockInternalSpinUnlockWithNotify
                0x0000000010006d90       0xcc CMakeFiles/pratica04.dir/home/david/Documentos/RTOS/pico/FreeRTOS-Kernel/portable/ThirdParty/GCC/RP2040/port.c.o
                0x0000000010006d90                vPortLockInternalSpinUnlockWithNotify
 .text.xPortLockInternalSpinUnlockWithBestEffortWaitOrTimeout
                0x0000000010006e5c       0xfc CMakeFiles/pratica04.dir/home/david/Documentos/RTOS/pico/FreeRTOS-Kernel/portable/ThirdParty/GCC/RP2040/port.c.o
                0x0000000010006e5c                xPortLockInternalSpinUnlockWithBestEffortWaitOrTimeout
 .text.startup.prvRuntimeInitializer
                0x0000000010006f58       0x28 CMakeFiles/pratica04.dir/home/david/Documentos/RTOS/pico/FreeRTOS-Kernel/portable/ThirdParty/GCC/RP2040/port.c.o
 .text.vEventGroupSetBitsCallback
                0x0000000010006f80       0x8c CMakeFiles/pratica04.dir/home/david/Documentos/RTOS/pico/FreeRTOS-Kernel/event_groups.c.o
                0x0000000010006f80                vEventGroupSetBitsCallback
 .text.xEventGroupCreate
                0x000000001000700c       0x18 CMakeFiles/pratica04.dir/home/david/Documentos/RTOS/pico/FreeRTOS-Kernel/event_groups.c.o
                0x000000001000700c                xEventGroupCreate
 .text.xEventGroupWaitBits
                0x0000000010007024       0xb8 CMakeFiles/pratica04.dir/home/david/Documentos/RTOS/pico/FreeRTOS-Kernel/event_groups.c.o
                0x0000000010007024                xEventGroupWaitBits
 .text.xEventGroupSetBits
                0x00000000100070dc       0x90 CMakeFiles/pratica04.dir/home/david/Documentos/RTOS/pico/FreeRTOS-Kernel/event_groups.c.o
                0x00000000100070dc                xEventGroupSetBits
 .text.xEventGroupSetBitsFromISR
                0x000000001000716c       0x14 CMakeFiles/pratica04.dir/home/david/Documentos/RTOS/pico/FreeRTOS-Kernel/event_groups.c.o
                0x000000001000716c                xEventGroupSetBitsFromISR
 .text.vListInitialise
                0x0000000010007180       0x18 CMakeFiles/pratica04.dir/home/david/Documentos/RTOS/pico/FreeRTOS-Kernel/list.c.o
                0x0000000010007180                vListInitialise
 .text.vListInitialiseItem
                0x0000000010007198        0x8 CMakeFiles/pratica04.dir/home/david/Documentos/RTOS/pico/FreeRTOS-Kernel/list.c.o
                0x0000000010007198                vListInitialiseItem
 .text.vListInsert
                0x00000000100071a0       0x30 CMakeFiles/pratica04.dir/home/david/Documentos/RTOS/pico/FreeRTOS-Kernel/list.c.o
                0x00000000100071a0                vListInsert
 .text.uxListRemove
                0x00000000100071d0       0x20 CMakeFiles/pratica04.dir/home/david/Documentos/RTOS/pico/FreeRTOS-Kernel/list.c.o
                0x00000000100071d0                uxListRemove
 .text.prvUnlockQueue
                0x00000000100071f0      0x148 CMakeFiles/pratica04.dir/home/david/Documentos/RTOS/pico/FreeRTOS-Kernel/queue.c.o
 .text.prvNotifyQueueSetContainer
                0x0000000010007338       0x9c CMakeFiles/pratica04.dir/home/david/Documentos/RTOS/pico/FreeRTOS-Kernel/queue.c.o
 .text.xQueueGenericCreate
                0x00000000100073d4       0xa0 CMakeFiles/pratica04.dir/home/david/Documentos/RTOS/pico/FreeRTOS-Kernel/queue.c.o
                0x00000000100073d4                xQueueGenericCreate
 .text.xQueueGenericSend
                0x0000000010007474      0x1cc CMakeFiles/pratica04.dir/home/david/Documentos/RTOS/pico/FreeRTOS-Kernel/queue.c.o
                0x0000000010007474                xQueueGenericSend
 .text.xQueueGenericSendFromISR
                0x0000000010007640      0x138 CMakeFiles/pratica04.dir/home/david/Documentos/RTOS/pico/FreeRTOS-Kernel/queue.c.o
                0x0000000010007640                xQueueGenericSendFromISR
 .text.xQueueReceive
                0x0000000010007778      0x11c CMakeFiles/pratica04.dir/home/david/Documentos/RTOS/pico/FreeRTOS-Kernel/queue.c.o
                0x0000000010007778                xQueueReceive
 .text.vQueueAddToRegistry
                0x0000000010007894       0xec CMakeFiles/pratica04.dir/home/david/Documentos/RTOS/pico/FreeRTOS-Kernel/queue.c.o
                0x0000000010007894                vQueueAddToRegistry
 .text.vQueueWaitForMessageRestricted
                0x0000000010007980       0x48 CMakeFiles/pratica04.dir/home/david/Documentos/RTOS/pico/FreeRTOS-Kernel/queue.c.o
                0x0000000010007980                vQueueWaitForMessageRestricted
 .text.prvAddNewTaskToReadyList
                0x00000000100079c8      0x12c CMakeFiles/pratica04.dir/home/david/Documentos/RTOS/pico/FreeRTOS-Kernel/tasks.c.o
 .text.prvAddCurrentTaskToDelayedList
                0x0000000010007af4       0xa4 CMakeFiles/pratica04.dir/home/david/Documentos/RTOS/pico/FreeRTOS-Kernel/tasks.c.o
 .text.prvIdleTask
                0x0000000010007b98       0x60 CMakeFiles/pratica04.dir/home/david/Documentos/RTOS/pico/FreeRTOS-Kernel/tasks.c.o
 .text.xTaskIncrementTick.part.0
                0x0000000010007bf8      0x1a0 CMakeFiles/pratica04.dir/home/david/Documentos/RTOS/pico/FreeRTOS-Kernel/tasks.c.o
 .text.xTaskCreate
                0x0000000010007d98      0x168 CMakeFiles/pratica04.dir/home/david/Documentos/RTOS/pico/FreeRTOS-Kernel/tasks.c.o
                0x0000000010007d98                xTaskCreate
 .text.vTaskStartScheduler
                0x0000000010007f00       0xc4 CMakeFiles/pratica04.dir/home/david/Documentos/RTOS/pico/FreeRTOS-Kernel/tasks.c.o
                0x0000000010007f00                vTaskStartScheduler
 .text.vTaskSuspendAll
                0x0000000010007fc4       0x10 CMakeFiles/pratica04.dir/home/david/Documentos/RTOS/pico/FreeRTOS-Kernel/tasks.c.o
                0x0000000010007fc4                vTaskSuspendAll
 .text.xTaskResumeAll
                0x0000000010007fd4      0x194 CMakeFiles/pratica04.dir/home/david/Documentos/RTOS/pico/FreeRTOS-Kernel/tasks.c.o
                0x0000000010007fd4                xTaskResumeAll
 .text.vTaskDelay
                0x0000000010008168       0x84 CMakeFiles/pratica04.dir/home/david/Documentos/RTOS/pico/FreeRTOS-Kernel/tasks.c.o
                0x0000000010008168                vTaskDelay
 .text.xTaskGetTickCount
                0x00000000100081ec        0xc CMakeFiles/pratica04.dir/home/david/Documentos/RTOS/pico/FreeRTOS-Kernel/tasks.c.o
                0x00000000100081ec                xTaskGetTickCount
 .text.uxTaskGetNumberOfTasks
                0x00000000100081f8        0xc CMakeFiles/pratica04.dir/home/david/Documentos/RTOS/pico/FreeRTOS-Kernel/tasks.c.o
                0x00000000100081f8                uxTaskGetNumberOfTasks
 .text.xTaskIncrementTick
                0x0000000010008204       0x24 CMakeFiles/pratica04.dir/home/david/Documentos/RTOS/pico/FreeRTOS-Kernel/tasks.c.o
                0x0000000010008204                xTaskIncrementTick
 .text.vTaskSwitchContext
                0x0000000010008228       0x7c CMakeFiles/pratica04.dir/home/david/Documentos/RTOS/pico/FreeRTOS-Kernel/tasks.c.o
                0x0000000010008228                vTaskSwitchContext
 .text.vTaskPlaceOnEventList
                0x00000000100082a4       0xa0 CMakeFiles/pratica04.dir/home/david/Documentos/RTOS/pico/FreeRTOS-Kernel/tasks.c.o
                0x00000000100082a4                vTaskPlaceOnEventList
 .text.vTaskPlaceOnUnorderedEventList
                0x0000000010008344       0xc8 CMakeFiles/pratica04.dir/home/david/Documentos/RTOS/pico/FreeRTOS-Kernel/tasks.c.o
                0x0000000010008344                vTaskPlaceOnUnorderedEventList
 .text.vTaskPlaceOnEventListRestricted
                0x000000001000840c       0xdc CMakeFiles/pratica04.dir/home/david/Documentos/RTOS/pico/FreeRTOS-Kernel/tasks.c.o
                0x000000001000840c                vTaskPlaceOnEventListRestricted
 .text.xTaskRemoveFromEventList
                0x00000000100084e8       0xd8 CMakeFiles/pratica04.dir/home/david/Documentos/RTOS/pico/FreeRTOS-Kernel/tasks.c.o
                0x00000000100084e8                xTaskRemoveFromEventList
 .text.vTaskRemoveFromUnorderedEventList
                0x00000000100085c0       0x98 CMakeFiles/pratica04.dir/home/david/Documentos/RTOS/pico/FreeRTOS-Kernel/tasks.c.o
                0x00000000100085c0                vTaskRemoveFromUnorderedEventList
 .text.vTaskInternalSetTimeOutState
                0x0000000010008658       0x18 CMakeFiles/pratica04.dir/home/david/Documentos/RTOS/pico/FreeRTOS-Kernel/tasks.c.o
                0x0000000010008658                vTaskInternalSetTimeOutState
 .text.xTaskCheckForTimeOut
                0x0000000010008670       0x74 CMakeFiles/pratica04.dir/home/david/Documentos/RTOS/pico/FreeRTOS-Kernel/tasks.c.o
                0x0000000010008670                xTaskCheckForTimeOut
 .text.vTaskMissedYield
                0x00000000100086e4        0xc CMakeFiles/pratica04.dir/home/david/Documentos/RTOS/pico/FreeRTOS-Kernel/tasks.c.o
                0x00000000100086e4                vTaskMissedYield
 .text.xTaskGetCurrentTaskHandle
                0x00000000100086f0        0xc CMakeFiles/pratica04.dir/home/david/Documentos/RTOS/pico/FreeRTOS-Kernel/tasks.c.o
                0x00000000100086f0                xTaskGetCurrentTaskHandle
 .text.xTaskPriorityDisinherit
                0x00000000100086fc       0x64 CMakeFiles/pratica04.dir/home/david/Documentos/RTOS/pico/FreeRTOS-Kernel/tasks.c.o
                0x00000000100086fc                xTaskPriorityDisinherit
 .text.uxTaskResetEventItemValue
                0x0000000010008760       0x18 CMakeFiles/pratica04.dir/home/david/Documentos/RTOS/pico/FreeRTOS-Kernel/tasks.c.o
                0x0000000010008760                uxTaskResetEventItemValue
 .text.ulTaskGenericNotifyTake
                0x0000000010008778       0xac CMakeFiles/pratica04.dir/home/david/Documentos/RTOS/pico/FreeRTOS-Kernel/tasks.c.o
                0x0000000010008778                ulTaskGenericNotifyTake
 .text.prvTimerTask
                0x0000000010008824      0x388 CMakeFiles/pratica04.dir/home/david/Documentos/RTOS/pico/FreeRTOS-Kernel/timers.c.o
 .text.xTimerCreateTimerTask
                0x0000000010008bac       0x8c CMakeFiles/pratica04.dir/home/david/Documentos/RTOS/pico/FreeRTOS-Kernel/timers.c.o
                0x0000000010008bac                xTimerCreateTimerTask
 .text.xTimerPendFunctionCallFromISR
                0x0000000010008c38       0x28 CMakeFiles/pratica04.dir/home/david/Documentos/RTOS/pico/FreeRTOS-Kernel/timers.c.o
                0x0000000010008c38                xTimerPendFunctionCallFromISR
 .text.pvPortMalloc
                0x0000000010008c60      0x114 CMakeFiles/pratica04.dir/home/david/Documentos/RTOS/pico/FreeRTOS-Kernel/portable/MemMang/heap_4.c.o
                0x0000000010008c60                pvPortMalloc
 .text.vPortFree
                0x0000000010008d74       0x8c CMakeFiles/pratica04.dir/home/david/Documentos/RTOS/pico/FreeRTOS-Kernel/portable/MemMang/heap_4.c.o
                0x0000000010008d74                vPortFree
 .text.strlen   0x0000000010008e00       0x5c /home/david/lab/toolchain/gcc-arm-none-eabi-10.3-2021.10/bin/../lib/gcc/arm-none-eabi/10.3.1/../../../../arm-none-eabi/lib/thumb/v6-m/nofp/libg.a(lib_a-strlen-stub.o)
                0x0000000010008e00                strlen
 *(.fini)
 .fini          0x0000000010008e5c        0x4 /home/david/lab/toolchain/gcc-arm-none-eabi-10.3-2021.10/bin/../lib/gcc/arm-none-eabi/10.3.1/thumb/v6-m/nofp/crti.o
                0x0000000010008e5c                _fini
 .fini.__stub   0x0000000010008e60       0xd0 linker stubs
 *crtbegin.o(.ctors)
 *crtbegin?.o(.ctors)
 *(EXCLUDE_FILE(*crtend.o *crtend?.o) .ctors)
 *(SORT_BY_NAME(.ctors.*))
 *(.ctors)
 *crtbegin.o(.dtors)
 *crtbegin?.o(.dtors)
 *(EXCLUDE_FILE(*crtend.o *crtend?.o) .dtors)
 *(SORT_BY_NAME(.dtors.*))
 *(.dtors)
                0x0000000010008f30                . = ALIGN (0x4)
                0x0000000010008f30                PROVIDE (__preinit_array_start = .)
 *(SORT_BY_NAME(.preinit_array.*))
 .preinit_array.00100
                0x0000000010008f30        0x4 CMakeFiles/pratica04.dir/home/david/Documentos/RTOS/pico/pico-sdk/src/rp2_common/pico_runtime_init/runtime_init.c.o
                0x0000000010008f30                __pre_init_runtime_init_early_resets
 .preinit_array.00101
                0x0000000010008f34        0x4 CMakeFiles/pratica04.dir/home/david/Documentos/RTOS/pico/pico-sdk/src/rp2_common/pico_runtime_init/runtime_init.c.o
                0x0000000010008f34                __pre_init_runtime_init_usb_power_down
 .preinit_array.00275
                0x0000000010008f38        0x4 CMakeFiles/pratica04.dir/home/david/Documentos/RTOS/pico/pico-sdk/src/rp2_common/pico_bit_ops/bit_ops_aeabi.S.o
 .preinit_array.00300
                0x0000000010008f3c        0x4 CMakeFiles/pratica04.dir/home/david/Documentos/RTOS/pico/pico-sdk/src/rp2_common/pico_mem_ops/mem_ops_aeabi.S.o
 .preinit_array.00350
                0x0000000010008f40        0x4 CMakeFiles/pratica04.dir/home/david/Documentos/RTOS/pico/pico-sdk/src/rp2_common/pico_double/double_aeabi_rp2040.S.o
 .preinit_array.00350
                0x0000000010008f44        0x4 CMakeFiles/pratica04.dir/home/david/Documentos/RTOS/pico/pico-sdk/src/rp2_common/pico_float/float_aeabi_rp2040.S.o
 .preinit_array.00500
                0x0000000010008f48        0x4 CMakeFiles/pratica04.dir/home/david/Documentos/RTOS/pico/pico-sdk/src/rp2_common/pico_runtime_init/runtime_init.c.o
                0x0000000010008f48                __pre_init_runtime_init_clocks
 .preinit_array.00600
                0x0000000010008f4c        0x4 CMakeFiles/pratica04.dir/home/david/Documentos/RTOS/pico/pico-sdk/src/rp2_common/pico_runtime_init/runtime_init.c.o
                0x0000000010008f4c                __pre_init_runtime_init_post_clock_resets
 .preinit_array.00700
                0x0000000010008f50        0x4 CMakeFiles/pratica04.dir/home/david/Documentos/RTOS/pico/pico-sdk/src/rp2_common/pico_runtime_init/runtime_init.c.o
                0x0000000010008f50                __pre_init_runtime_init_rp2040_gpio_ie_disable
 .preinit_array.01000
                0x0000000010008f54        0x4 CMakeFiles/pratica04.dir/home/david/Documentos/RTOS/pico/pico-sdk/src/rp2_common/pico_runtime_init/runtime_init.c.o
                0x0000000010008f54                __pre_init_runtime_init_spin_locks_reset
 .preinit_array.01100
                0x0000000010008f58        0x4 CMakeFiles/pratica04.dir/home/david/Documentos/RTOS/pico/pico-sdk/src/common/pico_sync/mutex.c.o
                0x0000000010008f58                __pre_init_runtime_init_mutex
 .preinit_array.10080
                0x0000000010008f5c        0x4 CMakeFiles/pratica04.dir/home/david/Documentos/RTOS/pico/pico-sdk/src/rp2_common/pico_runtime_init/runtime_init.c.o
                0x0000000010008f5c                __pre_init_runtime_init_install_ram_vector_table
 .preinit_array.11000
                0x0000000010008f60        0x4 CMakeFiles/pratica04.dir/home/david/Documentos/RTOS/pico/pico-sdk/src/common/pico_time/time.c.o
                0x0000000010008f60                __pre_init_runtime_init_default_alarm_pool
 .preinit_array.YYYYY
                0x0000000010008f64        0x4 CMakeFiles/pratica04.dir/home/david/Documentos/RTOS/pico/pico-sdk/src/rp2_common/pico_runtime/runtime.c.o
                0x0000000010008f64                __pre_init_first_per_core_initializer
 .preinit_array.ZZZZZ.01200
                0x0000000010008f68        0x4 CMakeFiles/pratica04.dir/home/david/Documentos/RTOS/pico/pico-sdk/src/rp2_common/hardware_irq/irq.c.o
                0x0000000010008f68                __pre_init_runtime_init_per_core_irq_priorities
 *(.preinit_array)
                0x0000000010008f6c                PROVIDE (__preinit_array_end = .)
                0x0000000010008f6c                . = ALIGN (0x4)
                0x0000000010008f6c                PROVIDE (__init_array_start = .)
 *(SORT_BY_NAME(.init_array.*))
 *(.init_array)
 .init_array    0x0000000010008f6c        0x4 /home/david/lab/toolchain/gcc-arm-none-eabi-10.3-2021.10/bin/../lib/gcc/arm-none-eabi/10.3.1/thumb/v6-m/nofp/crtbegin.o
 .init_array    0x0000000010008f70        0x4 CMakeFiles/pratica04.dir/home/david/Documentos/RTOS/pico/pico-sdk/src/rp2_common/pico_unique_id/unique_id.c.o
 .init_array    0x0000000010008f74        0x4 CMakeFiles/pratica04.dir/home/david/Documentos/RTOS/pico/FreeRTOS-Kernel/portable/ThirdParty/GCC/RP2040/port.c.o
                0x0000000010008f78                PROVIDE (__init_array_end = .)
                0x0000000010008f78                . = ALIGN (0x4)
                [!provide]                        PROVIDE (__fini_array_start = .)
 *(SORT_BY_NAME(.fini_array.*))
 *(.fini_array)
                [!provide]                        PROVIDE (__fini_array_end = .)
 *(.eh_frame*)
 .eh_frame      0x0000000010008f78        0x0 /home/david/lab/toolchain/gcc-arm-none-eabi-10.3-2021.10/bin/../lib/gcc/arm-none-eabi/10.3.1/thumb/v6-m/nofp/crtbegin.o
                0x0000000010008f78                . = ALIGN (0x4)

.glue_7         0x0000000010008f78        0x0
 .glue_7        0x0000000010008f78        0x0 linker stubs

.glue_7t        0x0000000010008f78        0x0
 .glue_7t       0x0000000010008f78        0x0 linker stubs

.vfp11_veneer   0x0000000010008f78        0x0
 .vfp11_veneer  0x0000000010008f78        0x0 linker stubs

.v4_bx          0x0000000010008f78        0x0
 .v4_bx         0x0000000010008f78        0x0 linker stubs

.iplt           0x0000000010008f78        0x0
 .iplt          0x0000000010008f78        0x0 /home/david/lab/toolchain/gcc-arm-none-eabi-10.3-2021.10/bin/../lib/gcc/arm-none-eabi/10.3.1/thumb/v6-m/nofp/crtbegin.o

.rodata         0x0000000010008f78      0x780
 *(EXCLUDE_FILE(*libm.a: *libc.a:*lib_a-mem*.o *libgcc.a:) .rodata*)
 .rodata.taskLedExtra.str1.4
                0x0000000010008f78       0x23 CMakeFiles/pratica04.dir/src/main.c.o
 *fill*         0x0000000010008f9b        0x1 
 .rodata.taskADC.str1.4
                0x0000000010008f9c       0x4b CMakeFiles/pratica04.dir/src/main.c.o
 *fill*         0x0000000010008fe7        0x1 
 .rodata.taskBotao.str1.4
                0x0000000010008fe8       0x22 CMakeFiles/pratica04.dir/src/main.c.o
 *fill*         0x000000001000900a        0x2 
 .rodata.main.str1.4
                0x000000001000900c       0x36 CMakeFiles/pratica04.dir/src/main.c.o
 *fill*         0x0000000010009042        0x2 
 .rodata.panic.str1.4
                0x0000000010009044       0x10 CMakeFiles/pratica04.dir/home/david/Documentos/RTOS/pico/pico-sdk/src/rp2_common/pico_platform_panic/panic.c.o
                                         0x12 (size before relaxing)
 .rodata.panic_unsupported.str1.4
                0x0000000010009054        0xe CMakeFiles/pratica04.dir/home/david/Documentos/RTOS/pico/pico-sdk/src/rp2_common/pico_platform_panic/panic.c.o
 *fill*         0x0000000010009062        0x2 
 .rodata.spin_lock_claim_unused.str1.4
                0x0000000010009064       0x1b CMakeFiles/pratica04.dir/home/david/Documentos/RTOS/pico/pico-sdk/src/rp2_common/hardware_sync/sync.c.o
 *fill*         0x000000001000907f        0x1 
 .rodata.user_irq_claim_unused.str1.4
                0x0000000010009080       0x1b CMakeFiles/pratica04.dir/home/david/Documentos/RTOS/pico/pico-sdk/src/rp2_common/hardware_irq/irq.c.o
 *fill*         0x000000001000909b        0x1 
 .rodata.timer_hardware_alarm_claim.str1.4
                0x000000001000909c       0x22 CMakeFiles/pratica04.dir/home/david/Documentos/RTOS/pico/pico-sdk/src/rp2_common/hardware_timer/timer.c.o
 *fill*         0x00000000100090be        0x2 
 .rodata.hard_assertion_failure.str1.4
                0x00000000100090c0        0xc CMakeFiles/pratica04.dir/home/david/Documentos/RTOS/pico/pico-sdk/src/rp2_common/pico_runtime/runtime.c.o
 .rodata.missing_double_func_shim.str1.4
                0x00000000100090cc       0x18 CMakeFiles/pratica04.dir/home/david/Documentos/RTOS/pico/pico-sdk/src/rp2_common/pico_double/double_init_rom_rp2040.c.o
 .rodata.missing_float_func_shim.str1.4
                0x00000000100090e4       0x18 CMakeFiles/pratica04.dir/home/david/Documentos/RTOS/pico/pico-sdk/src/rp2_common/pico_float/float_init_rom_rp2040.c.o
                                          0x1 (size before relaxing)
 .rodata.str1.4
                0x00000000100090e4       0x40 CMakeFiles/pratica04.dir/home/david/Documentos/RTOS/pico/pico-sdk/src/rp2_common/pico_standard_binary_info/standard_binary_info.c.o
 .rodata.__bi_26
                0x0000000010009124        0xc CMakeFiles/pratica04.dir/home/david/Documentos/RTOS/pico/pico-sdk/src/rp2_common/pico_standard_binary_info/standard_binary_info.c.o
 .rodata.__bi_34
                0x0000000010009130        0xc CMakeFiles/pratica04.dir/home/david/Documentos/RTOS/pico/pico-sdk/src/rp2_common/pico_standard_binary_info/standard_binary_info.c.o
 .rodata.__bi_42
                0x000000001000913c        0xc CMakeFiles/pratica04.dir/home/david/Documentos/RTOS/pico/pico-sdk/src/rp2_common/pico_standard_binary_info/standard_binary_info.c.o
 .rodata.__bi_48
                0x0000000010009148        0xc CMakeFiles/pratica04.dir/home/david/Documentos/RTOS/pico/pico-sdk/src/rp2_common/pico_standard_binary_info/standard_binary_info.c.o
 .rodata.__bi_54
                0x0000000010009154        0xc CMakeFiles/pratica04.dir/home/david/Documentos/RTOS/pico/pico-sdk/src/rp2_common/pico_standard_binary_info/standard_binary_info.c.o
 .rodata.__bi_78
                0x0000000010009160        0xc CMakeFiles/pratica04.dir/home/david/Documentos/RTOS/pico/pico-sdk/src/rp2_common/pico_standard_binary_info/standard_binary_info.c.o
 .rodata.__bi_84
                0x000000001000916c        0xc CMakeFiles/pratica04.dir/home/david/Documentos/RTOS/pico/pico-sdk/src/rp2_common/pico_standard_binary_info/standard_binary_info.c.o
 .rodata._ftoa.str1.4
                0x0000000010009178       0x15 CMakeFiles/pratica04.dir/home/david/Documentos/RTOS/pico/pico-sdk/src/rp2_common/pico_printf/printf.c.o
 *fill*         0x000000001000918d        0x3 
 .rodata._vsnprintf
                0x0000000010009190      0x1e0 CMakeFiles/pratica04.dir/home/david/Documentos/RTOS/pico/pico-sdk/src/rp2_common/pico_printf/printf.c.o
 .rodata.pow10.0
                0x0000000010009370       0x50 CMakeFiles/pratica04.dir/home/david/Documentos/RTOS/pico/pico-sdk/src/rp2_common/pico_printf/printf.c.o
 .rodata.crlf_str.0
                0x00000000100093c0        0x2 CMakeFiles/pratica04.dir/home/david/Documentos/RTOS/pico/pico-sdk/src/rp2_common/pico_stdio/stdio.c.o
 *fill*         0x00000000100093c2        0x2 
 .rodata._resetd_driver
                0x00000000100093c4       0x20 CMakeFiles/pratica04.dir/home/david/Documentos/RTOS/pico/pico-sdk/src/rp2_common/pico_stdio_usb/reset_interface.c.o
 .rodata.desc_bos
                0x00000000100093e4       0x21 CMakeFiles/pratica04.dir/home/david/Documentos/RTOS/pico/pico-sdk/src/rp2_common/pico_stdio_usb/reset_interface.c.o
                0x00000000100093e4                desc_bos
 *fill*         0x0000000010009405        0x3 
 .rodata.desc_ms_os_20
                0x0000000010009408       0xa6 CMakeFiles/pratica04.dir/home/david/Documentos/RTOS/pico/pico-sdk/src/rp2_common/pico_stdio_usb/reset_interface.c.o
 *fill*         0x00000000100094ae        0x2 
 .rodata.str1.4
                0x00000000100094b0       0x13 CMakeFiles/pratica04.dir/home/david/Documentos/RTOS/pico/pico-sdk/src/rp2_common/pico_stdio_usb/stdio_usb.c.o
 *fill*         0x00000000100094c3        0x1 
 .rodata.__bi_197.0
                0x00000000100094c4        0xc CMakeFiles/pratica04.dir/home/david/Documentos/RTOS/pico/pico-sdk/src/rp2_common/pico_stdio_usb/stdio_usb.c.o
 .rodata.str1.4
                0x00000000100094d0       0x2a CMakeFiles/pratica04.dir/home/david/Documentos/RTOS/pico/pico-sdk/src/rp2_common/pico_stdio_usb/stdio_usb_descriptors.c.o
 *fill*         0x00000000100094fa        0x2 
 .rodata.usbd_desc_cfg
                0x00000000100094fc       0x54 CMakeFiles/pratica04.dir/home/david/Documentos/RTOS/pico/pico-sdk/src/rp2_common/pico_stdio_usb/stdio_usb_descriptors.c.o
 .rodata.usbd_desc_device
                0x0000000010009550       0x12 CMakeFiles/pratica04.dir/home/david/Documentos/RTOS/pico/pico-sdk/src/rp2_common/pico_stdio_usb/stdio_usb_descriptors.c.o
 *fill*         0x0000000010009562        0x2 
 .rodata.usbd_desc_str
                0x0000000010009564       0x18 CMakeFiles/pratica04.dir/home/david/Documentos/RTOS/pico/pico-sdk/src/rp2_common/pico_stdio_usb/stdio_usb_descriptors.c.o
 .rodata.str1.4
                0x000000001000957c       0x14 CMakeFiles/pratica04.dir/home/david/Documentos/RTOS/pico/pico-sdk/lib/tinyusb/src/portable/raspberrypi/rp2040/dcd_rp2040.c.o
 .rodata.str1.4
                0x0000000010009590       0x48 CMakeFiles/pratica04.dir/home/david/Documentos/RTOS/pico/pico-sdk/lib/tinyusb/src/portable/raspberrypi/rp2040/rp2040_usb.c.o
 .rodata.tud_task_ext
                0x00000000100095d8       0x8c CMakeFiles/pratica04.dir/home/david/Documentos/RTOS/pico/pico-sdk/lib/tinyusb/src/device/usbd.c.o
 .rodata        0x0000000010009664       0x1c CMakeFiles/pratica04.dir/home/david/Documentos/RTOS/pico/pico-sdk/lib/tinyusb/src/device/usbd.c.o
 .rodata._usbd_driver
                0x0000000010009680       0x40 CMakeFiles/pratica04.dir/home/david/Documentos/RTOS/pico/pico-sdk/lib/tinyusb/src/device/usbd.c.o
 .rodata.prvTimerTask
                0x00000000100096c0       0x28 CMakeFiles/pratica04.dir/home/david/Documentos/RTOS/pico/FreeRTOS-Kernel/timers.c.o
 .rodata.xTimerCreateTimerTask.str1.4
                0x00000000100096e8       0x10 CMakeFiles/pratica04.dir/home/david/Documentos/RTOS/pico/FreeRTOS-Kernel/timers.c.o
                0x00000000100096f8                . = ALIGN (0x4)
 *(SORT_BY_ALIGNMENT(SORT_BY_NAME(.flashdata*)))
                0x00000000100096f8                . = ALIGN (0x4)

.ARM.extab
 *(.ARM.extab* .gnu.linkonce.armextab.*)
                0x00000000100096f8                __exidx_start = .

.ARM.exidx
 *(.ARM.exidx* .gnu.linkonce.armexidx.*)
                0x00000000100096f8                __exidx_end = .
                0x00000000100096f8                . = ALIGN (0x4)
                0x00000000100096f8                __binary_info_start = .

.binary_info    0x00000000100096f8       0x20
 *(.binary_info.keep.*)
 .binary_info.keep.__bi_ptr26
                0x00000000100096f8        0x4 CMakeFiles/pratica04.dir/home/david/Documentos/RTOS/pico/pico-sdk/src/rp2_common/pico_standard_binary_info/standard_binary_info.c.o
 .binary_info.keep.__bi_ptr34
                0x00000000100096fc        0x4 CMakeFiles/pratica04.dir/home/david/Documentos/RTOS/pico/pico-sdk/src/rp2_common/pico_standard_binary_info/standard_binary_info.c.o
 .binary_info.keep.__bi_ptr42
                0x0000000010009700        0x4 CMakeFiles/pratica04.dir/home/david/Documentos/RTOS/pico/pico-sdk/src/rp2_common/pico_standard_binary_info/standard_binary_info.c.o
 .binary_info.keep.__bi_ptr48
                0x0000000010009704        0x4 CMakeFiles/pratica04.dir/home/david/Documentos/RTOS/pico/pico-sdk/src/rp2_common/pico_standard_binary_info/standard_binary_info.c.o
 .binary_info.keep.__bi_ptr54
                0x0000000010009708        0x4 CMakeFiles/pratica04.dir/home/david/Documentos/RTOS/pico/pico-sdk/src/rp2_common/pico_standard_binary_info/standard_binary_info.c.o
 .binary_info.keep.__bi_ptr78
                0x000000001000970c        0x4 CMakeFiles/pratica04.dir/home/david/Documentos/RTOS/pico/pico-sdk/src/rp2_common/pico_standard_binary_info/standard_binary_info.c.o
 .binary_info.keep.__bi_ptr84
                0x0000000010009710        0x4 CMakeFiles/pratica04.dir/home/david/Documentos/RTOS/pico/pico-sdk/src/rp2_common/pico_standard_binary_info/standard_binary_info.c.o
 *(.binary_info.*)
 .binary_info.__bi_ptr197
                0x0000000010009714        0x4 CMakeFiles/pratica04.dir/home/david/Documentos/RTOS/pico/pico-sdk/src/rp2_common/pico_stdio_usb/stdio_usb.c.o
                0x0000000010009718                __binary_info_end = .

.rel.dyn        0x0000000010009718        0x0
 .rel.iplt      0x0000000010009718        0x0 /home/david/lab/toolchain/gcc-arm-none-eabi-10.3-2021.10/bin/../lib/gcc/arm-none-eabi/10.3.1/thumb/v6-m/nofp/crtbegin.o
                0x0000000010009718                . = ALIGN (0x4)

.ram_vector_table
                0x0000000020000000       0xc0
 *(.ram_vector_table)
 .ram_vector_table
                0x0000000020000000       0xc0 CMakeFiles/pratica04.dir/home/david/Documentos/RTOS/pico/pico-sdk/src/rp2_common/pico_runtime_init/runtime_init.c.o
                0x0000000020000000                ram_vector_table

.uninitialized_data
                0x00000000200000c0        0x0
                0x00000000200000c0                . = ALIGN (0x4)
 *(.uninitialized_data*)

.data           0x00000000200000c0      0xfdc load address 0x0000000010009718
                0x00000000200000c0                __data_start__ = .
 *(vtable)
 *(.time_critical*)
 .time_critical.mutex_try_enter
                0x00000000200000c0       0x44 CMakeFiles/pratica04.dir/home/david/Documentos/RTOS/pico/pico-sdk/src/common/pico_sync/mutex.c.o
                0x00000000200000c0                mutex_try_enter
 .time_critical.mutex_try_enter_block_until
                0x0000000020000104       0x9c CMakeFiles/pratica04.dir/home/david/Documentos/RTOS/pico/pico-sdk/src/common/pico_sync/mutex.c.o
                0x0000000020000104                mutex_try_enter_block_until
 .time_critical.mutex_enter_timeout_ms
                0x00000000200001a0       0x78 CMakeFiles/pratica04.dir/home/david/Documentos/RTOS/pico/pico-sdk/src/common/pico_sync/mutex.c.o
                0x00000000200001a0                mutex_enter_timeout_ms
 .time_critical.mutex_exit
                0x0000000020000218       0x20 CMakeFiles/pratica04.dir/home/david/Documentos/RTOS/pico/pico-sdk/src/common/pico_sync/mutex.c.o
                0x0000000020000218                mutex_exit
 .time_critical.flash_init_boot2_copyout
                0x0000000020000238       0x30 CMakeFiles/pratica04.dir/home/david/Documentos/RTOS/pico/pico-sdk/src/rp2_common/hardware_flash/flash.c.o
 .time_critical.flash_enable_xip_via_boot2
                0x0000000020000268       0x10 CMakeFiles/pratica04.dir/home/david/Documentos/RTOS/pico/pico-sdk/src/rp2_common/hardware_flash/flash.c.o
 .time_critical.flash_cs_force
                0x0000000020000278       0x38 CMakeFiles/pratica04.dir/home/david/Documentos/RTOS/pico/pico-sdk/src/rp2_common/hardware_flash/flash.c.o
 .time_critical.flash_do_cmd
                0x00000000200002b0       0xc4 CMakeFiles/pratica04.dir/home/david/Documentos/RTOS/pico/pico-sdk/src/rp2_common/hardware_flash/flash.c.o
                0x00000000200002b0                flash_do_cmd
 .time_critical.reset_non_control_endpoints